ðŸŒŸ This was machine generated.  Do not edit. ðŸŒŸ

Frame[0] {
    "custom": {}
}
Name: 
Dimensions: 6 Fields by 154 Rows
+-----------------+------------------------------------------------+------------------------------------------------+------------------+-------------------+-------------------------------+
| Name: alarmName | Name: alarmId                                  | Name: entityId                                 | Name: entityName | Name: alarmStatus | Name: Time                    |
| Labels:         | Labels:                                        | Labels:                                        | Labels:          | Labels:           | Labels:                       |
| Type: []*string | Type: []*string                                | Type: []*string                                | Type: []*string  | Type: []*string   | Type: []*time.Time            |
+-----------------+------------------------------------------------+------------------------------------------------+------------------+-------------------+-------------------------------+
| AlarmComponent  | Mixer_10_54205d7c-1407-4f17-8b38-188e437e8d9d  | Mixer_10_9ee8913d-1fef-4453-beee-fbfc147fc03c  | Mixer_10         | ACTIVE            | 2022-02-07 19:39:20 +0000 UTC |
| AlarmComponent  | Mixer_0_237685e2-3f33-42f9-8cff-5f761c94aa73   | Mixer_0_cd81d9fd-3f74-437a-802b-9747ff240837   | Mixer_0          | ACTIVE            | 2022-02-07 19:39:20 +0000 UTC |
| AlarmComponent  | Mixer_4_137a2b35-33ff-4590-aa98-3299aab56203   | Mixer_4_784b3c3e-5779-4ca1-ad0b-036b18dd1fcc   | Mixer_4          | ACTIVE            | 2022-02-07 19:39:20 +0000 UTC |
| AlarmComponent  | WaterTank_ce63b782-c855-4cff-8d1c-6e542e0a3cbf | WaterTank_ab5e8bc0-5c8f-44d8-b0a9-bef9c8d2cfab | WaterTank        | ACTIVE            | 2022-02-07 19:49:50 +0000 UTC |
| AlarmComponent  | Mixer_408_2fde123f-a9ae-49f6-81e7-788bf04ed1e1 | Mixer_408_ad94fa93-dcd0-4f02-aba0-5cb457ecbf2f | Mixer_408        | ACTIVE            | 2022-02-07 19:39:58 +0000 UTC |
| AlarmComponent  | Mixer_115_dcb43c36-bcb6-43e9-bbdd-daa390145459 | Mixer_115_5c680db0-a547-4653-9617-c40a76f240bc | Mixer_115        | ACTIVE            | 2022-02-07 19:40:12 +0000 UTC |
| AlarmComponent  | Mixer_441_19c7e5fc-c997-4081-8882-99a5468cd3e8 | Mixer_441_a953d944-c58a-4fa1-b1be-cc967357a77e | Mixer_441        | ACTIVE            | 2022-02-07 19:40:19 +0000 UTC |
| AlarmComponent  | Mixer_333_c5498e38-ca1e-4253-91cd-0711589d1adc | Mixer_333_4f86b3d4-fa46-4c35-adb2-41f9ac730677 | Mixer_333        | ACTIVE            | 2022-02-07 19:40:30 +0000 UTC |
| AlarmComponent  | Mixer_792_bf16542d-3a7a-4558-9f47-e1a8a93d8ed4 | Mixer_792_6c06ad24-1403-4afd-8021-7e4ed6bbdc98 | Mixer_792        | ACTIVE            | 2022-02-07 19:40:39 +0000 UTC |
| ...             | ...                                            | ...                                            | ...              | ...               | ...                           |
+-----------------+------------------------------------------------+------------------------------------------------+------------------+-------------------+-------------------------------+


====== TEST DATA RESPONSE (arrow base64) ======
FRAME=QVJST1cxAAD/////mAQAABAAAAAAAAoADgAMAAsABAAKAAAAFAAAAAAAAAEEAAoADAAAAAgABAAKAAAACAAAAIAAAAADAAAATAAAACgAAAAEAAAA+Pv//wgAAAAMAAAAAAAAAAAAAAAFAAAAcmVmSWQAAAAY/P//CAAAAAwAAAAAAAAAAAAAAAQAAABuYW1lAAAAADj8//8IAAAAGAAAAA0AAAB7ImN1c3RvbSI6e319AAAABAAAAG1ldGEAAAAABgAAAHgDAAAIAwAApAIAAEACAABsAAAABAAAALL8//8UAAAAPAAAAEQAAAAAAAoBRAAAAAEAAAAEAAAAoPz//wgAAAAQAAAABAAAAFRpbWUAAAAABAAAAG5hbWUAAAAAAAAAAAAABgAIAAYABgAAAAAAAwAEAAAAVGltZQAAAAAW/f//FAAAALABAACwAQAAAAAFAawBAAACAAAAMAAAAAQAAAAI/f//CAAAABQAAAALAAAAYWxhcm1TdGF0dXMABAAAAG5hbWUAAAAAMP3//wgAAABYAQAATgEAAHsiZGlzcGxheU5hbWUiOiJTdGF0dXMiLCJtYXBwaW5ncyI6W3sidHlwZSI6InZhbHVlIiwib3B0aW9ucyI6eyJBQ0tOT1dMRURHRUQiOnsidGV4dCI6IkFDS05PV0xFREdFRCIsImNvbG9yIjoiYmx1ZSIsImluZGV4IjozfSwiQUNUSVZFIjp7InRleHQiOiJBQ1RJVkUiLCJjb2xvciI6InJlZCIsImluZGV4IjoxfSwiTk9STUFMIjp7InRleHQiOiJOT1JNQUwiLCJjb2xvciI6ImdyZWVuIn0sIlNOT09aRV9ESVNBQkxFRCI6eyJ0ZXh0IjoiU05PT1pFX0RJU0FCTEVEIiwiY29sb3IiOiJvcmFuZ2UiLCJpbmRleCI6Mn19fV0sImN1c3RvbSI6eyJkaXNwbGF5TW9kZSI6ImNvbG9yLXRleHQifX0AAAYAAABjb25maWcAAAAAAABs/v//CwAAAGFsYXJtU3RhdHVzAOb+//8UAAAAQAAAAEAAAAAAAAUBPAAAAAEAAAAEAAAA1P7//wgAAAAUAAAACgAAAGVudGl0eU5hbWUAAAQAAABuYW1lAAAAAAAAAADM/v//CgAAAGVudGl0eU5hbWUAAEb///8UAAAAQAAAAEAAAAAAAAUBPAAAAAEAAAAEAAAANP///wgAAAAUAAAACAAAAGVudGl0eUlkAAAAAAQAAABuYW1lAAAAAAAAAAAs////CAAAAGVudGl0eUlkAAAAAKb///8UAAAAPAAAADwAAAAAAAUBOAAAAAEAAAAEAAAAlP///wgAAAAQAAAABwAAAGFsYXJtSWQABAAAAG5hbWUAAAAAAAAAAIj///8HAAAAYWxhcm1JZAAAABIAGAAUABMAEgAMAAAACAAEABIAAAAUAAAASAAAAEwAAAAAAAUBSAAAAAEAAAAMAAAACAAMAAgABAAIAAAACAAAABQAAAAJAAAAYWxhcm1OYW1lAAAABAAAAG5hbWUAAAAAAAAAAAQABAAEAAAACQAAAGFsYXJtTmFtZQAAAP/////IAQAAFAAAAAAAAAAMABYAFAATAAwABAAMAAAAsFkAAAAAAAAUAAAAAAAAAwQACgAYAAwACAAEAAoAAAAUAAAAKAEAAJoAAAAAAAAAAAAAABEAAAAAAAAAAAAAAAAAAAAAAAAAAAAAAAAAAABsAgAAAAAAAHACAAAAAAAAbAgAAAAAAADgCgAAAAAAAAAAAAAAAAAA4AoAAAAAAABsAgAAAAAAAFANAAAAAAAAoBsAAAAAAADwKAAAAAAAAAAAAAAAAAAA8CgAAAAAAABsAgAAAAAAAGArAAAAAAAAoBsAAAAAAAAARwAAAAAAAAAAAAAAAAAAAEcAAAAAAABsAgAAAAAAAHBJAAAAAAAAXgUAAAAAAADQTgAAAAAAAAAAAAAAAAAA0E4AAAAAAABsAgAAAAAAAEBRAAAAAAAAnAMAAAAAAADgVAAAAAAAAAAAAAAAAAAA4FQAAAAAAADQBAAAAAAAAAAAAAAGAAAAmgAAAAAAAAAAAAAAAAAAAJoAAAAAAAAAAAAAAAAAAACaAAAAAAAAAAAAAAAAAAAAmgAAAAAAAAAAAAAAAAAAAJoAAAAAAAAAAAAAAAAAAACaAAAAAAAAAAAAAAAAAAAAAAAAAA4AAAAcAAAAKgAAADgAAABGAAAAVAAAAGIAAABwAAAAfgAAAIwAAACaAAAAqAAAALYAAADEAAAA0gAAAOAAAADuAAAA/AAAAAoBAAAYAQAAJgEAADQBAABCAQAAUAEAAF4BAABsAQAAegEAAIgBAACWAQAApAEAALIBAADAAQAAzgEAANwBAADqAQAA+AEAAAYCAAAUAgAAIgIAADACAAA+AgAATAIAAFoCAABoAgAAdgIAAIQCAACSAgAAoAIAAK4CAAC8AgAAygIAANgCAADmAgAA9AIAAAIDAAAQAwAAHgMAACwDAAA6AwAASAMAAFYDAABkAwAAcgMAAIADAACOAwAAnAMAAKoDAAC4AwAAxgMAANQDAADiAwAA8AMAAP4DAAAMBAAAGgQAACgEAAA2BAAARAQAAFIEAABgBAAAbgQAAHwEAACKBAAAmAQAAKYEAAC0BAAAwgQAANAEAADeBAAA7AQAAPoEAAAIBQAAFgUAACQFAAAyBQAAQAUAAE4FAABcBQAAagUAAHgFAACGBQAAlAUAAKIFAACwBQAAvgUAAMwFAADaBQAA6AUAAPYFAAAEBgAAEgYAACAGAAAuBgAAPAYAAEoGAABYBgAAZgYAAHQGAACCBgAAkAYAAJ4GAACsBgAAugYAAMgGAADWBgAA5AYAAPIGAAAABwAADgcAABwHAAAqBwAAOAcAAEYHAABUBwAAYgcAAHAHAAB+BwAAjAcAAJoHAACoBwAAtgcAAMQHAADSBwAA4AcAAO4HAAD8BwAACggAABgIAAAmCAAANAgAAEIIAABQCAAAXggAAGwIAAAAAAAAQWxhcm1Db21wb25lbnRBbGFybUNvbXBvbmVudEFsYXJtQ29tcG9uZW50QWxhcm1Db21wb25lbnRBbGFybUNvbXBvbmVudEFsYXJtQ29tcG9uZW50QWxhcm1Db21wb25lbnRBbGFybUNvbXBvbmVudEFsYXJtQ29tcG9uZW50QWxhcm1Db21wb25lbnRBbGFybUNvbXBvbmVudEFsYXJtQ29tcG9uZW50QWxhcm1Db21wb25lbnRBbGFybUNvbXBvbmVudEFsYXJtQ29tcG9uZW50QWxhcm1Db21wb25lbnRBbGFybUNvbXBvbmVudEFsYXJtQ29tcG9uZW50QWxhcm1Db21wb25lbnRBbGFybUNvbXBvbmVudEFsYXJtQ29tcG9uZW50QWxhcm1Db21wb25lbnRBbGFybUNvbXBvbmVudEFsYXJtQ29tcG9uZW50QWxhcm1Db21wb25lbnRBbGFybUNvbXBvbmVudEFsYXJtQ29tcG9uZW50QWxhcm1Db21wb25lbnRBbGFybUNvbXBvbmVudEFsYXJtQ29tcG9uZW50QWxhcm1Db21wb25lbnRBbGFybUNvbXBvbmVudEFsYXJtQ29tcG9uZW50QWxhcm1Db21wb25lbnRBbGFybUNvbXBvbmVudEFsYXJtQ29tcG9uZW50QWxhcm1Db21wb25lbnRBbGFybUNvbXBvbmVudEFsYXJtQ29tcG9uZW50QWxhcm1Db21wb25lbnRBbGFybUNvbXBvbmVudEFsYXJtQ29tcG9uZW50QWxhcm1Db21wb25lbnRBbGFybUNvbXBvbmVudEFsYXJtQ29tcG9uZW50QWxhcm1Db21wb25lbnRBbGFybUNvbXBvbmVudEFsYXJtQ29tcG9uZW50QWxhcm1Db21wb25lbnRBbGFybUNvbXBvbmVudEFsYXJtQ29tcG9uZW50QWxhcm1Db21wb25lbnRBbGFybUNvbXBvbmVudEFsYXJtQ29tcG9uZW50QWxhcm1Db21wb25lbnRBbGFybUNvbXBvbmVudEFsYXJtQ29tcG9uZW50QWxhcm1Db21wb25lbnRBbGFybUNvbXBvbmVudEFsYXJtQ29tcG9uZW50QWxhcm1Db21wb25lbnRBbGFybUNvbXBvbmVudEFsYXJtQ29tcG9uZW50QWxhcm1Db21wb25lbnRBbGFybUNvbXBvbmVudEFsYXJtQ29tcG9uZW50QWxhcm1Db21wb25lbnRBbGFybUNvbXBvbmVudEFsYXJtQ29tcG9uZW50QWxhcm1Db21wb25lbnRBbGFybUNvbXBvbmVudEFsYXJtQ29tcG9uZW50QWxhcm1Db21wb25lbnRBbGFybUNvbXBvbmVudEFsYXJtQ29tcG9uZW50QWxhcm1Db21wb25lbnRBbGFybUNvbXBvbmVudEFsYXJtQ29tcG9uZW50QWxhcm1Db21wb25lbnRBbGFybUNvbXBvbmVudEFsYXJtQ29tcG9uZW50QWxhcm1Db21wb25lbnRBbGFybUNvbXBvbmVudEFsYXJtQ29tcG9uZW50QWxhcm1Db21wb25lbnRBbGFybUNvbXBvbmVudEFsYXJtQ29tcG9uZW50QWxhcm1Db21wb25lbnRBbGFybUNvbXBvbmVudEFsYXJtQ29tcG9uZW50QWxhcm1Db21wb25lbnRBbGFybUNvbXBvbmVudEFsYXJtQ29tcG9uZW50QWxhcm1Db21wb25lbnRBbGFybUNvbXBvbmVudEFsYXJtQ29tcG9uZW50QWxhcm1Db21wb25lbnRBbGFybUNvbXBvbmVudEFsYXJtQ29tcG9uZW50QWxhcm1Db21wb25lbnRBbGFybUNvbXBvbmVudEFsYXJtQ29tcG9uZW50QWxhcm1Db21wb25lbnRBbGFybUNvbXBvbmVudEFsYXJtQ29tcG9uZW50QWxhcm1Db21wb25lbnRBbGFybUNvbXBvbmVudEFsYXJtQ29tcG9uZW50QWxhcm1Db21wb25lbnRBbGFybUNvbXBvbmVudEFsYXJtQ29tcG9uZW50QWxhcm1Db21wb25lbnRBbGFybUNvbXBvbmVudEFsYXJtQ29tcG9uZW50QWxhcm1Db21wb25lbnRBbGFybUNvbXBvbmVudEFsYXJtQ29tcG9uZW50QWxhcm1Db21wb25lbnRBbGFybUNvbXBvbmVudEFsYXJtQ29tcG9uZW50QWxhcm1Db21wb25lbnRBbGFybUNvbXBvbmVudEFsYXJtQ29tcG9uZW50QWxhcm1Db21wb25lbnRBbGFybUNvbXBvbmVudEFsYXJtQ29tcG9uZW50QWxhcm1Db21wb25lbnRBbGFybUNvbXBvbmVudEFsYXJtQ29tcG9uZW50QWxhcm1Db21wb25lbnRBbGFybUNvbXBvbmVudEFsYXJtQ29tcG9uZW50QWxhcm1Db21wb25lbnRBbGFybUNvbXBvbmVudEFsYXJtQ29tcG9uZW50QWxhcm1Db21wb25lbnRBbGFybUNvbXBvbmVudEFsYXJtQ29tcG9uZW50QWxhcm1Db21wb25lbnRBbGFybUNvbXBvbmVudEFsYXJtQ29tcG9uZW50QWxhcm1Db21wb25lbnRBbGFybUNvbXBvbmVudEFsYXJtQ29tcG9uZW50QWxhcm1Db21wb25lbnRBbGFybUNvbXBvbmVudEFsYXJtQ29tcG9uZW50QWxhcm1Db21wb25lbnRBbGFybUNvbXBvbmVudEFsYXJtQ29tcG9uZW50QWxhcm1Db21wb25lbnRBbGFybUNvbXBvbmVudEFsYXJtQ29tcG9uZW50QWxhcm1Db21wb25lbnQAAAAAAAAAAC0AAABZAAAAhQAAALMAAADhAAAADwEAAD0BAABrAQAAmQEAAMYBAAD0AQAAIgIAAFACAAB+AgAArAIAANoCAAAIAwAANgMAAGQDAACSAwAAwAMAAO4DAAAcBAAASQQAAHcEAAClBAAA0wQAAAEFAAAvBQAAXQUAAIsFAAC5BQAA5wUAABUGAABDBgAAcAYAAJ4GAADMBgAA+gYAACgHAABWBwAAhAcAALIHAADgBwAADggAADwIAABqCAAAlwgAAMQIAADyCAAAIAkAAE4JAAB8CQAAqgkAANgJAAAGCgAANAoAAGIKAACQCgAAvgoAAOwKAAAaCwAASAsAAHYLAACjCwAA0QsAAP8LAAAtDAAAWwwAAIkMAAC3DAAA5QwAABMNAABBDQAAbw0AAJ0NAADLDQAA+Q0AACcOAABVDgAAgw4AALEOAADfDgAADQ8AADsPAABpDwAAlw8AAMUPAADzDwAAIRAAAE8QAAB9EAAAqxAAANkQAAAHEQAANREAAGMRAACREQAAvxEAAO0RAAAaEgAASBIAAHYSAACkEgAA0hIAAAATAAAuEwAAXBMAAIoTAAC4EwAA5hMAABQUAABCFAAAcBQAAJ4UAADMFAAA+hQAACgVAABWFQAAhBUAALIVAADgFQAADhYAADwWAABqFgAAmBYAAMYWAAD0FgAAIhcAAFAXAAB+FwAArBcAANoXAAAIGAAANhgAAGQYAACSGAAAwBgAAO4YAAAcGQAAShkAAHgZAACmGQAA1BkAAAIaAAAwGgAAXhoAAIwaAAC6GgAA6BoAABYbAABEGwAAchsAAKAbAAAAAAAATWl4ZXJfMTBfNTQyMDVkN2MtMTQwNy00ZjE3LThiMzgtMTg4ZTQzN2U4ZDlkTWl4ZXJfMF8yMzc2ODVlMi0zZjMzLTQyZjktOGNmZi01Zjc2MWM5NGFhNzNNaXhlcl80XzEzN2EyYjM1LTMzZmYtNDU5MC1hYTk4LTMyOTlhYWI1NjIwM1dhdGVyVGFua19jZTYzYjc4Mi1jODU1LTRjZmYtOGQxYy02ZTU0MmUwYTNjYmZNaXhlcl80MDhfMmZkZTEyM2YtYTlhZS00OWY2LTgxZTctNzg4YmYwNGVkMWUxTWl4ZXJfMTE1X2RjYjQzYzM2LWJjYjYtNDNlOS1iYmRkLWRhYTM5MDE0NTQ1OU1peGVyXzQ0MV8xOWM3ZTVmYy1jOTk3LTQwODEtODg4Mi05OWE1NDY4Y2QzZThNaXhlcl8zMzNfYzU0OThlMzgtY2ExZS00MjUzLTkxY2QtMDcxMTU4OWQxYWRjTWl4ZXJfNzkyX2JmMTY1NDJkLTNhN2EtNDU1OC05ZjQ3LWUxYThhOTNkOGVkNE1peGVyXzQzX2ZmODhiYjNkLWUyNWMtNDY3ZS1iOTE1LWU5MGI5N2M5MTUzME1peGVyXzE3MV9iYjg4MzQzYy05ZTVhLTQxMjUtYjRhZC04YmEwNWE0YjhjM2VNaXhlcl8yOTNfNTg0YTcyYTMtYjg5MS00M2M1LTk3NTMtNzYyZDUwMjZiMGIwTWl4ZXJfODMwXzlmNzdlYmFlLTY4ZTQtNDI1Yi1iNTIzLTBjZDlmYTNhMGVjNk1peGVyXzg4NV8yOTUyYTNhZS05N2JhLTRhODctYWM0Yy0zNDc4YmI5NzQ1M2JNaXhlcl84MzhfOGQxZmIwNGQtYTllMi00MWIyLTlmZTktZDMwYTcwNDM2ZDk5TWl4ZXJfMzc1X2MyNTdlNDg3LTljZDMtNDdmNC1iYjI1LTVlMGE1NGRlZTI5YU1peGVyXzIwMV81MzQ2NzZiNy1lYmE3LTQyOTItOGI3Yy1jYWY3YjFlOWEzYTJNaXhlcl81OTlfZDgyOGQ3YWYtMGZmMi00ZmFiLTgxNjQtZGZkMmFjMWUzNTc4TWl4ZXJfMjIzX2RhOGQ3YTgzLTJmZWUtNDk2YS05ZjViLTJiNTIwMDE4YzNjNE1peGVyXzM2NF9lMWZjOGVhYi00MjE4LTQyZTMtODMzMS04ODRhNDg0OTcwYzZNaXhlcl85OTVfNmQ0Y2IwZDQtZWFjYi00NmU2LWIwMTQtYjMxN2ZmMjE5MmQxTWl4ZXJfMzg2XzhhZDc2OWZlLTAwZWYtNDk4Zi1iMTc4LTUyYjY2MWFiZmVlYU1peGVyXzc2MV8yZmZjYjc1MC0wYTdmLTRhMTAtYjUxYy1iYWYzYTgwNTdlNzNNaXhlcl8zNF85NTNiYjk1NS0wMmEyLTRlZmItYWI4Ni04Zjc5MTM0OTEyMjVNaXhlcl8xODRfOTJiMjliODYtOWQ0Yi00MmNkLWE3MTMtNjY1NjRkOTQ4ZDdmTWl4ZXJfNzU1XzIyZDUxZDQ1LTQzOTAtNGY5Zi04OGFhLWIxZDZmNGQyYmJmM01peGVyXzQ5Ml9kNTg5ZTdjNi0xOWM2LTQyYjctYWQ3OS1iYTlmZmUyNmRkYzdNaXhlcl80NzhfYmUzMjlmOGMtOGM4OC00ZjY5LWI3ZTQtYmE2NWFkMjlkNDc0TWl4ZXJfNjI1XzVlMzkwODhkLWFiZGItNDAxNy04Y2M4LTZlYzNjMmI0ZTdlY01peGVyXzQwM184OTc2MDA4MC1hZjM4LTQ5YzQtYjcyMS1kMGI2MWEwZmY3ZDBNaXhlcl82MjFfYWE1MmVhODktNTMyNC00MzIyLTkwNzEtYjlkOTNiNzRkNzc4TWl4ZXJfNzE1XzI3YWRkZTA4LTgwMjEtNDE5Yi04YWEzLTE3YWQ0MGEwN2FjNU1peGVyXzM5OF81NmUzMTYzMi1iYjI4LTQ3ZjEtYjI0ZS00NTBlZjcxNGM3NjVNaXhlcl85OTlfMmI0OWJjMDQtY2UzMS00NDQ0LTgzZjgtYmVkNTliM2ZlODRhTWl4ZXJfNTMzXzhlMjc0NzIzLTFiYjMtNDFjMy1iYWFlLWQ0Njk5YzY4ODZjZk1peGVyXzc1XzUyOGM5NTNhLTlmNzktNDllMy04NWQzLWVlZDNmNjBkZWFhM01peGVyXzgwMl9mZGQyNzllMC1jZjg5LTRkNzctOGJhOC05MzY4MGJhYTViZWVNaXhlcl8xNTRfMjMxYjQ2ZWYtNTEyNC00OGUyLTk1MmEtOWE3NTQzNzM2NjZlTWl4ZXJfOTQ4X2FkYWYxZWQwLTAxNWItNDQyMy04ZTY3LWZhMjg4NWJkMDRhZE1peGVyXzU5OF9hMmMwM2Y5NC0wY2VkLTRmOGItODA4Zi1iYzY4NmJlODc5YWNNaXhlcl82NjZfNzAwZDdjODktOTFhNy00MzkzLTg1NDYtYmEwYTIwMzk0OTRkTWl4ZXJfMTgyXzBiNDE0Y2Q5LTIyNGYtNGNhYi1hYTZkLWFhNDU2Njg5MzllMk1peGVyXzY5MF9kZmU2NzA1NC1mODcyLTQ4Y2QtODMxNC00Mzg4NzM4OWU5OTVNaXhlcl80ODdfYmNkMGEyYzMtNzg4ZC00YmVjLTliZjYtODVlMDJiNTY2ODljTWl4ZXJfMTQ3XzgyZTU2NjA0LWNmYmEtNGIwZC05OWY2LTY0MGU4NDU5NmMzZk1peGVyXzE3MF82YTgyMjk2MS03ZTdiLTQ4OTctYmU2OC0yNDk1YTZhY2FiMzBNaXhlcl85MzBfNjk1ZTg5YzItZGI2My00ZjQ4LTliYzktMTc5MmViYmYzZDU3TWl4ZXJfODJfODE5NDcwNDEtMDE1ZC00MzE4LWFlZmYtMmVhMjc0OTM4NWI0TWl4ZXJfOTRfOGFjZTU5NDItMGI1Yy00NTg1LTk5YWEtYTFkMzk0ODdhMmZlTWl4ZXJfMzgxX2Q0YTQ1MzBkLTM4NDItNDk1MS1hY2ZiLWUxODIwNTEwNzIxOU1peGVyXzQ5N181NmQ1MmYxZi1kY2EzLTQyYTMtOTg3ZS0zZDQ0MjI0NTcwNjNNaXhlcl81OTFfZTk1M2NlYmEtOWNlOC00NWYxLTkzY2ItYmRmMThhMzg2MzJiV2F0ZXJUYW5rX2NlNjNiNzgyLWM4NTUtNGNmZi04ZDFjLTZlNTQyZTBhM2NiZk1peGVyXzEzM184NzA3ODQ2OS01NmU4LTRhMmEtOWYwNy1jY2I1OTFjZDI0YTNNaXhlcl85MTFfMTA5NjRjN2UtZmFlYi00MmY1LTg0NGEtM2NmNmQxYWVjMjNjTWl4ZXJfMzIzX2U0NGQ3ZWY2LWU2YmQtNGEzYy1iYmE0LTNiMmNlNjdiNzJlM01peGVyXzg3Ml8yM2QxZjhiMi0xOGZiLTRhNTQtOGJlMC0zYzRjNzU0Mjg1ODBNaXhlcl83MTdfMWVlZWEyZDUtNWEzOS00Yzg5LTliZTMtZjZlYWY2MmZmZTViTWl4ZXJfOTYzX2QxZDI1NGEyLTQwNjgtNDgzNi05MDg2LWEyZjFlMzgzYjc2NE1peGVyXzQyMV8xZmMxMzdjNy1iN2Q2LTQ5NWMtOTk4NS04MmJmNjk5Y2ZjMDBNaXhlcl82MzJfM2ZlMTc2OGQtZmM5MS00ZjFjLTk1ZmEtZDBmZjNhNDY4YmRkTWl4ZXJfNDc3X2U0YmJmZDM3LTliYWQtNDJlZC1iYTBiLTg3ZDc4ZjUzOGZkMU1peGVyXzIxMV80ZjMzZGYyNC02OWUzLTRiMjctYWI5ZS0xODgzZDQyMGFmYjBNaXhlcl81NDlfZDliNDJhNjYtMGU0ZC00ODE2LTllODUtY2ZmNzc4NjU4NDEzTWl4ZXJfMzlfNjY1YmQxZGYtNGMwNi00OGM4LWFkYjgtMGM4ZmFjYjE2ZDQwTWl4ZXJfMTY4Xzk3NGRjYTc1LTYxZGUtNDE2ZC04MmY0LWU2MDg4YTEwZDYxY01peGVyXzUzMF8zMWVkZmVlZC1iZjAyLTRlMTMtOWI5OS04YjY5ZDE2ZmM4OTdNaXhlcl85MDBfMjZhZWVjZGYtNzQ2ZC00NjNiLTkwYjAtZmJhNWM4NTRjOThmTWl4ZXJfMzI5X2UyNjM1NDJhLTU5N2MtNGI3MS05NWQ0LWZkNTZiZTg2ZjdjN01peGVyXzYzMV8xZDM0ZWNjYy03MWYxLTRkZmEtOTJlOC0yMzk4MDNjYjQ1Y2ZNaXhlcl84MjNfMDcyYjA5MTYtZjZkZi00NjlmLTliMmEtZTllMGY4YzVjNzc5TWl4ZXJfNzk3X2I4NmYxNzNiLWVkMzUtNDM0OS1hNmFhLWI2OWZhYjU5YTkwYU1peGVyXzU5NV81MjYxMGM1Zi1lMTc4LTQyM2UtOTNiNi1lMGUyZmIwNGZmNTFNaXhlcl83NTRfMzU3NWRlNjgtMGU0My00ZGMzLWI4NDgtZDRiYzc0OGU3MDE4TWl4ZXJfODc3X2EyNTUwYzA0LTYxMmUtNDM0ZC04MDJlLWYwNzIxMDVlMWE5OE1peGVyXzg2Nl84MTlhYjQ0OS1lM2E1LTRiZWYtOGJiYi00Zjc4ZGE1YTFiYmRNaXhlcl84OTdfMjk2NjU0M2EtZmMwNi00OWQzLWE3MTktZjAyZDYwYjdhMDM5TWl4ZXJfODU5XzQ2MDllY2E5LWE5NjUtNGU3Yi05ODlmLTA0MzM0MDE5MDJhOU1peGVyXzYxMV85NDExNGNkMi0zNGM2LTRjMWQtOTJmMS0xYjAwZWU2MTM2NjBNaXhlcl83MDJfY2I4YTM2NDMtNDMzZi00MjMxLWFjMDYtNDM0MTQzNDEyNWJjTWl4ZXJfMzkyXzg5Y2UwZjU3LTJlNWYtNDdjNC04YWM0LTJiNjA4MGY5ZDA4ME1peGVyXzc2N181NjE0ZTcxYS05NTU4LTQ1NWItOTBkMi1lZjE2ZDE0NDZlYzNNaXhlcl82NTBfZmJjMGY5ZTgtYmQ4NC00NzMxLTk0MjUtNWY0YjE0NmU0OWFmTWl4ZXJfNzUyXzI4MmNiOWEyLTEzOWQtNGRjMC05NmQ1LWJmZjEyODJhZDA0Yk1peGVyXzI0NF9hNzQxNzkwZi00MDlkLTRjYTgtYmI5Ni1lMDcwNTFhYTE4OWFNaXhlcl8yMTBfN2YwOTIwNjEtY2NjMC00NDBmLThhYWEtY2RiYTFmYjg5NGY1TWl4ZXJfMzUwX2IwZGVkM2FiLTBkZDYtNDFlMi1hOTg4LTdiOWFlYzczMTI5Nk1peGVyXzkzMl9lM2FjZmYwZS0zODg4LTQ0OTYtYTM4NS01NjIwZTkyNDUzMWRNaXhlcl8zNjVfYTRlYmUxMDEtNGE1NC00MTZmLTlhYzUtZWMyYTc2NTFmZjI2TWl4ZXJfNzIxXzczNDE0NWJmLTM1NDYtNDBjYi1hYTAwLTBlNDQ3Mjc0ZjM3Yk1peGVyXzYzM180ZWU4MGY2Mi01NWU4LTQ1YjctOTBmYi0xYTBhMDJlYjdjNzBNaXhlcl83NTZfNTkzZTIxMjItODFlMC00ZDQwLWJmNzktM2I3NTY3N2ZiOTc0TWl4ZXJfOTI4X2VhOTM0Yzc5LTVhZGItNDFkMy05M2Q4LThlNjA3Zjc0NzA4Nk1peGVyXzM1Nl83OGQ4ZTYyZC00MTk4LTRhN2MtODhhMS1hYmIyYTRiZGE5ODBNaXhlcl84OTZfZTc0NDgwOWUtNThmYy00ZjMzLTgwNmItZTQzZGZjZTgwM2U3TWl4ZXJfNzA4X2Q1YzgzNTlhLTlkZjMtNDU4My05MzVkLWZiMDRjYWNjZDAzME1peGVyXzE3OF83NDgyZjRiNS04MTQ4LTRjYjctOGJkNS1mNmQ5MDM1YWRkZTFNaXhlcl8zMDlfMDcxNTExYjctZWM0NC00ZDc5LWFlZjktYjkwMGU0Yjk3NTAyTWl4ZXJfNTAxX2EzM2U4ZjQyLThhN2EtNGZiMi1iNzkyLWIxMTkyOWQzY2EyOU1peGVyXzY2MF8xMmNiY2UzNC1iYmRlLTRlZjgtOWZmYS0zNzMxYTRlMGNiNThNaXhlcl85M18zN2U4OTc2NS03ZWRhLTRiMGYtOTAwMi03YTNjM2QxOTZlMWRNaXhlcl8yOTVfYjI2MWM5MDAtZGMxZi00MGVjLThiZTgtODc5NjA4YjA1MGY2TWl4ZXJfNzE2X2JiYzY0YzE3LTcwMjAtNGM4Yy04NGUzLWI2M2I2MDAyNzZhME1peGVyXzk4M19lNzBmZjMyZS1kYmFhLTQ0NzQtYjlhMS1iN2RkYzJjYmM3ODNNaXhlcl83NzFfNmVmYjYwNzEtNDg1Ni00MWRkLTg4YmEtOWUzNjRiYjYyMGViTWl4ZXJfNTg2XzlmYzE0MWM2LWRlNGMtNDQ2ZS1iZTEzLWFkMjUyNTc0ZDkxMk1peGVyXzU1N183NzY1NWM1Ni0yMmRmLTQ3M2MtYjViNy0zMWU1MDcyZTgzZGVNaXhlcl80NTlfNTE1Yjg2ZjktMDBkYi00MzFiLTk5MmMtYzk2Y2YxNzZhZTJjV2F0ZXJUYW5rX2NlNjNiNzgyLWM4NTUtNGNmZi04ZDFjLTZlNTQyZTBhM2NiZk1peGVyXzU2MF84ZmJiYzIzNC1iYjVhLTRjOTUtOTQ2Ni02MGZlODJlMTk4Y2JNaXhlcl8yOTZfYTc4MjE5NDUtYTI5NS00YWY1LThhOTQtZWIxZGQyNTUzYmVhTWl4ZXJfMzA4XzkwNzMxMjZmLTM0MTYtNDhiYy04OTRjLTFmYjEzYmY2Y2Y1OE1peGVyXzQ3M19kMTZjMzExMS03ODI2LTRjOTEtOTE1MS1hMzAxYzdlZWY2ZTRNaXhlcl8zMTRfMjhjMWIzNjctYzJkMy00ZjkzLTllNGYtOTE0NzQ0Y2ZiNjMwTWl4ZXJfMTk5X2UyOTYwYWNmLTVlYjQtNDFhZS1iY2M5LTIwNThlYjUzNTNjYU1peGVyXzg2NV80YmY0YTFhNy0wNGE3LTRkNjMtOTRlOC0yMzM4OGZhNzkyN2VNaXhlcl83MjBfMzMzMTUxZmQtNGEyYi00ZDY3LWJhYjQtYTFmZDUyZmI1NTczTWl4ZXJfNDQ1X2E0YmYyMDYxLWVkN2UtNDk3OC1hZTQwLWRlMzBkOWIzNzRjZU1peGVyXzY4NF9lNzJkYjk3NS1iMGI3LTQwNTQtODdlYy01ZTdkMTgzYjEwZDNNaXhlcl8xMDZfYmUyOWIyOWQtMDliZS00Zjg0LWJkNTktNWVkYmZhZDAyMTliTWl4ZXJfMjI0X2M5MDM2NjA0LWYwZTktNGMzOC1hZjNjLTljMzk4YmJlMTcwOU1peGVyXzY2MV9lNjFiNDZlMC1jOTJmLTRjMGItODg4ZC1jOWU3ZmMwZTk1MDBNaXhlcl8xNDRfMmI3YjdmNzgtM2EyMi00OTgxLThlMWEtMGJkNDY3YjNkZjEzTWl4ZXJfNTU1XzIxODczMGNhLWRjNGItNDI3My04MjBmLWMwNzJjMmZhOTRjME1peGVyXzgyN19iYmRlMWE5MC00NjJjLTRhZTUtYjIxZS00MzdiYmNkNjY0ZGRNaXhlcl81NzRfMjBmZjY4NjMtYTdmOC00YjZkLTlmOTQtMDdlZjc0ZDVkZmI0TWl4ZXJfNjc0XzFiYWZmNGRiLWVhMTEtNDhmYy04ZDZhLWFmYzk5MTg4ZWM3OE1peGVyXzIxOV83MjZhYmI4NS05MmFmLTQzMTAtYTFhNy00NGZhZjdiNjNiMjdNaXhlcl8xMzZfMGQyYzc0ZTAtYzcwNC00YjYwLTg2ZWUtYTI4MzRiZmM3OWU0TWl4ZXJfODYwX2ExMGViMDM2LWRhYzEtNDM2Mi04OGRlLWUzNGNjOTM2ZWQzM01peGVyXzI5MF9mMWE0NmZjNS00MGIxLTQ4YzAtYmIzOC0wNThjZDg2MDczZmNNaXhlcl8yMDZfYzExNjQzMzEtY2E0Zi00NzZkLWE1MWUtYjdjNTcyMWYwMWFiTWl4ZXJfMzg4XzQzOWQ5YTdmLTJlMjktNDBjMy1iMDhlLTdiZGQyZmZkYzA4MU1peGVyXzU2Ml8xYzA5YzM0Yy04MTM1LTRkMDEtYjQ2Zi05OGVmYmQ1Mzc1YzNNaXhlcl85NDlfYWUxMGQ5M2QtMTVjMC00YWUyLTkzNDEtNWQ4MjVlNzcyMThlTWl4ZXJfMzU5XzZmNmIzMTkxLWFjN2YtNGE3Mi1hMmI0LTk2MTRhNjU0MGVlNU1peGVyXzgzMV8xNTFlNmYxYi01N2YwLTQ5Y2ItODA2YS1hZmYxMmRiZjAyNzZNaXhlcl83NTlfNjIwMTc4ZDctMmI4NC00ZDgzLThkYTItYTkzZTUxYTQxY2VlTWl4ZXJfODg3XzFkZTc0MzA5LTRkNDMtNDE0ZC05YjdkLTcyMTI1MGJlYTQ1NE1peGVyXzU2M18zMDIzMzgzYS03NmNiLTRlYzUtYmI3ZS0zYmZjZTQ0MmFmNTRNaXhlcl81MjBfOTNhOTcwNDktYjU5Yy00NDRhLTg0NTItMTMzYTBmZjQwZWI0TWl4ZXJfNDg0X2Q4MzM5YWJkLWRhY2UtNDFlNC1iNGVmLWU1MmIwNTYyNmNhYk1peGVyXzQ3NV9mZTNkYjRjOS1lN2YwLTRkNzYtYTY0NC01N2ZlMzc3YmNmZjRNaXhlcl82NzJfNjRhNjY4ZTQtOGQzOC00NDQ2LTkzMjctMTEwYzYyN2IwNDM4TWl4ZXJfMjQyX2RlM2Y0YjE5LTY2MDUtNGQ0MC04NTBlLWRlZDAzMTk4MTBlZU1peGVyXzI1NV82MWU1Y2FhMC0xMzMyLTQ4YzUtODJkMi03ODhkOGY1ODBiYWVNaXhlcl8yMjlfZjljYjE0NGEtZTM1Mi00ZDc0LWE2ZWEtMjM0YjJhZDQxNDMwTWl4ZXJfNzg5X2RkN2E1MWJjLWZkNzgtNDQ3My05ZjBjLTA0MTVlNjI2NDE0MU1peGVyXzc2NF81NWQ1N2Q2Ny0wMzBkLTQwYzAtOTBiYy01MWM3OWQwYmZmMTRNaXhlcl81NDNfMWVlOTMxNjgtZGVjMS00NWJkLTkxOGItYjczM2FmNWE0MDM0TWl4ZXJfNjgzX2U3YWMwNTZiLTkzOGYtNDBiNC04ZmJkLWQ2ZTc2ZTM0YTJhOU1peGVyXzc4OF9kN2M0MTE2OC0yY2IxLTQwNTctODQ4Ni1kZWM5YWY3YTMwZmJNaXhlcl84ODRfMmMxMWFkMmMtMGFiMC00ZjMxLTkzODAtYzM2ZmI1YTUxZjA4TWl4ZXJfMzUxX2U1MmE4ZWE0LWQ1NDYtNDYyOS04OGI0LWJmM2I0ODI2ZTI2ZgAAAAAtAAAAWQAAAIUAAACzAAAA4QAAAA8BAAA9AQAAawEAAJkBAADGAQAA9AEAACICAABQAgAAfgIAAKwCAADaAgAACAMAADYDAABkAwAAkgMAAMADAADuAwAAHAQAAEkEAAB3BAAApQQAANMEAAABBQAALwUAAF0FAACLBQAAuQUAAOcFAAAVBgAAQwYAAHAGAACeBgAAzAYAAPoGAAAoBwAAVgcAAIQHAACyBwAA4AcAAA4IAAA8CAAAaggAAJcIAADECAAA8ggAACAJAABOCQAAfAkAAKoJAADYCQAABgoAADQKAABiCgAAkAoAAL4KAADsCgAAGgsAAEgLAAB2CwAAowsAANELAAD/CwAALQwAAFsMAACJDAAAtwwAAOUMAAATDQAAQQ0AAG8NAACdDQAAyw0AAPkNAAAnDgAAVQ4AAIMOAACxDgAA3w4AAA0PAAA7DwAAaQ8AAJcPAADFDwAA8w8AACEQAABPEAAAfRAAAKsQAADZEAAABxEAADURAABjEQAAkREAAL8RAADtEQAAGhIAAEgSAAB2EgAApBIAANISAAAAEwAALhMAAFwTAACKEwAAuBMAAOYTAAAUFAAAQhQAAHAUAACeFAAAzBQAAPoUAAAoFQAAVhUAAIQVAACyFQAA4BUAAA4WAAA8FgAAahYAAJgWAADGFgAA9BYAACIXAABQFwAAfhcAAKwXAADaFwAACBgAADYYAABkGAAAkhgAAMAYAADuGAAAHBkAAEoZAAB4GQAAphkAANQZAAACGgAAMBoAAF4aAACMGgAAuhoAAOgaAAAWGwAARBsAAHIbAACgGwAAAAAAAE1peGVyXzEwXzllZTg5MTNkLTFmZWYtNDQ1My1iZWVlLWZiZmMxNDdmYzAzY01peGVyXzBfY2Q4MWQ5ZmQtM2Y3NC00MzdhLTgwMmItOTc0N2ZmMjQwODM3TWl4ZXJfNF83ODRiM2MzZS01Nzc5LTRjYTEtYWQwYi0wMzZiMThkZDFmY2NXYXRlclRhbmtfYWI1ZThiYzAtNWM4Zi00NGQ4LWIwYTktYmVmOWM4ZDJjZmFiTWl4ZXJfNDA4X2FkOTRmYTkzLWRjZDAtNGYwMi1hYmEwLTVjYjQ1N2VjYmYyZk1peGVyXzExNV81YzY4MGRiMC1hNTQ3LTQ2NTMtOTYxNy1jNDBhNzZmMjQwYmNNaXhlcl80NDFfYTk1M2Q5NDQtYzU4YS00ZmExLWIxYmUtY2M5NjczNTdhNzdlTWl4ZXJfMzMzXzRmODZiM2Q0LWZhNDYtNGMzNS1hZGIyLTQxZjlhYzczMDY3N01peGVyXzc5Ml82YzA2YWQyNC0xNDAzLTRhZmQtODAyMS03ZTRlZDZiYmRjOThNaXhlcl80M185ZTdiY2ViYS0zMWU5LTQwMWEtYTcyZC01ZjM2MDE3ZmUxMmJNaXhlcl8xNzFfZjU0YWJjNDYtMzQwNi00NzMwLWE0ZTAtYjI2YjgxZTkxMGVmTWl4ZXJfMjkzXzM1YjdkY2JiLTY3YWEtNGJiYy04MjYzLTdiNTM0MDYwYjA5ZU1peGVyXzgzMF80ZGQ5NDFiOC05ZTc4LTQ0OWItYmFiZi1iMjdmYTUyOGQ1OTFNaXhlcl84ODVfMzNmYzNiNjEtMzA1ZS00NjY3LWE0YzgtN2VmZWE4YWZkM2Q1TWl4ZXJfODM4X2NjYjUxMzNkLTNhNGItNGQ2ZS1iOWVjLTFiZWMzYTM3M2IxOU1peGVyXzM3NV80YTIzNzNlMi02NjE5LTQ0NjctOTdhMS01ZGJkNDk3ODIxMTZNaXhlcl8yMDFfZjFjZGExNjQtODI5Yi00ZDVkLTk0ZWEtMWFiY2M3ZDI1NDc1TWl4ZXJfNTk5X2RjMzQ5NDU2LWM3ZmUtNGMyNy05YmQwLThjY2Q1MmMyNzJmZU1peGVyXzIyM184YmZkNTU5Ni03ZmE2LTQ4YTQtYmU5My05YjI1ODM0ODNmMDNNaXhlcl8zNjRfYmY1ZjRhMDctNTJhYS00ZmNhLWI1MzctMWZhZjFkYTM4ZWUzTWl4ZXJfOTk1X2U0YmNjMDkzLWVmYjEtNDY4MC05MTgwLWY3OTZkMjgyMjE1MU1peGVyXzM4Nl80NGU4MTcxNi03MzdjLTRmYTUtYjJkMC0xMDFmNGRkZWU3ODJNaXhlcl83NjFfMjQzNDU2YjQtM2YyYy00ODlhLTg1YjktZGM3OGZmM2NlYzU2TWl4ZXJfMzRfNjkzOTg4YzctYThkZS00NzM2LTkwYzItM2YzMjIxYWEzN2E4TWl4ZXJfMTg0XzlkNGQ1MmVkLTE5YWMtNDNjNi1iNmIzLWQ3YzNlMGVjNWRjYU1peGVyXzc1NV8xZDhlOWVmMy0wNjQwLTQ0MWYtOTU5OS01OGQwODJjZmU1MmZNaXhlcl80OTJfZWI2YmNkM2EtMzIzNC00NDU4LWJmZmYtYzI0MWU0Yzk2Yjk4TWl4ZXJfNDc4XzU5OTRkNzg4LTFhNTgtNGU0Ny05YmE3LThkMDU5YTkyOWM0Y01peGVyXzYyNV9jYTQyMDJkNS01MDQ0LTQwYjktYTVjOC02NDhhN2I4YmU3ZDJNaXhlcl80MDNfNzczYjAxZTktOTEzMy00MGQ2LTgxZTItZDgwODMzNjQwY2UyTWl4ZXJfNjIxX2Q3ZWFlNzM5LTE2NzMtNDg1Mi1hYjI4LWE3NWJhZWM5NWYyYU1peGVyXzcxNV82NjUzNzVlNy0zZTVhLTRjYWEtOTA4Mi1kNTQ0NzFhNWUyZjhNaXhlcl8zOThfODg1OWUzMTgtOGVkYi00ZWJjLTkxNmQtMDU3OWVlMWY4OTA0TWl4ZXJfOTk5X2NhYzZiZDA2LWE2OGEtNGVlOC05MzNiLTEyOWE5MjMwM2EwOU1peGVyXzUzM18zMjg1N2YyMy0wYWYwLTRiZDEtYWE0Ni1lYmU3MTcwYTgyNmRNaXhlcl83NV85M2RlNTRiZS1kN2Y2LTQ4OGQtOTlhOC1kZWFlMDA4MDJjZjFNaXhlcl84MDJfNGI2NjJjYzAtODFjYS00MTA2LTgyNjItYjgyM2FlYzE0YmMxTWl4ZXJfMTU0XzAxZTMxNjU2LTQwZTktNDA3ZS1hY2IwLTVlMjU5ZWY1OGFhZE1peGVyXzk0OF9mYzJkZDBhMy02NGMxLTQ0NmYtOGY0Ny1lZDgxYjZmODc0MTFNaXhlcl81OThfODA1NDhmOWItZjBmYy00NzRiLTk5MDYtNDFhN2RiYjVlOGY0TWl4ZXJfNjY2X2M0YzFjODRhLWVmMjYtNDFlNS1hOWIzLTcxMjlmM2QxNzA3Zk1peGVyXzE4Ml80NTE2Yjk0MS1kMDgzLTRkYzQtYTBiOS02MjVkZWI0YTY2OWNNaXhlcl82OTBfZDc3OGJjMmMtYzgyOS00ZThiLTk5NTYtZmNlNzBjOTI2YTdkTWl4ZXJfNDg3X2FiOWU0YWU4LTFmNzYtNDE4Ni04NTVhLWZmZjg5NzgxNzk1N01peGVyXzE0N18zYTIyMzU0ZS05NDdlLTQ4NjUtYTIzMS0yYmYyZTc5YmNiODNNaXhlcl8xNzBfNzQxNmNkZjItMzBjMC00OGMzLWEyNjItMDA5NTNkYzdhMzViTWl4ZXJfOTMwXzYxZTk5ZDI1LTRhMmEtNDQyMS05MTE3LTU5MjcwYmExMzA3N01peGVyXzgyX2NjN2E5MGRjLTljZjgtNDMxYS1iNjJhLWY0MmMxYzQwMGYxZk1peGVyXzk0Xzg1MTk2NTQwLTFmMWMtNDNjYS05YmViLWVlZjUzOGRkYmUzYU1peGVyXzM4MV8zNWY1MTUzMC0zMjBlLTQ2ZWMtYTNlZi0wNGViODk1ZTU2MzhNaXhlcl80OTdfYzMxYWRlZmItOTdhYS00M2VjLWFkODgtYjJkYTVmYWMzOWU2TWl4ZXJfNTkxXzFiODY2Y2EyLTBkYjItNDk4OS05ODg0LWRhMzBmMTZiNDM2MldhdGVyVGFua19hYjVlOGJjMC01YzhmLTQ0ZDgtYjBhOS1iZWY5YzhkMmNmYWJNaXhlcl8xMzNfYjc3MzY5NTktYzEyZi00MTFkLWE2NzktY2ZmZmE0MmVmZTcyTWl4ZXJfOTExXzBlM2U5YmUwLTY3YmEtNDk1ZC05NDI0LTI5YWYwMzY3MDJhM01peGVyXzMyM184ZWUwMTI5Yy1iNWM5LTQ3OWItODBlZC01ZmRlOGUzNWVjMTZNaXhlcl84NzJfZWVjOGI1MDktNjczMC00NTM5LWIzZDAtMDk3ZThmYmI0YzdkTWl4ZXJfNzE3X2FhZDI4MmQwLTJjOTAtNGQzMy05MDE4LTgzYzViMmEwODAxZk1peGVyXzk2M18yYmNjNGY5OC01YWJmLTRjM2QtYWQzNi1lNjBjMTNiMDI0NzJNaXhlcl80MjFfMjM2OGE2YTEtNDZhOC00ZWQ0LWI2YmQtMjFmMzA4NjVkNGQyTWl4ZXJfNjMyXzFkMDllNDMxLWNmNjUtNDcwYy1iYzM2LTFlODRiODQ4OTNjN01peGVyXzQ3N184YzliMTMzYS03NWUyLTQzOWYtOTJhYi1jYTNlNmEyN2E2NTRNaXhlcl8yMTFfMWUzNDNiZmItOWZlNC00YjEyLTljNmQtODcxODJmNTkwZDA5TWl4ZXJfNTQ5XzgzN2Q2NmY4LWYyNWMtNGVmMi1hOGU1LTY1MTBhYjY0Y2M0Yk1peGVyXzM5X2ZjMWVhNzMyLTg2MjYtNGRmZi1hMTYwLTQ3NmQ4OGQ0YmVmNE1peGVyXzE2OF83YTEyYjBhNS0xOTI3LTQyZDUtYmY1OS1lZmZhOTA4ZmIyNWZNaXhlcl81MzBfNTNhZDljNjEtNTM4Yi00MDRkLThjZDktOWQxMDlhMmIwMDI3TWl4ZXJfOTAwX2JlNTdmZWQwLTBlYjQtNDYxYy1hOWI1LTFkNDM1MjdiYmQyYU1peGVyXzMyOV9iNjM3MzhjOS1mMDMxLTRlMjUtOTAwNS1kMDMwNGJmZTcxM2JNaXhlcl82MzFfN2FmYzAyODMtNWJiZS00ZWZjLWEwZmYtMGFlZDMxZDliOWNiTWl4ZXJfODIzX2UxZTdiZDk0LTUxOTEtNDJiYS1hMjA3LTZiZTQ1ZjBjZmRhYU1peGVyXzc5N19iNTkzZGZjMy1iZjRlLTQzYmItODJkMS04ZDA1Y2Y1MzhiY2JNaXhlcl81OTVfZmE2YmU1YjItNWJhMi00OTc2LTg0OWItOTgwZWI1M2FmN2Q3TWl4ZXJfNzU0X2I5MTViMWNhLTcwY2YtNGZjZS04OTNkLWE0ZmE1YzMyMjE4OE1peGVyXzg3N19hNjg5NjZjMy1hNDJjLTRkYTgtYWM4MS03YzY0OTVjODQwZmJNaXhlcl84NjZfMDc4MmQwZjctZTc2MC00MjY3LTkwNGQtYjk4ZDVhYTQ2NjczTWl4ZXJfODk3XzMwMmExOGZmLWZmOGYtNGI2My04NjNlLWMzYWYyODFjMzYwY01peGVyXzg1OV84ZTAwZTUxZC1hYTkyLTQwN2UtYmZjOS04Mjc3MzQwODU2MWFNaXhlcl82MTFfODViOGZkYWItYTA5Ny00M2ZiLWJiNWYtM2IzMzY3NDRmOWZkTWl4ZXJfNzAyX2Q2ZTYxM2NiLTg4YmUtNGQ1NS1hZjgxLTExN2NmM2UxZmQ2NU1peGVyXzM5Ml9hMjU5NmUwZC04MjBjLTRlMTEtODAzNi1kNzE1MDdmNDk0OWRNaXhlcl83NjdfMDc3M2FjZTUtYjc0Yi00YmNmLWJkMGYtYTQxMmI5NDcxYTEyTWl4ZXJfNjUwXzlkYjIzZjhmLTdkYTktNDhlNy1hNmRkLWEwYTgzYTU5OWZhME1peGVyXzc1Ml9jNzVjMzVmYy1lYTAxLTRiMjQtODEzMi1hMWEwM2JjY2ZhMWJNaXhlcl8yNDRfZmJhYjYxNTctYTFlYi00ZjFmLThlYzctYzRjYzZhNmU2MTg2TWl4ZXJfMjEwXzZhOWNmMTcwLTkzZmQtNDA1MS04NTY5LTg0ZTc4N2Q1MjdhY01peGVyXzM1MF9hZDk1ZDE2Mi04YjVjLTRjMTgtYWVhYS0wYTMxMjI4ZDY4ODZNaXhlcl85MzJfOWJiY2YyZWMtN2MwYS00ZjBiLWI1MDktMGFkNWI2Y2YzYTY1TWl4ZXJfMzY1X2MzZmJhNmFjLTIxNDItNDJjYi1hYThjLWY2YjZjOThhNWE4YU1peGVyXzcyMV81OGEzYmYzZi03MDAwLTRkMmUtOWQxNi0yNjA1OTU4Y2VhMGNNaXhlcl82MzNfNjg1Y2FkMGMtZDMzMC00ODMyLTg0MzAtZWUxZGNmNmZhNDhlTWl4ZXJfNzU2XzJiYmM5NGUwLTRiMmUtNDA2NC1iNGEwLWJiYTMwYTE0ZGE5Zk1peGVyXzkyOF9iNmQwYjk5MS04N2UwLTQ1OTMtYmI4Mi02ZjVlNzM1YjE4YjNNaXhlcl8zNTZfYmE1YzJhMWUtNjc2ZS00MGE4LTk4MjgtN2NlZjM2Mzk5MzIxTWl4ZXJfODk2XzhmYWIxMzM0LWNjMGQtNDcxMS05MTg4LTZkZDNjNDcxNTA5Zk1peGVyXzcwOF83YzZjMDk5ZC1jOTNjLTQ5MmMtYTE1MS04ZWZmN2JmMTA2MGRNaXhlcl8xNzhfN2I1M2ZlMzctYzZiOS00YWZlLWI4MjEtZjg4Y2M0MTFhZWJlTWl4ZXJfMzA5XzUyZDdhMjM3LTc5MTYtNGY4OC05OTY3LWQzMWQyN2QzMzAxZE1peGVyXzUwMV83NmQ2NTlkNi1kYTNmLTRiZDYtOWExNC1hNzVkZWNlZmI1ODhNaXhlcl82NjBfMjBlZTUzYjQtNzQ4OS00YzVkLTgyOWMtZDU0NDFiNTY2YmE2TWl4ZXJfOTNfM2IxZmQ0MjMtNjgwYi00ZDZiLWEzMDUtNzMyZGU3NTliNjlkTWl4ZXJfMjk1XzA3OGJhNTc5LWZlYTYtNDZhYy1hMGY5LWQ5ZTdkMzViZDc1Nk1peGVyXzcxNl8wYjJhZDllZS1hNzg4LTRlZjMtYWZlZC1lYjc0NDNlMDNiMDRNaXhlcl85ODNfNzE3ZGJjZTktMWExMi00NGI4LWFmOWEtNDZmMDJiNWQ1Zjk5TWl4ZXJfNzcxXzY1NzAxNzA5LWFkZjAtNDY4ZS1hZmZjLTU1M2QxMmNkNDA0NE1peGVyXzU4Nl85NmNkNDZkNC03MDc2LTQ4YmMtODRkMC1lMTJmY2U3N2JjODJNaXhlcl81NTdfNjkyNWI0Y2QtM2ZlZi00MmJjLTk5ZWMtODQxMWJiNDY2MTdiTWl4ZXJfNDU5XzA4YmQ5MTVmLTlkZTUtNDNkNi1hMjgyLTA5MWFkNjcyM2Y1OVdhdGVyVGFua19hYjVlOGJjMC01YzhmLTQ0ZDgtYjBhOS1iZWY5YzhkMmNmYWJNaXhlcl81NjBfNzMxZjdiMjgtMjEyOS00YzhlLTlhZjctODkxZDBjM2EyMjM1TWl4ZXJfMjk2XzhhZTEwYTNiLWRkYTEtNGZlZi1iZWU1LTdiOTBkMDBiZmQ1OE1peGVyXzMwOF8yOWI2NGQ0NS00Njg2LTQ0MTAtODZkNS00OGE2NTRmMWJmMzJNaXhlcl80NzNfMDhmMmExMmUtOGU0OC00Yzc3LWI5MWItZjZlMjJkNzQ0ODgyTWl4ZXJfMzE0XzhlY2RkYWNjLTk1YzQtNGY5NC04MTVkLWJmZDM3ODQwMWQ2M01peGVyXzE5OV83MjRiM2Q4My1mYWY5LTQwY2EtOTFkYy1hYjg1NzhhMjRkZjNNaXhlcl84NjVfYmY2NWI1ZjEtNGU3Mi00NDBhLTk0M2MtZWIwMzVhYmY2ZmEzTWl4ZXJfNzIwXzJmMzU1ZWU4LWVlNDgtNGMzMi05ODc2LTc2NDliOWMwYmE4NE1peGVyXzQ0NV83YTgzNTExNi0zYWI1LTQ5N2QtODdiZC0xMTIwZTdhNmZlNWVNaXhlcl82ODRfY2UzNmYxZWEtZjM0Yy00MmI3LWE2NTctZWY1ZTNhMjU4ZDk4TWl4ZXJfMTA2XzFkMzc3NDcwLTNmZTktNGQ0Ni04MTczLTNkZDE2MTJiODM4ZE1peGVyXzIyNF85ZGFiN2NjNS02YWUzLTQ2NGUtYTU3Ni0yODI4YmE2MDJmYjBNaXhlcl82NjFfNWFhODAzMWYtYThkZC00NjdmLWFlYmItYTBhYmMyNTk2MGY3TWl4ZXJfMTQ0Xzg5MzEwNTgzLWYxM2UtNGRmYi05M2YxLTZlODcwZDc2NDU2M01peGVyXzU1NV9lM2NlODAzYS1hM2NkLTQ2ZTctODQyZi00YWIyYmQwNjY1MDZNaXhlcl84MjdfMzJkOGVkZGItMTQ0Yy00ZWY0LWJkYWQtZGJmZTE0YzhmMDlkTWl4ZXJfNTc0XzkzZGU3MTFjLWVlNmYtNGE3MC1hYWJhLWRkYmE2OWQ5NjAzM01peGVyXzY3NF82MjE1NWIwYi00YWM4LTQyNGYtYWJhMy05MTYyZmRhNDRkZmRNaXhlcl8yMTlfZTM4NTRiYjYtNGU0Yy00ZGM3LTg1NjgtZDcyNzQ2NDc4OTg2TWl4ZXJfMTM2XzE0YzI4ZjZjLWM5ZmQtNDBiYi1hZWY2LWUyMzg3NDM4NTRlNU1peGVyXzg2MF82MzUzNDJmZC1lYjRmLTQ1YmYtYjUxZC1hZTY0YzgzODNmNjdNaXhlcl8yOTBfZDRmMTJmMTctMmQyYS00MGIxLTljYWItMjdhNDkyNWQxZWYyTWl4ZXJfMjA2XzUzOTc0N2QwLTU4YTktNDVmMS1hYmYzLWI0MmU1YmM0OTRjNU1peGVyXzM4OF8xMTI1NDg0ZS1kOWMxLTRlM2ItODdjMC0wYTFiNmE1YjdiNzdNaXhlcl81NjJfNGM4YTcwYWQtOGNiMS00MDJmLTkxMjMtNmYxZTc3YTI5OGYzTWl4ZXJfOTQ5X2FlOGU3ZWNmLWEzNDctNGRmZC1hOGJmLTRhYzkzYmM4YTAwZk1peGVyXzM1OV9iNTA4OWJjOC0yNjJhLTQ0N2YtYWI4ZC1iYjY4OWQzYTAzMDBNaXhlcl84MzFfZmI4ZDYzOTEtNjhiYy00MTkwLWExNTktNzYyNTI3MmNjNGU0TWl4ZXJfNzU5XzQ3OTE5NjI4LTg0ZTItNDIwNC1hNWI4LTI1NzE2NTUzOGQ5NU1peGVyXzg4N18wN2QxZjhhZS1iNGUxLTRjNDQtYmI4YS0xODhlODQ5YzdhMzFNaXhlcl81NjNfYzExOTNiYzgtMjllZC00ZWJhLWE1YjctODJkZmQwMjU5YzUwTWl4ZXJfNTIwXzJlMTk5MjA3LTY2OGYtNGFlZS1iM2RmLTZmZjMyYTAzNGM5NU1peGVyXzQ4NF81YjMzOTE5NS1mMzg5LTQ0MDMtYTNiYS1hM2ViZDU4ZWUyODBNaXhlcl80NzVfMGIzNzRkMzYtZTU3Ni00NDYwLThjMjItMzczNjU3NGFjMDQwTWl4ZXJfNjcyXzgzODZlNTdiLTNkZDEtNGE4Ny04ZDcyLTlkZmExNmQ1NDhjZE1peGVyXzI0Ml8xOTA0Y2FlMy1lZjJmLTQwYWEtYmZjNS03YjhhOTY2OTlkMWZNaXhlcl8yNTVfMjMxZjEwZTItYWIyZS00MzI5LWI1MTUtYzcyYjMzZDZhNDczTWl4ZXJfMjI5X2U5ODY3MDgzLTFkZGEtNGM4NS05NDVhLWMzZjhiMzUwOGM1NE1peGVyXzc4OV9mZjIyOWFiOC1hZDYzLTRjNDUtYmE4Ni1hMWQyYzYyMmQ2NTJNaXhlcl83NjRfNzc4MGQ0MzYtZGRhZC00MTk3LWEyNDYtNmFlZmUzMDhmNTIwTWl4ZXJfNTQzXzA0OTAyNzU0LTYwZTAtNGQzOC04ODY5LTdlYzQ4NTRlOTk3Mk1peGVyXzY4M18zOGFlMjgwMi01YWIzLTRkM2MtYWM5Zi01MmRjY2UxNGM5ZDJNaXhlcl83ODhfNmJlNDFmOTktZThlMS00NjVkLTgyNjAtMWQzNGM2MGJmZmIwTWl4ZXJfODg0X2ZiNGViYjgwLTkxZGMtNDNmZi05Y2JjLTNhNWE0MWY2YWY4NU1peGVyXzM1MV82MjYwMThiZS01NWUyLTRjZjctYWJmYi03NDczZDY2NWEzNmYAAAAACAAAAA8AAAAWAAAAHwAAACgAAAAxAAAAOgAAAEMAAABMAAAAVAAAAF0AAABmAAAAbwAAAHgAAACBAAAAigAAAJMAAACcAAAApQAAAK4AAAC3AAAAwAAAAMkAAADRAAAA2gAAAOMAAADsAAAA9QAAAP4AAAAHAQAAEAEAABkBAAAiAQAAKwEAADQBAAA8AQAARQEAAE4BAABXAQAAYAEAAGkBAAByAQAAewEAAIQBAACNAQAAlgEAAJ8BAACnAQAArwEAALgBAADBAQAAygEAANMBAADcAQAA5QEAAO4BAAD3AQAAAAIAAAkCAAASAgAAGwIAACQCAAAtAgAANgIAAD4CAABHAgAAUAIAAFkCAABiAgAAawIAAHQCAAB9AgAAhgIAAI8CAACYAgAAoQIAAKoCAACzAgAAvAIAAMUCAADOAgAA1wIAAOACAADpAgAA8gIAAPsCAAAEAwAADQMAABYDAAAfAwAAKAMAADEDAAA6AwAAQwMAAEwDAABVAwAAXgMAAGcDAABwAwAAeQMAAIEDAACKAwAAkwMAAJwDAAClAwAArgMAALcDAADAAwAAyQMAANIDAADbAwAA5AMAAO0DAAD2AwAA/wMAAAgEAAARBAAAGgQAACMEAAAsBAAANQQAAD4EAABHBAAAUAQAAFkEAABiBAAAawQAAHQEAAB9BAAAhgQAAI8EAACYBAAAoQQAAKoEAACzBAAAvAQAAMUEAADOBAAA1wQAAOAEAADpBAAA8gQAAPsEAAAEBQAADQUAABYFAAAfBQAAKAUAADEFAAA6BQAAQwUAAEwFAABVBQAAXgUAAAAAAABNaXhlcl8xME1peGVyXzBNaXhlcl80V2F0ZXJUYW5rTWl4ZXJfNDA4TWl4ZXJfMTE1TWl4ZXJfNDQxTWl4ZXJfMzMzTWl4ZXJfNzkyTWl4ZXJfNDNNaXhlcl8xNzFNaXhlcl8yOTNNaXhlcl84MzBNaXhlcl84ODVNaXhlcl84MzhNaXhlcl8zNzVNaXhlcl8yMDFNaXhlcl81OTlNaXhlcl8yMjNNaXhlcl8zNjRNaXhlcl85OTVNaXhlcl8zODZNaXhlcl83NjFNaXhlcl8zNE1peGVyXzE4NE1peGVyXzc1NU1peGVyXzQ5Mk1peGVyXzQ3OE1peGVyXzYyNU1peGVyXzQwM01peGVyXzYyMU1peGVyXzcxNU1peGVyXzM5OE1peGVyXzk5OU1peGVyXzUzM01peGVyXzc1TWl4ZXJfODAyTWl4ZXJfMTU0TWl4ZXJfOTQ4TWl4ZXJfNTk4TWl4ZXJfNjY2TWl4ZXJfMTgyTWl4ZXJfNjkwTWl4ZXJfNDg3TWl4ZXJfMTQ3TWl4ZXJfMTcwTWl4ZXJfOTMwTWl4ZXJfODJNaXhlcl85NE1peGVyXzM4MU1peGVyXzQ5N01peGVyXzU5MVdhdGVyVGFua01peGVyXzEzM01peGVyXzkxMU1peGVyXzMyM01peGVyXzg3Mk1peGVyXzcxN01peGVyXzk2M01peGVyXzQyMU1peGVyXzYzMk1peGVyXzQ3N01peGVyXzIxMU1peGVyXzU0OU1peGVyXzM5TWl4ZXJfMTY4TWl4ZXJfNTMwTWl4ZXJfOTAwTWl4ZXJfMzI5TWl4ZXJfNjMxTWl4ZXJfODIzTWl4ZXJfNzk3TWl4ZXJfNTk1TWl4ZXJfNzU0TWl4ZXJfODc3TWl4ZXJfODY2TWl4ZXJfODk3TWl4ZXJfODU5TWl4ZXJfNjExTWl4ZXJfNzAyTWl4ZXJfMzkyTWl4ZXJfNzY3TWl4ZXJfNjUwTWl4ZXJfNzUyTWl4ZXJfMjQ0TWl4ZXJfMjEwTWl4ZXJfMzUwTWl4ZXJfOTMyTWl4ZXJfMzY1TWl4ZXJfNzIxTWl4ZXJfNjMzTWl4ZXJfNzU2TWl4ZXJfOTI4TWl4ZXJfMzU2TWl4ZXJfODk2TWl4ZXJfNzA4TWl4ZXJfMTc4TWl4ZXJfMzA5TWl4ZXJfNTAxTWl4ZXJfNjYwTWl4ZXJfOTNNaXhlcl8yOTVNaXhlcl83MTZNaXhlcl85ODNNaXhlcl83NzFNaXhlcl81ODZNaXhlcl81NTdNaXhlcl80NTlXYXRlclRhbmtNaXhlcl81NjBNaXhlcl8yOTZNaXhlcl8zMDhNaXhlcl80NzNNaXhlcl8zMTRNaXhlcl8xOTlNaXhlcl84NjVNaXhlcl83MjBNaXhlcl80NDVNaXhlcl82ODRNaXhlcl8xMDZNaXhlcl8yMjRNaXhlcl82NjFNaXhlcl8xNDRNaXhlcl81NTVNaXhlcl84MjdNaXhlcl81NzRNaXhlcl82NzRNaXhlcl8yMTlNaXhlcl8xMzZNaXhlcl84NjBNaXhlcl8yOTBNaXhlcl8yMDZNaXhlcl8zODhNaXhlcl81NjJNaXhlcl85NDlNaXhlcl8zNTlNaXhlcl84MzFNaXhlcl83NTlNaXhlcl84ODdNaXhlcl81NjNNaXhlcl81MjBNaXhlcl80ODRNaXhlcl80NzVNaXhlcl82NzJNaXhlcl8yNDJNaXhlcl8yNTVNaXhlcl8yMjlNaXhlcl83ODlNaXhlcl83NjRNaXhlcl81NDNNaXhlcl82ODNNaXhlcl83ODhNaXhlcl84ODRNaXhlcl8zNTEAAAAAAAAGAAAADAAAABIAAAAYAAAAHgAAACQAAAAqAAAAMAAAADYAAAA8AAAAQgAAAEgAAABOAAAAVAAAAFoAAABgAAAAZgAAAGwAAAByAAAAeAAAAH4AAACEAAAAigAAAJAAAACWAAAAnAAAAKIAAACoAAAArgAAALQAAAC6AAAAwAAAAMYAAADMAAAA0gAAANgAAADeAAAA5AAAAOoAAADwAAAA9gAAAPwAAAACAQAACAEAAA4BAAAUAQAAGgEAACABAAAmAQAALAEAADIBAAA4AQAAPgEAAEQBAABKAQAAUAEAAFYBAABcAQAAYgEAAGgBAABuAQAAdAEAAHoBAACAAQAAhgEAAIwBAACSAQAAmAEAAJ4BAACkAQAAqgEAALABAAC2AQAAvAEAAMIBAADIAQAAzgEAANQBAADaAQAA4AEAAOYBAADsAQAA8gEAAPgBAAD+AQAABAIAAAoCAAAQAgAAFgIAABwCAAAiAgAAKAIAAC4CAAA0AgAAOgIAAEACAABGAgAATAIAAFICAABYAgAAXgIAAGQCAABqAgAAcAIAAHYCAAB8AgAAggIAAIgCAACOAgAAlAIAAJoCAACgAgAApgIAAKwCAACyAgAAuAIAAL4CAADEAgAAygIAANACAADWAgAA3AIAAOICAADoAgAA7gIAAPQCAAD6AgAAAAMAAAYDAAAMAwAAEgMAABgDAAAeAwAAJAMAACoDAAAwAwAANgMAADwDAABCAwAASAMAAE4DAABUAwAAWgMAAGADAABmAwAAbAMAAHIDAAB4AwAAfgMAAIQDAACKAwAAkAMAAJYDAACcAwAAAAAAAEFDVElWRUFDVElWRUFDVElWRUFDVElWRUFDVElWRUFDVElWRUFDVElWRUFDVElWRUFDVElWRUFDVElWRUFDVElWRUFDVElWRUFDVElWRUFDVElWRUFDVElWRUFDVElWRUFDVElWRUFDVElWRUFDVElWRUFDVElWRUFDVElWRUFDVElWRUFDVElWRUFDVElWRUFDVElWRUFDVElWRUFDVElWRUFDVElWRUFDVElWRUFDVElWRUFDVElWRUFDVElWRUFDVElWRUFDVElWRUFDVElWRUFDVElWRUFDVElWRUFDVElWRUFDVElWRUFDVElWRUFDVElWRUFDVElWRUFDVElWRUFDVElWRUFDVElWRUFDVElWRUFDVElWRUFDVElWRUFDVElWRUFDVElWRUFDVElWRUFDVElWRUFDVElWRUFDVElWRUFDVElWRUFDVElWRUFDVElWRUFDVElWRUFDVElWRUFDVElWRUFDVElWRUFDVElWRUFDVElWRUFDVElWRUFDVElWRUFDVElWRUFDVElWRUFDVElWRUFDVElWRUFDVElWRUFDVElWRUFDVElWRUFDVElWRUFDVElWRUFDVElWRUFDVElWRUFDVElWRUFDVElWRUFDVElWRUFDVElWRUFDVElWRUFDVElWRUFDVElWRUFDVElWRUFDVElWRUFDVElWRUFDVElWRUFDVElWRUFDVElWRUFDVElWRUFDVElWRUFDVElWRUFDVElWRUFDVElWRUFDVElWRUFDVElWRUFDVElWRUFDVElWRUFDVElWRUFDVElWRUFDVElWRUFDVElWRUFDVElWRUFDVElWRUFDVElWRUFDVElWRUFDVElWRUFDVElWRUFDVElWRUFDVElWRUFDVElWRUFDVElWRUFDVElWRUFDVElWRUFDVElWRUFDVElWRUFDVElWRUFDVElWRUFDVElWRUFDVElWRUFDVElWRUFDVElWRUFDVElWRUFDVElWRUFDVElWRUFDVElWRUFDVElWRUFDVElWRUFDVElWRUFDVElWRUFDVElWRUFDVElWRUFDVElWRUFDVElWRUFDVElWRUFDVElWRUFDVElWRUFDVElWRUFDVElWRUFDVElWRUFDVElWRUFDVElWRUFDVElWRUFDVElWRUFDVElWRUFDVElWRUFDVElWRUFDVElWRUFDVElWRUFDVElWRUFDVElWRUFDVElWRUFDVElWRUFDVElWRQAAAAAAEDS/RJjRFgAQNL9EmNEWABA0v0SY0RYALCFu15jRFgAMLphNmNEWABil2lCY0RYAnuB7UpjRFgBMhwtVmNEWAGb4I1eY0RYAMJNfV5jRFgCM4H5cmNEWAJhXwV+Y0RYAAp+2Y5jRFgBcaUJtmNEWAEB1lm+Y0RYAqDn4d5jRFgD4D9V5mNEWALSwOnuY0RYAtLA6e5jRFgAQ/lmAmNEWAAIEhIGY0RYAiD8lg5jRFgBE4IqEmNEWAGxLeYWY0RYAXlGjhpjRFgBQV82HmNEWAJCwQI+Y0RYAJOa3j5jRFgCqIVmRmNEWAPr3NZOY0RYAWMjok5jRFgCyknSdmNEWAMwDjZ+Y0RYAMkVbrJjRFgC4gPytmNEWACLI8bGY0RYAtv1ospjRFgAUzhuzmNEWAMJ0q7WY0RYAVqoitpjRFgBIsEy3mNEWAOhcBruY0RYAeg/qv5jRFgAAS4vBmNEWANZcCcWY0RYAaA/tyZjRFgCA/XHQmNEWADye19GY0RYA6kRn1JjRFgBIFRrVmNEWADobRNaY0RYAslwP2ZjRFgCS9nFbmdEWADiYsNqY0RYAot+l3pjRFgB48SPimNEWAAwnm+KY0RYA1sHW4pjRFgBOA6LlmNEWAAghdOuY0RYABBtN9JjRFgCywdz2mNEWAPSd4/mY0RYAsD5J+5jRFgCiRHP8mNEWADZ66vyY0RYAXuXY/ZjRFgDyGlD+mNEWAELxLACZ0RYAalwbAZnRFgDwl7wCmdEWAGjZhwWZ0RYA7hQpB5nRFgDskZULmdEWAAYDrg2Z0RYAtKk9EJnRFgDcFCwRmdEWAGJQzRKZ0RYAwCCAE5nRFgA4YksWmdEWADhiSxaZ0RYAUtNjGJnRFgCUr2obmdEWANaLcR6Z0RYAoCatHpnRFgBcxxIgmdEWAApuoiKZ0RYACm6iIpnRFgA+UNMmmdEWAAjrDieZ0RYAgCzaKZnRFgDe/IwqmdEWACDZky2Z0RYAcK9wL5nRFgCkkaEzmdEWACrNQjWZ0RYAvgK6NZnRFgCInfU1mdEWALr8kj6Z0RYAxnPVQZnRFgC4ef9CmdEWABZKskOZ0RYAYhpoTpnRFgAeu81PmdEWAHyLgFCZ0RYA9MxLU5nRFgDK3slWmdEWABgyE12Z0RYAlHII7JnRFgCQc95fmdEWAHR/MmKZ0RYABjIWZ5nRFgASqVhqmdEWAMBP6GyZ0RYA6LrWbZnRFgBu9ndvmdEWADiRs2+Z0RYARAj2cpnRFgBsc+RzmdEWAMpDl3SZ0RYAhuT8dZnRFgDktK92mdEWAEACz3uZ0RYAxLrcgZnRFgC2wAaDmdEWABIOJoiZ0RYAUmeZj5nRFgB60oeQmdEWABj8rZiZ0RYA4pbpmJnRFgDsipigmdEWAIw3UqSZ0RYAEnPzpZnRFgCKtL6omdEWAEZVJKqZ0RYADOo4s5nRFgCEKwS2mdEWAI4fs72Z0RYAIlUqvpnRFgAS2MDDmdEWAMB+UMaZ0RYAsAHny5nRFgBCtMrQmdEWAGofudGZ0RYAXCXj0pnRFgAiuvfbmdEWAGSW/t6Z0RYAtGzb4JnRFgBUGZXkmdEWAG6KreaZ0RYA9MVO6JnRFgBsBxrrmdEWADaiVeuZ0RYAKKh/7JnRFhAAAAAMABQAEgAMAAgABAAMAAAAEAAAACwAAAA8AAAAAAAEAAEAAACoBAAAAAAAANABAAAAAAAAsFkAAAAAAAAAAAAAAAAAAAAAAAAAAAoADAAAAAgABAAKAAAACAAAAIAAAAADAAAATAAAACgAAAAEAAAA+Pv//wgAAAAMAAAAAAAAAAAAAAAFAAAAcmVmSWQAAAAY/P//CAAAAAwAAAAAAAAAAAAAAAQAAABuYW1lAAAAADj8//8IAAAAGAAAAA0AAAB7ImN1c3RvbSI6e319AAAABAAAAG1ldGEAAAAABgAAAHgDAAAIAwAApAIAAEACAABsAAAABAAAALL8//8UAAAAPAAAAEQAAAAAAAoBRAAAAAEAAAAEAAAAoPz//wgAAAAQAAAABAAAAFRpbWUAAAAABAAAAG5hbWUAAAAAAAAAAAAABgAIAAYABgAAAAAAAwAEAAAAVGltZQAAAAAW/f//FAAAALABAACwAQAAAAAFAawBAAACAAAAMAAAAAQAAAAI/f//CAAAABQAAAALAAAAYWxhcm1TdGF0dXMABAAAAG5hbWUAAAAAMP3//wgAAABYAQAATgEAAHsiZGlzcGxheU5hbWUiOiJTdGF0dXMiLCJtYXBwaW5ncyI6W3sidHlwZSI6InZhbHVlIiwib3B0aW9ucyI6eyJBQ0tOT1dMRURHRUQiOnsidGV4dCI6IkFDS05PV0xFREdFRCIsImNvbG9yIjoiYmx1ZSIsImluZGV4IjozfSwiQUNUSVZFIjp7InRleHQiOiJBQ1RJVkUiLCJjb2xvciI6InJlZCIsImluZGV4IjoxfSwiTk9STUFMIjp7InRleHQiOiJOT1JNQUwiLCJjb2xvciI6ImdyZWVuIn0sIlNOT09aRV9ESVNBQkxFRCI6eyJ0ZXh0IjoiU05PT1pFX0RJU0FCTEVEIiwiY29sb3IiOiJvcmFuZ2UiLCJpbmRleCI6Mn19fV0sImN1c3RvbSI6eyJkaXNwbGF5TW9kZSI6ImNvbG9yLXRleHQifX0AAAYAAABjb25maWcAAAAAAABs/v//CwAAAGFsYXJtU3RhdHVzAOb+//8UAAAAQAAAAEAAAAAAAAUBPAAAAAEAAAAEAAAA1P7//wgAAAAUAAAACgAAAGVudGl0eU5hbWUAAAQAAABuYW1lAAAAAAAAAADM/v//CgAAAGVudGl0eU5hbWUAAEb///8UAAAAQAAAAEAAAAAAAAUBPAAAAAEAAAAEAAAANP///wgAAAAUAAAACAAAAGVudGl0eUlkAAAAAAQAAABuYW1lAAAAAAAAAAAs////CAAAAGVudGl0eUlkAAAAAKb///8UAAAAPAAAADwAAAAAAAUBOAAAAAEAAAAEAAAAlP///wgAAAAQAAAABwAAAGFsYXJtSWQABAAAAG5hbWUAAAAAAAAAAIj///8HAAAAYWxhcm1JZAAAABIAGAAUABMAEgAMAAAACAAEABIAAAAUAAAASAAAAEwAAAAAAAUBSAAAAAEAAAAMAAAACAAMAAgABAAIAAAACAAAABQAAAAJAAAAYWxhcm1OYW1lAAAABAAAAG5hbWUAAAAAAAAAAAQABAAEAAAACQAAAGFsYXJtTmFtZQAAAMgEAABBUlJPVzE=
