ðŸŒŸ This was machine generated.  Do not edit. ðŸŒŸ

Frame[0] {
    "custom": {
        "nextToken": "v1.local.asSTsslLTT5HxLu5Fc8wXVRZ0JJzyvbdOSDMSVW2uVq3a6wZjgcztmx8kaOloRIhzZV_vLpZS4ye2oyPD5G8hZPwcHahOyEqDhcVjuvH4K-nMWzEK8eee9F7I9zn_6BVF5JOIqg_HBLa8wousIaTBf1lUZtEPlRJ_KVMHQoKLHN-z_q_9mHFxoKntmuMwfXKcryTyUU8X4BrqAb2qB01ri2G1Np5x2UHgQQQ8PQb8hQxnTgWppqU9XygtsJitWIaaMDrTKSOy3x_DzvtyWLFqRfvAawhWLK1RSkW9dVU8G3nwxCaBEMfL1H-UL_o9dt3GPQ5olt-3u4tEFrNV8xYl64RaDBzMngFfE0DW8CdQ1e6uDjkIggS1Ip_6Wg3uPX0sJTApTEPhaUrM_agd9yWVOTikXFLevwQmShzDexfOhpo9Es1ElorZJxWMYxDhbTCsHhTFwMHNgFzSf676m8QQXlxaZgvpjI06_rRoDlCI7JLnVkMFY7jLqJmYP0XCCgYn1VCPtEhCHdBRW9xMDbrmMYhi3NKWZ5zqtW0dHKvFzLVTfQRWLvcFc5NoRtT3HjIvBOCotPIPFbSTOxuBFrtSYdKs9m00DnUdg7K2DvnkOhqL6oshUcQCmOvFxd92RwY1rS6c7AamXjBl4v5-VX8B06xDIxhWZgAlpyxwc7SiYcpGjH6QU4K7-JhG5i-5-QQ2-qwtXTi6TNfxNPHhHH24CMgaj2Dw-mQ9stwSd9Pe4PJytFqO-X0s-d98Laf68P_2CtFNzHptMvK6I33YvLQ6pBHI2ZV1o-Sj7JMDPc9RJuntkkA-Ji38Qx2DT6V5ZxPE3rMf4p0U-yEukJh3sh2dqnNDPFdorsb-P9BpIHb3hSrna_k63dDOC0HhTP6QGhD-0RQznEQ0XUKrLnxicQoaAj3ci8Z2aaP95BBg4tv6xaONphljNEGEaoJXjWouzbWlGlSyf6YstIPqfzSl7JfBnWWIYIYLgiy_LSDkioFzcvZ57yAfux3nk3RzUNF4EN0XvUssOyS1eJkoF4Gm6bgZypke0E2CT85yL1Ddf0HIpTNgDZaSD0p-T9vQOkt9hWodycrnkh7xypdi6ZuMbTuQE_cf9slTe-9X6aIDyDquh6BSqbPC4drpqLV_zdJSxuBuNv40gmY84qd2ZFoh8hDM2vnZzlhMkIqEdAuiGe8gPBi24KDQhhNLOnZx5HgZPTXTZ5gmfb9lVs5pRkKD5_Wt8oCqKgnsTITZjf3JGrxr77LkwZkn9k_3lf-SPLOGPeOTSOCv_eQqfTeOksta_UGSqEZLven-y7CFrBZ7g0fOwFxLpEhT0McISea9XbOBvSDZ-kYzwgnvuEkAUqQd_wLsgB5uWyI6LgLuVUA0IVTbN3ETXYeOJQvMYCMIaS9AfBRJ0mCkzd8ocTmsNTtyIwMopkSETP4pN7kwpuJkeGY5vTo5keM0nL54TIRmQYFccyAfgEDJ46e5fMWGPOnpErdWRYta6KQUEMDftSyOm3CUiXxdg.eyJraWQiOiJBUUlEQUhnbm5FL3dBV3J0em9jNDM0YjYrdUlaM1ozNXE0REtUaW42NFdvb3p4aURwd0dRZlppeFY5TkFRWlVVVWhxOWF3Q2pBQUFBZmpCOEJna3Foa2lHOXcwQkJ3YWdiekJ0QWdFQU1HZ0dDU3FHU0liM0RRRUhBVEFlQmdsZ2hrZ0JaUU1FQVM0d0VRUU1EKzdtTnNVRFNsUFZxMFhlQWdFUWdEc0h0ZFdPQWkrdXB6dUljOG53MVJJa0xGRkRZenJscDU4Y2ZuL0w5V1VRQ0dtdGhucy9HSkhqRTNXOStQbk9IQWh0OERhdHdaejVkWTJZSXc9PSJ9"
    }
}
Name: 
Dimensions: 2 Fields by 100 Rows
+-------------------------------+---------------------------------------------------------------------------------------------+
| Name: Time                    | Name: alarm_status                                                                          |
| Labels:                       | Labels: componentName=AlarmComponent, entityId=Mixer_1_4b57cbee-c391-4de6-b882-622c633a697e |
| Type: []*time.Time            | Type: []*string                                                                             |
+-------------------------------+---------------------------------------------------------------------------------------------+
| 2021-11-05 00:00:00 +0000 UTC | NORMAL                                                                                      |
| 2021-11-05 00:00:05 +0000 UTC | NORMAL                                                                                      |
| 2021-11-05 00:00:11 +0000 UTC | NORMAL                                                                                      |
| 2021-11-05 00:00:17 +0000 UTC | NORMAL                                                                                      |
| 2021-11-05 00:00:25 +0000 UTC | NORMAL                                                                                      |
| 2021-11-05 00:00:25 +0000 UTC | NORMAL                                                                                      |
| 2021-11-05 00:00:30 +0000 UTC | NORMAL                                                                                      |
| 2021-11-05 00:00:36 +0000 UTC | NORMAL                                                                                      |
| 2021-11-05 00:00:42 +0000 UTC | NORMAL                                                                                      |
| ...                           | ...                                                                                         |
+-------------------------------+---------------------------------------------------------------------------------------------+


====== TEST DATA RESPONSE (arrow base64) ======
FRAME=QVJST1cxAAD/////gAkAABAAAAAAAAoADgAMAAsABAAKAAAAFAAAAAAAAAEDAAoADAAAAAgABAAKAAAACAAAANwHAAADAAAATAAAACgAAAAEAAAAEPf//wgAAAAMAAAAAAAAAAAAAAAFAAAAcmVmSWQAAAAw9///CAAAAAwAAAAAAAAAAAAAAAQAAABuYW1lAAAAAFD3//8IAAAAdAcAAGsHAAB7ImN1c3RvbSI6eyJuZXh0VG9rZW4iOiJ2MS5sb2NhbC5hc1NUc3NsTFRUNUh4THU1RmM4d1hWUlowSkp6eXZiZE9TRE1TVlcydVZxM2E2d1pqZ2N6dG14OGthT2xvUkloelpWX3ZMcFpTNHllMm95UEQ1RzhoWlB3Y0hhaE95RXFEaGNWanV2SDRLLW5NV3pFSzhlZWU5RjdJOXpuXzZCVkY1Sk9JcWdfSEJMYTh3b3VzSWFUQmYxbFVadEVQbFJKX0tWTUhRb0tMSE4tel9xXzltSEZ4b0tudG11TXdmWEtjcnlUeVVVOFg0QnJxQWIycUIwMXJpMkcxTnA1eDJVSGdRUVE4UFFiOGhReG5UZ1dwcHFVOVh5Z3RzSml0V0lhYU1EclRLU095M3hfRHp2dHlXTEZxUmZ2QWF3aFdMSzFSU2tXOWRWVThHM253eENhQkVNZkwxSC1VTF9vOWR0M0dQUTVvbHQtM3U0dEVGck5WOHhZbDY0UmFEQnpNbmdGZkUwRFc4Q2RRMWU2dURqa0lnZ1MxSXBfNldnM3VQWDBzSlRBcFRFUGhhVXJNX2FnZDl5V1ZPVGlrWEZMZXZ3UW1TaHpEZXhmT2hwbzlFczFFbG9yWkp4V01ZeERoYlRDc0hoVEZ3TUhOZ0Z6U2Y2NzZtOFFRWGx4YVpndnBqSTA2X3JSb0RsQ0k3SkxuVmtNRlk3akxxSm1ZUDBYQ0NnWW4xVkNQdEVoQ0hkQlJXOXhNRGJybU1ZaGkzTktXWjV6cXRXMGRIS3ZGekxWVGZRUldMdmNGYzVOb1J0VDNIakl2Qk9Db3RQSVBGYlNUT3h1QkZydFNZZEtzOW0wMERuVWRnN0syRHZua09ocUw2b3NoVWNRQ21PdkZ4ZDkyUndZMXJTNmM3QWFtWGpCbDR2NS1WWDhCMDZ4REl4aFdaZ0FscHl4d2M3U2lZY3BHakg2UVU0SzctSmhHNWktNS1RUTItcXd0WFRpNlROZnhOUEhoSEgyNENNZ2FqMkR3LW1ROXN0d1NkOVBlNFBKeXRGcU8tWDBzLWQ5OExhZjY4UF8yQ3RGTnpIcHRNdks2STMzWXZMUTZwQkhJMlpWMW8tU2o3Sk1EUGM5Ukp1bnRra0EtSmkzOFF4MkRUNlY1WnhQRTNyTWY0cDBVLXlFdWtKaDNzaDJkcW5ORFBGZG9yc2ItUDlCcElIYjNoU3JuYV9rNjNkRE9DMEhoVFA2UUdoRC0wUlF6bkVRMFhVS3JMbnhpY1FvYUFqM2NpOFoyYWFQOTVCQmc0dHY2eGFPTnBobGpORUdFYW9KWGpXb3V6YldsR2xTeWY2WXN0SVBxZnpTbDdKZkJuV1dJWUlZTGdpeV9MU0RraW9GemN2WjU3eUFmdXgzbmszUnpVTkY0RU4wWHZVc3NPeVMxZUprb0Y0R202YmdaeXBrZTBFMkNUODV5TDFEZGYwSElwVE5nRFphU0QwcC1UOXZRT2t0OWhXb2R5Y3Jua2g3eHlwZGk2WnVNYlR1UUVfY2Y5c2xUZS05WDZhSUR5RHF1aDZCU3FiUEM0ZHJwcUxWX3pkSlN4dUJ1TnY0MGdtWTg0cWQyWkZvaDhoRE0ydm5aemxoTWtJcUVkQXVpR2U4Z1BCaTI0S0RRaGhOTE9uWng1SGdaUFRYVFo1Z21mYjlsVnM1cFJrS0Q1X1d0OG9DcUtnbnNUSVRaamYzSkdyeHI3N0xrd1prbjlrXzNsZi1TUExPR1BlT1RTT0N2X2VRcWZUZU9rc3RhX1VHU3FFWkx2ZW4teTdDRnJCWjdnMGZPd0Z4THBFaFQwTWNJU2VhOVhiT0J2U0RaLWtZendnbnZ1RWtBVXFRZF93THNnQjV1V3lJNkxnTHVWVUEwSVZUYk4zRVRYWWVPSlF2TVlDTUlhUzlBZkJSSjBtQ2t6ZDhvY1Rtc05UdHlJd01vcGtTRVRQNHBON2t3cHVKa2VHWTV2VG81a2VNMG5MNTRUSVJtUVlGY2N5QWZnRURKNDZlNWZNV0dQT25wRXJkV1JZdGE2S1FVRU1EZnRTeU9tM0NVaVh4ZGcuZXlKcmFXUWlPaUpCVVVsRVFVaG5ibTVGTDNkQlYzSjBlbTlqTkRNMFlqWXJkVWxhTTFvek5YRTBSRXRVYVc0Mk5GZHZiM3A0YVVSd2QwZFJabHBwZUZZNVRrRlJXbFZWVldoeE9XRjNRMnBCUVVGQlptcENPRUpuYTNGb2EybEhPWGN3UWtKM1lXZGlla0owUVdkRlFVMUhaMGREVTNGSFUwbGlNMFJSUlVoQlZFRmxRbWRzWjJoclowSmFVVTFGUVZNMGQwVlJVVTFFS3pkdFRuTlZSRk5zVUZaeE1GaGxRV2RGVVdkRWMwaDBaRmRQUVdrcmRYQjZkVWxqT0c1M01WSkphMHhHUmtSWmVuSnNjRFU0WTJadUwwdzVWMVZSUTBkdGRHaHVjeTlIU2tocVJUTlhPU3RRYms5SVFXaDBPRVJoZEhkYWVqVmtXVEpaU1hjOVBTSjkifX0ABAAAAG1ldGEAAAAAAgAAAAQBAAAEAAAAFv///xQAAADEAAAAyAAAAAAABQHEAAAAAgAAADQAAAAEAAAACP///wgAAAAYAAAADAAAAGFsYXJtX3N0YXR1cwAAAAAEAAAAbmFtZQAAAAA0////CAAAAGgAAABcAAAAeyJjb21wb25lbnROYW1lIjoiQWxhcm1Db21wb25lbnQiLCJlbnRpdHlJZCI6Ik1peGVyXzFfNGI1N2NiZWUtYzM5MS00ZGU2LWI4ODItNjIyYzYzM2E2OTdlIn0AAAAABgAAAGxhYmVscwAAAAAAAAQABAAEAAAADAAAAGFsYXJtX3N0YXR1cwAAEgAYABQAEwASAAwAAAAIAAQAEgAAABQAAABEAAAATAAAAAAACgFMAAAAAQAAAAwAAAAIAAwACAAEAAgAAAAIAAAAEAAAAAQAAABUaW1lAAAAAAQAAABuYW1lAAAAAAAAAAAAAAYACAAGAAYAAAAAAAMABAAAAFRpbWUAAAAA/////8gAAAAUAAAAAAAAAAwAFgAUABMADAAEAAwAAAAQBwAAAAAAABQAAAAAAAADAwAKABgADAAIAAQACgAAABQAAABoAAAAZAAAAAAAAAAAAAAABQAAAAAAAAAAAAAAAAAAAAAAAAAAAAAAAAAAACADAAAAAAAAIAMAAAAAAAAAAAAAAAAAACADAAAAAAAAmAEAAAAAAAC4BAAAAAAAAFgCAAAAAAAAAAAAAAIAAABkAAAAAAAAAAAAAAAAAAAAZAAAAAAAAAAAAAAAAAAAAAAAiEtcfbQWAPKNdV19tBYAri7bXn20FgBqz0BgfbQWALqlHWJ9tBYAuqUdYn20FgCsq0djfbQWAGhMrWR9tBYAJO0SZn20FgB0w+9nfbQWAHTD72d9tBYAZskZaX20FgAian9qfbQWAN4K5Wt9tBYALuHBbX20FgAu4cFtfbQWAOqBJ299tBYApiKNcH20FgBiw/JxfbQWALKZz3N9tBYAspnPc320FgCkn/l0fbQWAGBAX3Z9tBYAHOHEd320FgBst6F5fbQWAGy3oXl9tBYAXr3Len20FgAaXjF8fbQWANb+ln19tBYAJtVzf320FgAm1XN/fbQWABjbnYB9tBYAnhY/gn20FgCQHGmDfbQWAODyRYV9tBYA4PJFhX20FgCck6uGfbQWAFg0EYh9tBYAFNV2iX20FgBkq1OLfbQWAGSrU4t9tBYAVrF9jH20FgASUuONfbQWAM7ySI99tBYAHsklkX20FgAeySWRfbQWABDPT5J9tBYAzG+1k320FgCIEBuVfbQWANjm95Z9tBYA2Ob3ln20FgCUh12YfbQWAFAow5l9tBYADMkom320FgBcnwWdfbQWAFyfBZ19tBYATqUvnn20FgAKRpWffbQWAMbm+qB9tBYAFr3Xon20FgAWvdeifbQWAAjDAaR9tBYAxGNnpX20FgCABM2mfbQWANDaqah9tBYA0NqpqH20FgDC4NOpfbQWAH6BOat9tBYAOiKfrH20FgCK+HuufbQWAIr4e659tBYARpnhr320FgACOkexfbQWAL7arLJ9tBYADrGJtH20FgAOsYm0fbQWAAC3s7V9tBYAvFcZt320FgB4+H64fbQWAMjOW7p9tBYAyM5bun20FgC61IW7fbQWAHZ167x9tBYAMhZRvn20FgCC7C3AfbQWAILsLcB9tBYAdPJXwX20FgD6LfnCfbQWALbOXsR9tBYABqU7xn20FgAGpTvGfbQWAPiqZcd9tBYAtEvLyH20FgBw7DDKfbQWAMDCDcx9tBYAwMINzH20FgCyyDfNfbQWAG5pnc59tBYAKgoD0H20FgB64N/RfbQWAAAAAAYAAAAMAAAAEgAAABgAAAAeAAAAJAAAACoAAAAwAAAANgAAADwAAABCAAAASAAAAE4AAABUAAAAWgAAAGAAAABmAAAAbAAAAHIAAAB4AAAAfgAAAIQAAACKAAAAkAAAAJYAAACcAAAAogAAAKgAAACuAAAAtAAAALoAAADAAAAAxgAAAMwAAADSAAAA2AAAAN4AAADkAAAA6gAAAPAAAAD2AAAA/AAAAAIBAAAIAQAADgEAABQBAAAaAQAAIAEAACYBAAAsAQAAMgEAADgBAAA+AQAARAEAAEoBAABQAQAAVgEAAFwBAABiAQAAaAEAAG4BAAB0AQAAegEAAIABAACGAQAAjAEAAJIBAACYAQAAngEAAKQBAACqAQAAsAEAALYBAAC8AQAAwgEAAMgBAADOAQAA1AEAANoBAADgAQAA5gEAAOwBAADyAQAA+AEAAP4BAAAEAgAACgIAABACAAAWAgAAHAIAACICAAAoAgAALgIAADQCAAA6AgAAQAIAAEYCAABMAgAAUgIAAFgCAAAAAAAATk9STUFMTk9STUFMTk9STUFMTk9STUFMTk9STUFMTk9STUFMTk9STUFMTk9STUFMTk9STUFMTk9STUFMTk9STUFMTk9STUFMTk9STUFMTk9STUFMTk9STUFMTk9STUFMTk9STUFMTk9STUFMTk9STUFMTk9STUFMTk9STUFMTk9STUFMTk9STUFMTk9STUFMTk9STUFMTk9STUFMTk9STUFMTk9STUFMTk9STUFMTk9STUFMTk9STUFMTk9STUFMTk9STUFMTk9STUFMTk9STUFMTk9STUFMTk9STUFMTk9STUFMTk9STUFMTk9STUFMTk9STUFMTk9STUFMTk9STUFMTk9STUFMTk9STUFMTk9STUFMTk9STUFMTk9STUFMTk9STUFMTk9STUFMTk9STUFMTk9STUFMTk9STUFMTk9STUFMTk9STUFMTk9STUFMTk9STUFMTk9STUFMTk9STUFMTk9STUFMTk9STUFMTk9STUFMTk9STUFMTk9STUFMTk9STUFMTk9STUFMTk9STUFMTk9STUFMTk9STUFMTk9STUFMTk9STUFMTk9STUFMTk9STUFMTk9STUFMTk9STUFMTk9STUFMTk9STUFMTk9STUFMTk9STUFMTk9STUFMTk9STUFMTk9STUFMTk9STUFMTk9STUFMTk9STUFMTk9STUFMTk9STUFMTk9STUFMTk9STUFMTk9STUFMTk9STUFMTk9STUFMTk9STUFMTk9STUFMTk9STUFMTk9STUFMTk9STUFMTk9STUFMTk9STUFMTk9STUFMEAAAAAwAFAASAAwACAAEAAwAAAAQAAAALAAAADwAAAAAAAMAAQAAAJAJAAAAAAAA0AAAAAAAAAAQBwAAAAAAAAAAAAAAAAAAAAAAAAAACgAMAAAACAAEAAoAAAAIAAAA3AcAAAMAAABMAAAAKAAAAAQAAAAQ9///CAAAAAwAAAAAAAAAAAAAAAUAAAByZWZJZAAAADD3//8IAAAADAAAAAAAAAAAAAAABAAAAG5hbWUAAAAAUPf//wgAAAB0BwAAawcAAHsiY3VzdG9tIjp7Im5leHRUb2tlbiI6InYxLmxvY2FsLmFzU1Rzc2xMVFQ1SHhMdTVGYzh3WFZSWjBKSnp5dmJkT1NETVNWVzJ1VnEzYTZ3WmpnY3p0bXg4a2FPbG9SSWh6WlZfdkxwWlM0eWUyb3lQRDVHOGhaUHdjSGFoT3lFcURoY1ZqdXZINEstbk1XekVLOGVlZTlGN0k5em5fNkJWRjVKT0lxZ19IQkxhOHdvdXNJYVRCZjFsVVp0RVBsUkpfS1ZNSFFvS0xITi16X3FfOW1IRnhvS250bXVNd2ZYS2NyeVR5VVU4WDRCcnFBYjJxQjAxcmkyRzFOcDV4MlVIZ1FRUThQUWI4aFF4blRnV3BwcVU5WHlndHNKaXRXSWFhTURyVEtTT3kzeF9EenZ0eVdMRnFSZnZBYXdoV0xLMVJTa1c5ZFZVOEczbnd4Q2FCRU1mTDFILVVMX285ZHQzR1BRNW9sdC0zdTR0RUZyTlY4eFlsNjRSYURCek1uZ0ZmRTBEVzhDZFExZTZ1RGprSWdnUzFJcF82V2czdVBYMHNKVEFwVEVQaGFVck1fYWdkOXlXVk9UaWtYRkxldndRbVNoekRleGZPaHBvOUVzMUVsb3JaSnhXTVl4RGhiVENzSGhURndNSE5nRnpTZjY3Nm04UVFYbHhhWmd2cGpJMDZfclJvRGxDSTdKTG5Wa01GWTdqTHFKbVlQMFhDQ2dZbjFWQ1B0RWhDSGRCUlc5eE1EYnJtTVloaTNOS1daNXpxdFcwZEhLdkZ6TFZUZlFSV0x2Y0ZjNU5vUnRUM0hqSXZCT0NvdFBJUEZiU1RPeHVCRnJ0U1lkS3M5bTAwRG5VZGc3SzJEdm5rT2hxTDZvc2hVY1FDbU92RnhkOTJSd1kxclM2YzdBYW1YakJsNHY1LVZYOEIwNnhESXhoV1pnQWxweXh3YzdTaVljcEdqSDZRVTRLNy1KaEc1aS01LVFRMi1xd3RYVGk2VE5meE5QSGhISDI0Q01nYWoyRHctbVE5c3R3U2Q5UGU0UEp5dEZxTy1YMHMtZDk4TGFmNjhQXzJDdEZOekhwdE12SzZJMzNZdkxRNnBCSEkyWlYxby1TajdKTURQYzlSSnVudGtrQS1KaTM4UXgyRFQ2VjVaeFBFM3JNZjRwMFUteUV1a0poM3NoMmRxbk5EUEZkb3JzYi1QOUJwSUhiM2hTcm5hX2s2M2RET0MwSGhUUDZRR2hELTBSUXpuRVEwWFVLckxueGljUW9hQWozY2k4WjJhYVA5NUJCZzR0djZ4YU9OcGhsak5FR0Vhb0pYaldvdXpiV2xHbFN5ZjZZc3RJUHFmelNsN0pmQm5XV0lZSVlMZ2l5X0xTRGtpb0Z6Y3ZaNTd5QWZ1eDNuazNSelVORjRFTjBYdlVzc095UzFlSmtvRjRHbTZiZ1p5cGtlMEUyQ1Q4NXlMMURkZjBISXBUTmdEWmFTRDBwLVQ5dlFPa3Q5aFdvZHljcm5raDd4eXBkaTZadU1iVHVRRV9jZjlzbFRlLTlYNmFJRHlEcXVoNkJTcWJQQzRkcnBxTFZfemRKU3h1QnVOdjQwZ21ZODRxZDJaRm9oOGhETTJ2blp6bGhNa0lxRWRBdWlHZThnUEJpMjRLRFFoaE5MT25aeDVIZ1pQVFhUWjVnbWZiOWxWczVwUmtLRDVfV3Q4b0NxS2duc1RJVFpqZjNKR3J4cjc3TGt3WmtuOWtfM2xmLVNQTE9HUGVPVFNPQ3ZfZVFxZlRlT2tzdGFfVUdTcUVaTHZlbi15N0NGckJaN2cwZk93RnhMcEVoVDBNY0lTZWE5WGJPQnZTRFota1l6d2dudnVFa0FVcVFkX3dMc2dCNXVXeUk2TGdMdVZVQTBJVlRiTjNFVFhZZU9KUXZNWUNNSWFTOUFmQlJKMG1Da3pkOG9jVG1zTlR0eUl3TW9wa1NFVFA0cE43a3dwdUprZUdZNXZUbzVrZU0wbkw1NFRJUm1RWUZjY3lBZmdFREo0NmU1Zk1XR1BPbnBFcmRXUll0YTZLUVVFTURmdFN5T20zQ1VpWHhkZy5leUpyYVdRaU9pSkJVVWxFUVVobmJtNUZMM2RCVjNKMGVtOWpORE0wWWpZcmRVbGFNMW96TlhFMFJFdFVhVzQyTkZkdmIzcDRhVVJ3ZDBkUlpscHBlRlk1VGtGUldsVlZWV2h4T1dGM1EycEJRVUZCWm1wQ09FSm5hM0ZvYTJsSE9YY3dRa0ozWVdkaWVrSjBRV2RGUVUxSFowZERVM0ZIVTBsaU0wUlJSVWhCVkVGbFFtZHNaMmhyWjBKYVVVMUZRVk0wZDBWUlVVMUVLemR0VG5OVlJGTnNVRlp4TUZobFFXZEZVV2RFYzBoMFpGZFBRV2tyZFhCNmRVbGpPRzUzTVZKSmEweEdSa1JaZW5Kc2NEVTRZMlp1TDB3NVYxVlJRMGR0ZEdodWN5OUhTa2hxUlROWE9TdFFiazlJUVdoME9FUmhkSGRhZWpWa1dUSlpTWGM5UFNKOSJ9fQAEAAAAbWV0YQAAAAACAAAABAEAAAQAAAAW////FAAAAMQAAADIAAAAAAAFAcQAAAACAAAANAAAAAQAAAAI////CAAAABgAAAAMAAAAYWxhcm1fc3RhdHVzAAAAAAQAAABuYW1lAAAAADT///8IAAAAaAAAAFwAAAB7ImNvbXBvbmVudE5hbWUiOiJBbGFybUNvbXBvbmVudCIsImVudGl0eUlkIjoiTWl4ZXJfMV80YjU3Y2JlZS1jMzkxLTRkZTYtYjg4Mi02MjJjNjMzYTY5N2UifQAAAAAGAAAAbGFiZWxzAAAAAAAABAAEAAQAAAAMAAAAYWxhcm1fc3RhdHVzAAASABgAFAATABIADAAAAAgABAASAAAAFAAAAEQAAABMAAAAAAAKAUwAAAABAAAADAAAAAgADAAIAAQACAAAAAgAAAAQAAAABAAAAFRpbWUAAAAABAAAAG5hbWUAAAAAAAAAAAAABgAIAAYABgAAAAAAAwAEAAAAVGltZQAAAACwCQAAQVJST1cx
