ðŸŒŸ This was machine generated.  Do not edit. ðŸŒŸ

Frame[0] {
    "custom": {}
}
Name: Mixer_1
Dimensions: 5 Fields by 2 Rows
+-----------------+---------------------------------+-------------------+-------------------------------------------------------+-----------------------+
| Name: component | Name: componentTypeId           | Name: description | Name: properties                                      | Name: timeSeries      |
| Labels:         | Labels:                         | Labels:           | Labels:                                               | Labels:               |
| Type: []string  | Type: []string                  | Type: []*string   | Type: []string                                        | Type: []string        |
+-----------------+---------------------------------+-------------------+-------------------------------------------------------+-----------------------+
| AlarmComponent  | com.example.cookiefactory.alarm | null              | ["alarm_key","telemetryAssetId","telemetryAssetType"] | ["alarm_status"]      |
| MixerComponent  | com.example.cookiefactory.mixer | null              | ["telemetryAssetId","telemetryAssetType"]             | ["RPM","Temperature"] |
+-----------------+---------------------------------+-------------------+-------------------------------------------------------+-----------------------+


====== TEST DATA RESPONSE (arrow base64) ======
FRAME=QVJST1cxAAD/////eAMAABAAAAAAAAoADgAMAAsABAAKAAAAFAAAAAAAAAEDAAoADAAAAAgABAAKAAAACAAAAIQAAAADAAAAUAAAACgAAAAEAAAAGP3//wgAAAAMAAAAAAAAAAAAAAAFAAAAcmVmSWQAAAA4/f//CAAAABAAAAAHAAAATWl4ZXJfMQAEAAAAbmFtZQAAAABc/f//CAAAABgAAAANAAAAeyJjdXN0b20iOnt9fQAAAAQAAABtZXRhAAAAAAUAAABUAgAA1AEAAHABAACwAAAABAAAANL9//8UAAAAiAAAAIgAAAAAAAAFhAAAAAIAAAAwAAAABAAAAMT9//8IAAAAFAAAAAoAAAB0aW1lU2VyaWVzAAAEAAAAbmFtZQAAAADs/f//CAAAADAAAAAmAAAAeyJjdXN0b20iOnsiZGlzcGxheU1vZGUiOiJqc29uLXZpZXcifX0AAAYAAABjb25maWcAAAAAAAAA/v//CgAAAHRpbWVTZXJpZXMAAHr+//8UAAAAiAAAAIgAAAAAAAAFhAAAAAIAAAAwAAAABAAAAGz+//8IAAAAFAAAAAoAAABwcm9wZXJ0aWVzAAAEAAAAbmFtZQAAAACU/v//CAAAADAAAAAmAAAAeyJjdXN0b20iOnsiZGlzcGxheU1vZGUiOiJqc29uLXZpZXcifX0AAAYAAABjb25maWcAAAAAAACo/v//CgAAAHByb3BlcnRpZXMAAAAAEgAYABQAEwASAAwAAAAIAAQAEgAAABQAAABAAAAAQAAAAAAABQE8AAAAAQAAAAQAAAAk////CAAAABQAAAALAAAAZGVzY3JpcHRpb24ABAAAAG5hbWUAAAAAAAAAABz///8LAAAAZGVzY3JpcHRpb24Alv///xQAAABEAAAARAAAAAAAAAVAAAAAAQAAAAQAAACE////CAAAABgAAAAPAAAAY29tcG9uZW50VHlwZUlkAAQAAABuYW1lAAAAAAAAAACA////DwAAAGNvbXBvbmVudFR5cGVJZAAAABIAGAAUAAAAEwAMAAAACAAEABIAAAAUAAAASAAAAEwAAAAAAAAFSAAAAAEAAAAMAAAACAAMAAgABAAIAAAACAAAABQAAAAJAAAAY29tcG9uZW50AAAABAAAAG5hbWUAAAAAAAAAAAQABAAEAAAACQAAAGNvbXBvbmVudAAAAP////+YAQAAFAAAAAAAAAAMABYAFAATAAwABAAMAAAAQAEAAAAAAAAUAAAAAAAAAwMACgAYAAwACAAEAAoAAAAUAAAACAEAAAIAAAAAAAAAAAAAAA8AAAAAAAAAAAAAAAAAAAAAAAAAAAAAAAAAAAAQAAAAAAAAABAAAAAAAAAAIAAAAAAAAAAwAAAAAAAAAAAAAAAAAAAAMAAAAAAAAAAQAAAAAAAAAEAAAAAAAAAAQAAAAAAAAACAAAAAAAAAAAgAAAAAAAAAiAAAAAAAAAAQAAAAAAAAAJgAAAAAAAAAAAAAAAAAAACYAAAAAAAAAAAAAAAAAAAAmAAAAAAAAAAQAAAAAAAAAKgAAAAAAAAAYAAAAAAAAAAIAQAAAAAAAAAAAAAAAAAACAEAAAAAAAAQAAAAAAAAABgBAAAAAAAAKAAAAAAAAAAAAAAABQAAAAIAAAAAAAAAAAAAAAAAAAACAAAAAAAAAAAAAAAAAAAAAgAAAAAAAAACAAAAAAAAAAIAAAAAAAAAAAAAAAAAAAACAAAAAAAAAAAAAAAAAAAAAAAAAA4AAAAcAAAAAAAAAEFsYXJtQ29tcG9uZW50TWl4ZXJDb21wb25lbnQAAAAAAAAAAB8AAAA+AAAAAAAAAGNvbS5leGFtcGxlLmNvb2tpZWZhY3RvcnkuYWxhcm1jb20uZXhhbXBsZS5jb29raWVmYWN0b3J5Lm1peGVyAAAAAAAAAAAAAAAAAAAAAAAAAAAAAAAAAAAAAAAANQAAAF4AAAAAAAAAWyJhbGFybV9rZXkiLCJ0ZWxlbWV0cnlBc3NldElkIiwidGVsZW1ldHJ5QXNzZXRUeXBlIl1bInRlbGVtZXRyeUFzc2V0SWQiLCJ0ZWxlbWV0cnlBc3NldFR5cGUiXQAAAAAAABAAAAAlAAAAAAAAAFsiYWxhcm1fc3RhdHVzIl1bIlJQTSIsIlRlbXBlcmF0dXJlIl0AAAAQAAAADAAUABIADAAIAAQADAAAABAAAAAsAAAAPAAAAAAAAwABAAAAiAMAAAAAAACgAQAAAAAAAEABAAAAAAAAAAAAAAAAAAAAAAAAAAAKAAwAAAAIAAQACgAAAAgAAACEAAAAAwAAAFAAAAAoAAAABAAAABj9//8IAAAADAAAAAAAAAAAAAAABQAAAHJlZklkAAAAOP3//wgAAAAQAAAABwAAAE1peGVyXzEABAAAAG5hbWUAAAAAXP3//wgAAAAYAAAADQAAAHsiY3VzdG9tIjp7fX0AAAAEAAAAbWV0YQAAAAAFAAAAVAIAANQBAABwAQAAsAAAAAQAAADS/f//FAAAAIgAAACIAAAAAAAABYQAAAACAAAAMAAAAAQAAADE/f//CAAAABQAAAAKAAAAdGltZVNlcmllcwAABAAAAG5hbWUAAAAA7P3//wgAAAAwAAAAJgAAAHsiY3VzdG9tIjp7ImRpc3BsYXlNb2RlIjoianNvbi12aWV3In19AAAGAAAAY29uZmlnAAAAAAAAAP7//woAAAB0aW1lU2VyaWVzAAB6/v//FAAAAIgAAACIAAAAAAAABYQAAAACAAAAMAAAAAQAAABs/v//CAAAABQAAAAKAAAAcHJvcGVydGllcwAABAAAAG5hbWUAAAAAlP7//wgAAAAwAAAAJgAAAHsiY3VzdG9tIjp7ImRpc3BsYXlNb2RlIjoianNvbi12aWV3In19AAAGAAAAY29uZmlnAAAAAAAAqP7//woAAABwcm9wZXJ0aWVzAAAAABIAGAAUABMAEgAMAAAACAAEABIAAAAUAAAAQAAAAEAAAAAAAAUBPAAAAAEAAAAEAAAAJP///wgAAAAUAAAACwAAAGRlc2NyaXB0aW9uAAQAAABuYW1lAAAAAAAAAAAc////CwAAAGRlc2NyaXB0aW9uAJb///8UAAAARAAAAEQAAAAAAAAFQAAAAAEAAAAEAAAAhP///wgAAAAYAAAADwAAAGNvbXBvbmVudFR5cGVJZAAEAAAAbmFtZQAAAAAAAAAAgP///w8AAABjb21wb25lbnRUeXBlSWQAAAASABgAFAAAABMADAAAAAgABAASAAAAFAAAAEgAAABMAAAAAAAABUgAAAABAAAADAAAAAgADAAIAAQACAAAAAgAAAAUAAAACQAAAGNvbXBvbmVudAAAAAQAAABuYW1lAAAAAAAAAAAEAAQABAAAAAkAAABjb21wb25lbnQAAACoAwAAQVJST1cx
