ðŸŒŸ This was machine generated.  Do not edit. ðŸŒŸ

Frame[0] {
    "custom": {}
}
Name: bounds
Dimensions: 1 Fields by 3 Rows
+------------------+
| Name: Value      |
| Labels:          |
| Type: []*float64 |
+------------------+
| 105.09           |
| 9.5              |
| 175.96           |
+------------------+


====== TEST DATA RESPONSE (arrow base64) ======
FRAME=QVJST1cxAAD/////QAEAABAAAAAAAAoADgAMAAsABAAKAAAAFAAAAAAAAAEDAAoADAAAAAgABAAKAAAACAAAAIQAAAADAAAAUAAAACgAAAAEAAAAVP///wgAAAAMAAAAAAAAAAAAAAAFAAAAcmVmSWQAAAB0////CAAAABAAAAAGAAAAYm91bmRzAAAEAAAAbmFtZQAAAACY////CAAAABgAAAANAAAAeyJjdXN0b20iOnt9fQAAAAQAAABtZXRhAAAAAAEAAAAYAAAAAAASABgAFAATABIADAAAAAgABAASAAAAFAAAAEQAAABMAAAAAAADAUwAAAABAAAADAAAAAgADAAIAAQACAAAAAgAAAAQAAAABQAAAFZhbHVlAAAABAAAAG5hbWUAAAAAAAAAAAAABgAIAAYABgAAAAAAAgAFAAAAVmFsdWUAAAAAAAAA/////4gAAAAUAAAAAAAAAAwAFgAUABMADAAEAAwAAAAYAAAAAAAAABQAAAAAAAADAwAKABgADAAIAAQACgAAABQAAAA4AAAAAwAAAAAAAAAAAAAAAgAAAAAAAAAAAAAAAAAAAAAAAAAAAAAAAAAAABgAAAAAAAAAAAAAAAEAAAADAAAAAAAAAAAAAAAAAAAA9ihcj8JFWkAAAAAAAAAjQB+F61G4/mVAEAAAAAwAFAASAAwACAAEAAwAAAAQAAAALAAAADgAAAAAAAMAAQAAAFABAAAAAAAAkAAAAAAAAAAYAAAAAAAAAAAAAAAAAAAAAAAKAAwAAAAIAAQACgAAAAgAAACEAAAAAwAAAFAAAAAoAAAABAAAAFT///8IAAAADAAAAAAAAAAAAAAABQAAAHJlZklkAAAAdP///wgAAAAQAAAABgAAAGJvdW5kcwAABAAAAG5hbWUAAAAAmP///wgAAAAYAAAADQAAAHsiY3VzdG9tIjp7fX0AAAAEAAAAbWV0YQAAAAABAAAAGAAAAAAAEgAYABQAEwASAAwAAAAIAAQAEgAAABQAAABEAAAATAAAAAAAAwFMAAAAAQAAAAwAAAAIAAwACAAEAAgAAAAIAAAAEAAAAAUAAABWYWx1ZQAAAAQAAABuYW1lAAAAAAAAAAAAAAYACAAGAAYAAAAAAAIABQAAAFZhbHVlAAAAaAEAAEFSUk9XMQ==
