ðŸŒŸ This was machine generated.  Do not edit. ðŸŒŸ

Frame[0] {
    "custom": {}
}
Name: documents
Dimensions: 2 Fields by 2 Rows
+-----------------+------------------------+
| Name: Key       | Name: Value            |
| Labels:         | Labels:                |
| Type: []*string | Type: []*string        |
+-----------------+------------------------+
| amazon          | https://www.amazon.com |
| google          | https://www.google.com |
+-----------------+------------------------+


====== TEST DATA RESPONSE (arrow base64) ======
FRAME=QVJST1cxAAD/////8AEAABAAAAAAAAoADgAMAAsABAAKAAAAFAAAAAAAAAEDAAoADAAAAAgABAAKAAAACAAAAIgAAAADAAAAVAAAACgAAAAEAAAAkP7//wgAAAAMAAAAAAAAAAAAAAAFAAAAcmVmSWQAAACw/v//CAAAABQAAAAJAAAAZG9jdW1lbnRzAAAABAAAAG5hbWUAAAAA2P7//wgAAAAYAAAADQAAAHsiY3VzdG9tIjp7fX0AAAAEAAAAbWV0YQAAAAACAAAA2AAAAAQAAABC////FAAAAKQAAACkAAAAAAAFAaAAAAACAAAALAAAAAQAAAA0////CAAAABAAAAAFAAAAVmFsdWUAAAAEAAAAbmFtZQAAAABY////CAAAAFAAAABHAAAAeyJsaW5rcyI6W3sidGl0bGUiOiJMaW5rIiwidGFyZ2V0QmxhbmsiOnRydWUsInVybCI6IiR7X192YWx1ZS50ZXh0fSJ9XX0ABgAAAGNvbmZpZwAAAAAAAJT///8FAAAAVmFsdWUAEgAYABQAEwASAAwAAAAIAAQAEgAAABQAAABAAAAARAAAAAAABQFAAAAAAQAAAAwAAAAIAAwACAAEAAgAAAAIAAAADAAAAAMAAABLZXkABAAAAG5hbWUAAAAAAAAAAAQABAAEAAAAAwAAAEtleQD/////2AAAABQAAAAAAAAADAAWABQAEwAMAAQADAAAAGAAAAAAAAAAFAAAAAAAAAMDAAoAGAAMAAgABAAKAAAAFAAAAHgAAAACAAAAAAAAAAAAAAAGAAAAAAAAAAAAAAAAAAAAAAAAAAAAAAAAAAAAEAAAAAAAAAAQAAAAAAAAABAAAAAAAAAAIAAAAAAAAAAAAAAAAAAAACAAAAAAAAAAEAAAAAAAAAAwAAAAAAAAADAAAAAAAAAAAAAAAAIAAAACAAAAAAAAAAAAAAAAAAAAAgAAAAAAAAAAAAAAAAAAAAAAAAAGAAAADAAAAAAAAABhbWF6b25nb29nbGUAAAAAAAAAABYAAAAsAAAAAAAAAGh0dHBzOi8vd3d3LmFtYXpvbi5jb21odHRwczovL3d3dy5nb29nbGUuY29tAAAAABAAAAAMABQAEgAMAAgABAAMAAAAEAAAACwAAAA8AAAAAAADAAEAAAAAAgAAAAAAAOAAAAAAAAAAYAAAAAAAAAAAAAAAAAAAAAAAAAAAAAoADAAAAAgABAAKAAAACAAAAIgAAAADAAAAVAAAACgAAAAEAAAAkP7//wgAAAAMAAAAAAAAAAAAAAAFAAAAcmVmSWQAAACw/v//CAAAABQAAAAJAAAAZG9jdW1lbnRzAAAABAAAAG5hbWUAAAAA2P7//wgAAAAYAAAADQAAAHsiY3VzdG9tIjp7fX0AAAAEAAAAbWV0YQAAAAACAAAA2AAAAAQAAABC////FAAAAKQAAACkAAAAAAAFAaAAAAACAAAALAAAAAQAAAA0////CAAAABAAAAAFAAAAVmFsdWUAAAAEAAAAbmFtZQAAAABY////CAAAAFAAAABHAAAAeyJsaW5rcyI6W3sidGl0bGUiOiJMaW5rIiwidGFyZ2V0QmxhbmsiOnRydWUsInVybCI6IiR7X192YWx1ZS50ZXh0fSJ9XX0ABgAAAGNvbmZpZwAAAAAAAJT///8FAAAAVmFsdWUAEgAYABQAEwASAAwAAAAIAAQAEgAAABQAAABAAAAARAAAAAAABQFAAAAAAQAAAAwAAAAIAAwACAAEAAgAAAAIAAAADAAAAAMAAABLZXkABAAAAG5hbWUAAAAAAAAAAAQABAAEAAAAAwAAAEtleQAgAgAAQVJST1cx
