ðŸŒŸ This was machine generated.  Do not edit. ðŸŒŸ

Frame[0] {
    "custom": {}
}
Name: 
Dimensions: 4 Fields by 10 Rows
+--------------------------------------------+---------------------------------------------------------------+-----------------------------------+---------------------------------------------------------------------------------------------------------------------------------------------+
| Name: componentId                          | Name: description                                             | Name: created                     | Name: arn                                                                                                                                   |
| Labels:                                    | Labels:                                                       | Labels:                           | Labels:                                                                                                                                     |
| Type: []*string                            | Type: []*string                                               | Type: []time.Time                 | Type: []*string                                                                                                                             |
+--------------------------------------------+---------------------------------------------------------------+-----------------------------------+---------------------------------------------------------------------------------------------------------------------------------------------+
| com.example.cookiefactory.alarm            | null                                                          | 2021-11-16 18:53:09.02 +0000 UTC  | arn:aws:iottwinmaker:us-east-1:166800769179:workspace/CookieFactory-11-16/component-type/com.example.cookiefactory.alarm                    |
| com.example.cookiefactory.mixer            | null                                                          | 2021-11-16 18:53:09.511 +0000 UTC | arn:aws:iottwinmaker:us-east-1:166800769179:workspace/CookieFactory-11-16/component-type/com.example.cookiefactory.mixer                    |
| com.example.cookiefactory.space            | null                                                          | 2021-11-16 18:53:10.146 +0000 UTC | arn:aws:iottwinmaker:us-east-1:166800769179:workspace/CookieFactory-11-16/component-type/com.example.cookiefactory.space                    |
| com.example.cookiefactory.watertank        | null                                                          | 2021-11-16 18:53:09.675 +0000 UTC | arn:aws:iottwinmaker:us-east-1:166800769179:workspace/CookieFactory-11-16/component-type/com.example.cookiefactory.watertank                |
| com.example.timestream-telemetry           | null                                                          | 2021-11-16 18:53:08.872 +0000 UTC | arn:aws:iottwinmaker:us-east-1:166800769179:workspace/CookieFactory-11-16/component-type/com.example.timestream-telemetry                   |
| com.amazon.iotsitewise.connector           | IoT SiteWise connector for syncing asset properties           | 2021-11-09 18:30:37.819 +0000 UTC | arn:aws:iottwinmaker:us-east-1:iotrociaccount:workspace/AmazonOwnedTypesWorkspace/component-type/com.amazon.iotsitewise.connector           |
| com.amazon.iotsitewise.connector.edgevideo | IoT SiteWise connector for syncing edgevideo asset properties | 2021-11-09 18:30:39.247 +0000 UTC | arn:aws:iottwinmaker:us-east-1:iotrociaccount:workspace/AmazonOwnedTypesWorkspace/component-type/com.amazon.iotsitewise.connector.edgevideo |
| com.amazon.iottwinmaker.alarm.basic        | Abstract alarm component type                                 | 2021-11-09 18:30:40.734 +0000 UTC | arn:aws:iottwinmaker:us-east-1:iotrociaccount:workspace/AmazonOwnedTypesWorkspace/component-type/com.amazon.iottwinmaker.alarm.basic        |
| com.amazon.iottwinmaker.documents          | Component type for storing document urls                      | 2021-11-09 18:30:36.391 +0000 UTC | arn:aws:iottwinmaker:us-east-1:iotrociaccount:workspace/AmazonOwnedTypesWorkspace/component-type/com.amazon.iottwinmaker.documents          |
| com.amazon.iottwinmaker.parameters         | Component type for storing parameter values                   | 2021-11-09 18:30:42.155 +0000 UTC | arn:aws:iottwinmaker:us-east-1:iotrociaccount:workspace/AmazonOwnedTypesWorkspace/component-type/com.amazon.iottwinmaker.parameters         |
+--------------------------------------------+---------------------------------------------------------------+-----------------------------------+---------------------------------------------------------------------------------------------------------------------------------------------+


====== TEST DATA RESPONSE (arrow base64) ======
FRAME=QVJST1cxAAD/////cAIAABAAAAAAAAoADgAMAAsABAAKAAAAFAAAAAAAAAEDAAoADAAAAAgABAAKAAAACAAAAIAAAAADAAAATAAAACgAAAAEAAAAJP7//wgAAAAMAAAAAAAAAAAAAAAFAAAAcmVmSWQAAABE/v//CAAAAAwAAAAAAAAAAAAAAAQAAABuYW1lAAAAAGT+//8IAAAAGAAAAA0AAAB7ImN1c3RvbSI6e319AAAABAAAAG1ldGEAAAAABAAAAEwBAADUAAAAbAAAAAQAAADW/v//FAAAADgAAAA4AAAAAAAFATQAAAABAAAABAAAAMT+//8IAAAADAAAAAMAAABhcm4ABAAAAG5hbWUAAAAAAAAAALT+//8DAAAAYXJuAAAAEgAYABQAAAATAAwAAAAIAAQAEgAAABQAAAA8AAAARAAAAAAAAApEAAAAAQAAAAQAAAAo////CAAAABAAAAAHAAAAY3JlYXRlZAAEAAAAbmFtZQAAAAAAAAAAAAAGAAgABgAGAAAAAAADAAcAAABjcmVhdGVkAJ7///8UAAAAQAAAAEAAAAAAAAUBPAAAAAEAAAAEAAAAjP///wgAAAAUAAAACwAAAGRlc2NyaXB0aW9uAAQAAABuYW1lAAAAAAAAAACE////CwAAAGRlc2NyaXB0aW9uAAAAEgAYABQAEwASAAwAAAAIAAQAEgAAABQAAABIAAAATAAAAAAABQFIAAAAAQAAAAwAAAAIAAwACAAEAAgAAAAIAAAAFAAAAAsAAABjb21wb25lbnRJZAAEAAAAbmFtZQAAAAAAAAAABAAEAAQAAAALAAAAY29tcG9uZW50SWQAAAAAAP////9IAQAAFAAAAAAAAAAMABYAFAATAAwABAAMAAAAEAgAAAAAAAAUAAAAAAAAAwMACgAYAAwACAAEAAoAAAAUAAAAyAAAAAoAAAAAAAAAAAAAAAsAAAAAAAAAAAAAAAAAAAAAAAAAAAAAAAAAAAAwAAAAAAAAADAAAAAAAAAAUAEAAAAAAACAAQAAAAAAAAgAAAAAAAAAiAEAAAAAAAAwAAAAAAAAALgBAAAAAAAA4AAAAAAAAACYAgAAAAAAAAAAAAAAAAAAmAIAAAAAAABQAAAAAAAAAOgCAAAAAAAAAAAAAAAAAADoAgAAAAAAADAAAAAAAAAAGAMAAAAAAAD4BAAAAAAAAAAAAAAEAAAACgAAAAAAAAAAAAAAAAAAAAoAAAAAAAAABQAAAAAAAAAKAAAAAAAAAAAAAAAAAAAACgAAAAAAAAAAAAAAAAAAAAAAAAAfAAAAPgAAAF0AAACAAAAAoAAAAMAAAADqAAAADQEAAC4BAABQAQAAAAAAAGNvbS5leGFtcGxlLmNvb2tpZWZhY3RvcnkuYWxhcm1jb20uZXhhbXBsZS5jb29raWVmYWN0b3J5Lm1peGVyY29tLmV4YW1wbGUuY29va2llZmFjdG9yeS5zcGFjZWNvbS5leGFtcGxlLmNvb2tpZWZhY3Rvcnkud2F0ZXJ0YW5rY29tLmV4YW1wbGUudGltZXN0cmVhbS10ZWxlbWV0cnljb20uYW1hem9uLmlvdHNpdGV3aXNlLmNvbm5lY3RvcmNvbS5hbWF6b24uaW90c2l0ZXdpc2UuY29ubmVjdG9yLmVkZ2V2aWRlb2NvbS5hbWF6b24uaW90dHdpbm1ha2VyLmFsYXJtLmJhc2ljY29tLmFtYXpvbi5pb3R0d2lubWFrZXIuZG9jdW1lbnRzY29tLmFtYXpvbi5pb3R0d2lubWFrZXIucGFyYW1ldGVyc+ADAAAAAAAAAAAAAAAAAAAAAAAAAAAAAAAAAAAAAAAAMwAAAHAAAACNAAAAtQAAAOAAAAAAAAAASW9UIFNpdGVXaXNlIGNvbm5lY3RvciBmb3Igc3luY2luZyBhc3NldCBwcm9wZXJ0aWVzSW9UIFNpdGVXaXNlIGNvbm5lY3RvciBmb3Igc3luY2luZyBlZGdldmlkZW8gYXNzZXQgcHJvcGVydGllc0Fic3RyYWN0IGFsYXJtIGNvbXBvbmVudCB0eXBlQ29tcG9uZW50IHR5cGUgZm9yIHN0b3JpbmcgZG9jdW1lbnQgdXJsc0NvbXBvbmVudCB0eXBlIGZvciBzdG9yaW5nIHBhcmFtZXRlciB2YWx1ZXMAv093lBu4FsDPk5SUG7gWgCRtupQbuBbAQFqelBu4FgByfW6UG7gWwLRL5En0tRbAQWk5SvS1FoATC5JK9LUWwCcuj0n0tRbA0L3mSvS1FgAAAAB4AAAA8AAAAGgBAADkAQAAXQIAAN4CAABpAwAA7QMAAG8EAADyBAAAAAAAAGFybjphd3M6aW90dHdpbm1ha2VyOnVzLWVhc3QtMToxNjY4MDA3NjkxNzk6d29ya3NwYWNlL0Nvb2tpZUZhY3RvcnktMTEtMTYvY29tcG9uZW50LXR5cGUvY29tLmV4YW1wbGUuY29va2llZmFjdG9yeS5hbGFybWFybjphd3M6aW90dHdpbm1ha2VyOnVzLWVhc3QtMToxNjY4MDA3NjkxNzk6d29ya3NwYWNlL0Nvb2tpZUZhY3RvcnktMTEtMTYvY29tcG9uZW50LXR5cGUvY29tLmV4YW1wbGUuY29va2llZmFjdG9yeS5taXhlcmFybjphd3M6aW90dHdpbm1ha2VyOnVzLWVhc3QtMToxNjY4MDA3NjkxNzk6d29ya3NwYWNlL0Nvb2tpZUZhY3RvcnktMTEtMTYvY29tcG9uZW50LXR5cGUvY29tLmV4YW1wbGUuY29va2llZmFjdG9yeS5zcGFjZWFybjphd3M6aW90dHdpbm1ha2VyOnVzLWVhc3QtMToxNjY4MDA3NjkxNzk6d29ya3NwYWNlL0Nvb2tpZUZhY3RvcnktMTEtMTYvY29tcG9uZW50LXR5cGUvY29tLmV4YW1wbGUuY29va2llZmFjdG9yeS53YXRlcnRhbmthcm46YXdzOmlvdHR3aW5tYWtlcjp1cy1lYXN0LTE6MTY2ODAwNzY5MTc5OndvcmtzcGFjZS9Db29raWVGYWN0b3J5LTExLTE2L2NvbXBvbmVudC10eXBlL2NvbS5leGFtcGxlLnRpbWVzdHJlYW0tdGVsZW1ldHJ5YXJuOmF3czppb3R0d2lubWFrZXI6dXMtZWFzdC0xOmlvdHJvY2lhY2NvdW50OndvcmtzcGFjZS9BbWF6b25Pd25lZFR5cGVzV29ya3NwYWNlL2NvbXBvbmVudC10eXBlL2NvbS5hbWF6b24uaW90c2l0ZXdpc2UuY29ubmVjdG9yYXJuOmF3czppb3R0d2lubWFrZXI6dXMtZWFzdC0xOmlvdHJvY2lhY2NvdW50OndvcmtzcGFjZS9BbWF6b25Pd25lZFR5cGVzV29ya3NwYWNlL2NvbXBvbmVudC10eXBlL2NvbS5hbWF6b24uaW90c2l0ZXdpc2UuY29ubmVjdG9yLmVkZ2V2aWRlb2Fybjphd3M6aW90dHdpbm1ha2VyOnVzLWVhc3QtMTppb3Ryb2NpYWNjb3VudDp3b3Jrc3BhY2UvQW1hem9uT3duZWRUeXBlc1dvcmtzcGFjZS9jb21wb25lbnQtdHlwZS9jb20uYW1hem9uLmlvdHR3aW5tYWtlci5hbGFybS5iYXNpY2Fybjphd3M6aW90dHdpbm1ha2VyOnVzLWVhc3QtMTppb3Ryb2NpYWNjb3VudDp3b3Jrc3BhY2UvQW1hem9uT3duZWRUeXBlc1dvcmtzcGFjZS9jb21wb25lbnQtdHlwZS9jb20uYW1hem9uLmlvdHR3aW5tYWtlci5kb2N1bWVudHNhcm46YXdzOmlvdHR3aW5tYWtlcjp1cy1lYXN0LTE6aW90cm9jaWFjY291bnQ6d29ya3NwYWNlL0FtYXpvbk93bmVkVHlwZXNXb3Jrc3BhY2UvY29tcG9uZW50LXR5cGUvY29tLmFtYXpvbi5pb3R0d2lubWFrZXIucGFyYW1ldGVycwAAAAAAABAAAAAMABQAEgAMAAgABAAMAAAAEAAAACwAAAA4AAAAAAADAAEAAACAAgAAAAAAAFABAAAAAAAAEAgAAAAAAAAAAAAAAAAAAAAACgAMAAAACAAEAAoAAAAIAAAAgAAAAAMAAABMAAAAKAAAAAQAAAAk/v//CAAAAAwAAAAAAAAAAAAAAAUAAAByZWZJZAAAAET+//8IAAAADAAAAAAAAAAAAAAABAAAAG5hbWUAAAAAZP7//wgAAAAYAAAADQAAAHsiY3VzdG9tIjp7fX0AAAAEAAAAbWV0YQAAAAAEAAAATAEAANQAAABsAAAABAAAANb+//8UAAAAOAAAADgAAAAAAAUBNAAAAAEAAAAEAAAAxP7//wgAAAAMAAAAAwAAAGFybgAEAAAAbmFtZQAAAAAAAAAAtP7//wMAAABhcm4AAAASABgAFAAAABMADAAAAAgABAASAAAAFAAAADwAAABEAAAAAAAACkQAAAABAAAABAAAACj///8IAAAAEAAAAAcAAABjcmVhdGVkAAQAAABuYW1lAAAAAAAAAAAAAAYACAAGAAYAAAAAAAMABwAAAGNyZWF0ZWQAnv///xQAAABAAAAAQAAAAAAABQE8AAAAAQAAAAQAAACM////CAAAABQAAAALAAAAZGVzY3JpcHRpb24ABAAAAG5hbWUAAAAAAAAAAIT///8LAAAAZGVzY3JpcHRpb24AAAASABgAFAATABIADAAAAAgABAASAAAAFAAAAEgAAABMAAAAAAAFAUgAAAABAAAADAAAAAgADAAIAAQACAAAAAgAAAAUAAAACwAAAGNvbXBvbmVudElkAAQAAABuYW1lAAAAAAAAAAAEAAQABAAAAAsAAABjb21wb25lbnRJZACYAgAAQVJST1cx
