ðŸŒŸ This was machine generated.  Do not edit. ðŸŒŸ

Frame[0] {
    "custom": {}
}
Name: 
Dimensions: 5 Fields by 106 Rows
+--------------------------------------------------------------+-------------------------+-------------------+-----------------------------------+-----------------------------------------------------------------------------------------------------------------------------------------------+
| Name: entityId                                               | Name: name              | Name: description | Name: created                     | Name: arn                                                                                                                                     |
| Labels:                                                      | Labels:                 | Labels:           | Labels:                           | Labels:                                                                                                                                       |
| Type: []*string                                              | Type: []*string         | Type: []*string   | Type: []time.Time                 | Type: []*string                                                                                                                               |
+--------------------------------------------------------------+-------------------------+-------------------+-----------------------------------+-----------------------------------------------------------------------------------------------------------------------------------------------+
| MotionIndicatorWidget_1_bf298ea4-38cc-48bc-8ffe-62d823dea083 | MotionIndicatorWidget_1 |                   | 2021-11-16 18:53:20.572 +0000 UTC | arn:aws:iottwinmaker:us-east-1:166800769179:workspace/CookieFactory-11-16/entity/MotionIndicatorWidget_1_bf298ea4-38cc-48bc-8ffe-62d823dea083 |
| PALLET_98648a84-72da-443a-b625-f671d99a13ba                  | PALLET                  |                   | 2021-11-16 18:53:14.224 +0000 UTC | arn:aws:iottwinmaker:us-east-1:166800769179:workspace/CookieFactory-11-16/entity/PALLET_98648a84-72da-443a-b625-f671d99a13ba                  |
| MotionIndicatorWidget_1_37172154-f31f-4f8a-bd00-e5676eb43eaf | MotionIndicatorWidget_1 |                   | 2021-11-16 18:53:19.086 +0000 UTC | arn:aws:iottwinmaker:us-east-1:166800769179:workspace/CookieFactory-11-16/entity/MotionIndicatorWidget_1_37172154-f31f-4f8a-bd00-e5676eb43eaf |
| Mixer_16_1fb550b1-868f-4efc-b39a-0e1c0f611890                | Mixer_16                |                   | 2021-11-16 18:53:25.669 +0000 UTC | arn:aws:iottwinmaker:us-east-1:166800769179:workspace/CookieFactory-11-16/entity/Mixer_16_1fb550b1-868f-4efc-b39a-0e1c0f611890                |
| Factory_aa3d7d8b-6b94-44fe-ab02-6936bfcdade6                 | Factory                 |                   | 2021-11-16 18:53:31.645 +0000 UTC | arn:aws:iottwinmaker:us-east-1:166800769179:workspace/CookieFactory-11-16/entity/Factory_aa3d7d8b-6b94-44fe-ab02-6936bfcdade6                 |
| LABELING_BELT_917ad457-dcb5-4781-a735-df1c7a48ab94           | LABELING_BELT           |                   | 2021-11-16 18:53:22.222 +0000 UTC | arn:aws:iottwinmaker:us-east-1:166800769179:workspace/CookieFactory-11-16/entity/LABELING_BELT_917ad457-dcb5-4781-a735-df1c7a48ab94           |
| CONVEYOR_STRIGHT_301d3d79-455f-4be2-8b87-843f6b7827d8        | CONVEYOR_STRIGHT        |                   | 2021-11-16 18:53:21.253 +0000 UTC | arn:aws:iottwinmaker:us-east-1:166800769179:workspace/CookieFactory-11-16/entity/CONVEYOR_STRIGHT_301d3d79-455f-4be2-8b87-843f6b7827d8        |
| Warehouse_Room_D_e2afb57b-63ad-4e6a-ada3-492f8d11f563        | Warehouse_Room_D        |                   | 2021-11-16 18:53:36.602 +0000 UTC | arn:aws:iottwinmaker:us-east-1:166800769179:workspace/CookieFactory-11-16/entity/Warehouse_Room_D_e2afb57b-63ad-4e6a-ada3-492f8d11f563        |
| MotionIndicatorWidget_e1d52c7c-b336-4911-84e8-3fc1155a118f   | MotionIndicatorWidget   |                   | 2021-11-16 18:53:21.057 +0000 UTC | arn:aws:iottwinmaker:us-east-1:166800769179:workspace/CookieFactory-11-16/entity/MotionIndicatorWidget_e1d52c7c-b336-4911-84e8-3fc1155a118f   |
| ...                                                          | ...                     | ...               | ...                               | ...                                                                                                                                           |
+--------------------------------------------------------------+-------------------------+-------------------+-----------------------------------+-----------------------------------------------------------------------------------------------------------------------------------------------+


====== TEST DATA RESPONSE (arrow base64) ======
FRAME=QVJST1cxAAD/////yAIAABAAAAAAAAoADgAMAAsABAAKAAAAFAAAAAAAAAEDAAoADAAAAAgABAAKAAAACAAAAIAAAAADAAAATAAAACgAAAAEAAAAzP3//wgAAAAMAAAAAAAAAAAAAAAFAAAAcmVmSWQAAADs/f//CAAAAAwAAAAAAAAAAAAAAAQAAABuYW1lAAAAAAz+//8IAAAAGAAAAA0AAAB7ImN1c3RvbSI6e319AAAABAAAAG1ldGEAAAAABQAAAKQBAAA4AQAA1AAAAGwAAAAEAAAAgv7//xQAAAA4AAAAOAAAAAAABQE0AAAAAQAAAAQAAABw/v//CAAAAAwAAAADAAAAYXJuAAQAAABuYW1lAAAAAAAAAABg/v//AwAAAGFybgAAABIAGAAUAAAAEwAMAAAACAAEABIAAAAUAAAAPAAAAEQAAAAAAAAKRAAAAAEAAAAEAAAA1P7//wgAAAAQAAAABwAAAGNyZWF0ZWQABAAAAG5hbWUAAAAAAAAAAAAABgAIAAYABgAAAAAAAwAHAAAAY3JlYXRlZABK////FAAAAEAAAABAAAAAAAAFATwAAAABAAAABAAAADj///8IAAAAFAAAAAsAAABkZXNjcmlwdGlvbgAEAAAAbmFtZQAAAAAAAAAAMP///wsAAABkZXNjcmlwdGlvbgCq////FAAAADwAAAA8AAAAAAAFATgAAAABAAAABAAAAJj///8IAAAAEAAAAAQAAABuYW1lAAAAAAQAAABuYW1lAAAAAAAAAACM////BAAAAG5hbWUAABIAGAAUABMAEgAMAAAACAAEABIAAAAUAAAASAAAAEwAAAAAAAUBSAAAAAEAAAAMAAAACAAMAAgABAAIAAAACAAAABQAAAAIAAAAZW50aXR5SWQAAAAABAAAAG5hbWUAAAAAAAAAAAQABAAEAAAACAAAAGVudGl0eUlkAAAAAAAAAAD/////iAEAABQAAAAAAAAADAAWABQAEwAMAAQADAAAAIBaAAAAAAAAFAAAAAAAAAMDAAoAGAAMAAgABAAKAAAAFAAAAPgAAABqAAAAAAAAAAAAAAAOAAAAAAAAAAAAAAAAAAAAAAAAAAAAAAAAAAAAsAEAAAAAAACwAQAAAAAAALgUAAAAAAAAaBYAAAAAAAAAAAAAAAAAAGgWAAAAAAAAsAEAAAAAAAAYGAAAAAAAAHgFAAAAAAAAkB0AAAAAAAAAAAAAAAAAAJAdAAAAAAAAsAEAAAAAAABAHwAAAAAAAAAAAAAAAAAAQB8AAAAAAAAAAAAAAAAAAEAfAAAAAAAAUAMAAAAAAACQIgAAAAAAAAAAAAAAAAAAkCIAAAAAAACwAQAAAAAAAEAkAAAAAAAAQDYAAAAAAAAAAAAABQAAAGoAAAAAAAAAAAAAAAAAAABqAAAAAAAAAAAAAAAAAAAAagAAAAAAAAAAAAAAAAAAAGoAAAAAAAAAAAAAAAAAAABqAAAAAAAAAAAAAAAAAAAAAAAAADwAAABnAAAAowAAANAAAAD8AAAALgEAAGMBAACYAQAA0gEAAAcCAAAzAgAAYwIAAI4CAADKAgAA+AIAACYDAABYAwAAigMAAL0DAADpAwAAFgQAAEIEAABuBAAAowQAAM4EAAADBQAAOgUAAG8FAAClBQAA0QUAAAEGAAAzBgAAZQYAAJEGAADGBgAA8wYAAC0HAABaBwAAjwcAAMUHAAD3BwAALwgAAGEIAACTCAAAtwgAAOkIAAAeCQAASgkAAIYJAAC4CQAA7gkAACAKAABYCgAAhQoAALcKAADvCgAAHQsAAE8LAAB8CwAAswsAAN8LAAAbDAAASwwAAHgMAACqDAAA1wwAAAINAAA8DQAAaw0AAKYNAADbDQAACg4AAEYOAAB7DgAArQ4AAOgOAAAVDwAAQA8AAHwPAACvDwAA3w8AAAsQAAA+EAAAaxAAAJ0QAADSEAAAAxEAADsRAABoEQAAlREAAMcRAAADEgAAMxIAAGASAACVEgAAyBIAAP8SAAAuEwAAWxMAAIgTAAC1EwAA5xMAACMUAABVFAAAihQAALYUAAAAAAAATW90aW9uSW5kaWNhdG9yV2lkZ2V0XzFfYmYyOThlYTQtMzhjYy00OGJjLThmZmUtNjJkODIzZGVhMDgzUEFMTEVUXzk4NjQ4YTg0LTcyZGEtNDQzYS1iNjI1LWY2NzFkOTlhMTNiYU1vdGlvbkluZGljYXRvcldpZGdldF8xXzM3MTcyMTU0LWYzMWYtNGY4YS1iZDAwLWU1Njc2ZWI0M2VhZk1peGVyXzE2XzFmYjU1MGIxLTg2OGYtNGVmYy1iMzlhLTBlMWMwZjYxMTg5MEZhY3RvcnlfYWEzZDdkOGItNmI5NC00NGZlLWFiMDItNjkzNmJmY2RhZGU2TEFCRUxJTkdfQkVMVF85MTdhZDQ1Ny1kY2I1LTQ3ODEtYTczNS1kZjFjN2E0OGFiOTRDT05WRVlPUl9TVFJJR0hUXzMwMWQzZDc5LTQ1NWYtNGJlMi04Yjg3LTg0M2Y2Yjc4MjdkOFdhcmVob3VzZV9Sb29tX0RfZTJhZmI1N2ItNjNhZC00ZTZhLWFkYTMtNDkyZjhkMTFmNTYzTW90aW9uSW5kaWNhdG9yV2lkZ2V0X2UxZDUyYzdjLWIzMzYtNDkxMS04NGU4LTNmYzExNTVhMTE4ZlZlcnRpY2FsQ29udmV5b3JfYmY1YzNiMmEtYzA5Mi00M2Q2LTkwZGYtMDdjOGNlZDU1MmIwTWl4ZXJfNF83ODRiM2MzZS01Nzc5LTRjYTEtYWQwYi0wMzZiMThkZDFmY2NCT1hfRVJFQ1RPUl8xNDI0OTZhZi1kZjJlLTQ5MGUtYWVkNS0yNTgwZWFmNzVlNDBNaXhlcnNfYjFlMDgxZWUtZTZhMy00NjM2LTgyY2ItNmI2YmNlMDc4NmE3TW90aW9uSW5kaWNhdG9yV2lkZ2V0XzFfNzU0ZmVkNjItZDFmNi00MDNjLWIwMWUtMGUyZDdhMmRkOTViV2FyZWhvdXNlXzA1ODc3OWFmLTgyOTItNDYzNi04NGVlLWMwNjVlNmRhNDYyZEVxdWlwbWVudF81YzllODNkMi0xODgwLTRmODMtYWZmZC05YTI3ZjgwZDM5ZjdPZmZpY2VfUm9vbV9BXzJhZDQxZWEwLTFmMDgtNDEyMC05NDg1LWRjZmNiMThkN2IxZk9mZmljZV9Sb29tX0JfMDM0MzJiNDEtNWY5My00ODBlLWEwZDQtMmE2MWE1YzIzMTczRlJFRVpFUl9UVU5ORUxfZTEyZTA3MzMtZjVkZi00NjA0LThmMTAtNDE3ZjQ5ZTZkMjk4TWl4ZXJfMF9jZDgxZDlmZC0zZjc0LTQzN2EtODAyYi05NzQ3ZmYyNDA4MzdNaXhlcl8xMF85ZWU4OTEzZC0xZmVmLTQ0NTMtYmVlZS1mYmZjMTQ3ZmMwM2NNaXhlcl81XzAxOGZiZjY5LWMwNmEtNDY5MC04ODE3LTUzYmYxNjNkZjhkNE1peGVyXzFfNGI1N2NiZWUtYzM5MS00ZGU2LWI4ODItNjIyYzYzM2E2OTdlV2FyZWhvdXNlX1Jvb21fRl8zMTRiM2RhZi04ODhkLTQxZmYtYWU1My0wZTgzYWFjMmY3MDBTcGFjZXNfYWFlMTQ3ZmEtMDE0Zi00MWIwLWFkYmUtMWRkNjgwMmJmZTQ4V2FyZWhvdXNlX1Jvb21fRV82MmEwODI2Ny1hODlmLTRhM2MtODI2ZS04NDRmYzUyNzM2ZTVDT05WRVlPUl9MRUZUX1RVUk5fZDJlNzJkYTktMzMzMy00YTI0LTllMjMtMGRkNjRhODI5Yzk0T2ZmaWNlX1JlY2VwdGlvbl8wZDgzOTMyNC00ZGEzLTQxODktYWE0Yi1kMmRiYmQyZDA2MTlWRVJUSUNBTF9DT05WRVlPUl9kNTQyM2Y3Zi0zNzljLTRhOTctYWFlMC0zYTVjMGJjYzkxMTZNaXhlcl85XzY3OWFlZDdjLTk1NDQtNGQwNi1iZjY0LTZhMTkzODE3NjVjYUNPT0tJRV9MSU5FXzVjZTlmMWQ1LTYxYjAtNDMzZi1hODUwLTUzZmE3Y2EyN2FhMU9mZmljZV9Sb29tX0VfNjE3NGVhM2QtYzJhMC00OTI5LTkwM2YtZmE2YjliOTc5ZDkyQ09PS0lFX0ZPUk1FUl8xOTU1NmJmZC00NjljLTQwYmMtYTM4OS1kYmVhYjI1NWMxNDRNaXhlcl83XzUyMmU2NGQ2LWI1YzItNDk4MC1iZDNmLTVkYjFjZjgzN2IxZldhcmVob3VzZV9Sb29tX0JfNDllMTY4ZjktNDEzYS00YTc1LWI0NzItNjc3ZjQ2MTdiNGM4TWl4ZXJfMTFfNjc3ODVmM2YtMjI5ZC00ZDQxLTljZTQtMDlhNWFmMWYxNTJiTW90aW9uSW5kaWNhdG9yV2lkZ2V0X2UxNTVkOTRkLTg0Y2QtNDYwZi05YTkzLTM3YWFlYTc0MjA0ME1peGVyXzE0XzQ1NmJhMjkxLWJmNjAtNDE3YS04NDhmLTIyYTUyYmMxY2I2NlZlcnRpY2FsQ29udmV5b3JfOWY0MzIzYTMtNmM4Ny00MTlhLWEwODctNmJlMWE0YzZhOTI2VkVSVElDQUxfQ09OVkVZT1JfYTEwZWUyMWMtYzg1OS00ZDczLWIwYmItMzk2ZGFhZjAyMzM1T2ZmaWNlX1Jvb21fQ19iNWIzODFjZC1iN2Q3LTQ3N2YtOGVkMC1lODA3MjNlODkxOTJDT05WRVlPUl9SSUdIVF9UVVJOX2M0ZjJkZjNkLTI2YTItNDVjNS1hNmM5LTAyY2EwMGViNGFmNkxBQkVMSU5HX0JFTFRfYTUwN2RiODUtMmQ5NC00OGQ3LWI3ZTAtYTIwNWMxYjViNTA5Q09PS0lFX0xJTkVfMV83MGNkZTA5Yy0yYzJiLTRhYTItOWZjMy1hOTFmZjY1OWU4ZjNiMmYzMWNlMi0wYzcxLTRlNmQtOGM2NS0wMDBkODc4MWQ2NzZDT09LSUVfRk9STUVSX2U4N2FjYWQyLTE4NTItNGY5OC04OTFmLWM4ZjlhM2ViN2RkNFdhcmVob3VzZV9Sb29tX0FfZTRjNTc5ZGQtNWM1OS00NmY4LWE5YWUtZTQwNmQ2NDM4MTMyTWl4ZXJfNl85YWEwY2Q2Yy1hOGY3LTRhOGEtOTg4MS05YzNjYjJhMjJiZjFNb3Rpb25JbmRpY2F0b3JXaWRnZXRfMV9lY2JmNGE2NS0wMjViLTRkNDctYTM5NS0yNGQ0MDAxMDliMDNQTEFTVElDX0xJTkVSX2E3N2U3NmJjLTUzZjMtNDIwZC04YjJmLTc2MTAzYzgxMGZhY1ZFUlRJQ0FMX0NPTlZFWU9SX2M5NGY0NmMyLWY0N2MtNDM3YS05OThjLWQ2ZTkxYjczNmUyNE9mZmljZV9Sb29tX0ZfMjliYzQzZDUtYjc4Ny00N2NmLTlkZGItMDlhZGMyMzY2YTNiQ09OVkVZT1JfUklHSFRfVFVSTl9lNDNkZjYxZS1mNjc1LTQ2MWYtOTdkMS1mYTE2Yjk4NTU0MzRNaXhlcl8xMl84N2MxOWZkZi1lODI0LTQ3MmQtYTJlMy0xNTAxMmU4ZmM3YThPZmZpY2VfUm9vbV9IX2Y5YmM4MjdlLWFmNjYtNDYzMC1hZmRlLTE5M2E5NDA2OTRmZENhbWVyYV9NaXhpbmdSb29tXzFfOWE5YWY5OWMtOWE4YS00OWE5LWIzYzItNjFkZThlOGFmZTBjV2F0ZXJUYW5rX2FiNWU4YmMwLTVjOGYtNDRkOC1iMGE5LWJlZjljOGQyY2ZhYk9mZmljZV9Sb29tX0RfMTA4ZWE1NDUtNjE0Yy00MzIxLThmNWItYTdjZDliODc1NTZiTWl4ZXJfMjVfN2QwNDBhNDItNTVjNy00YTFjLTk1MDktY2UzZTA5ZTgwNzFlQ09OVkVZT1JfTEVGVF9UVVJOX2IyOGYyY2E5LWI2YTctNDRjZC1hNjJkLTdmNzZmYzE3YmE0NU1peGVyXzJfMDZhYzYzYzQtZDY4ZC00NzIzLTg5MWEtOGU3NThmODQ1NmVmTW90aW9uSW5kaWNhdG9yV2lkZ2V0XzJfMzEwMWVhYmYtYWQwNS00MjMyLThmZjMtNjc1ZDNjZGE0NDA1Qk9YX0VSRUNUT1JfYzc1MDMyMmQtYmQ4My00YTE3LThiOWMtYWNmYTYyZWQ2ZDY0TWl4ZXJfMjNfMDE3ZDkyYTgtNmJjOC00NGQwLWFhY2YtODk0M2ZiNzc2ODc3Q09PS0lFX0xJTkVfMl8zMWJlNDRiZS02ZGYzLTQzMTItYmQ4Zi04NGE5MjgyZjUwMjlNaXhlcl8xOF8wYmQ0OWEwMC0xMjhiLTRhMDUtYjY5NC1jMGFjZjBlMTIwNDdQQUxMRVRfYmI5NThlZTctZThiOS00MTJjLTkxYTQtYWRkYTNmOTI0YmE2TW90aW9uSW5kaWNhdG9yV2lkZ2V0X2FhOGFlNGVhLWVkMzMtNDdiNi1hZTg0LTNjMGNmZTdlNDcwNUJPWF9TRUFMRVJfYWQ0MzRhMzQtNDM2My00YTM2LTgxNTMtMjBiZDcxODk5NTFkV2FyZWhvdXNlX0Zsb29yc3BhY2VfQl82NjMzZGM0OS01YjBjLTRlMGItOTczYy05MWM3YTRlZGY0NzBXYXJlaG91c2VfUm9vbV9DX2ViMTE3NTA2LTQ3OWMtNDg5OS1iNDBmLTEyMGVjOTQ1NzJjYkJPWF9TRUFMRVJfYzE2MzhiOWUtMjdlMS00ZTc2LTkwOTYtNWNlMmFhMWRlNmY0TW90aW9uSW5kaWNhdG9yV2lkZ2V0XzFfOWRmZmYyYjAtZTZkYi00NDdiLWI5MDMtYWY4NzAxNThhOGFiQ09OVkVZT1JfU1RSSUdIVF9hMWY5MGFmOC1lYTg4LTQzOTctYjI2My01N2VhNmU0MWU1NTRQTEFTVElDX0xJTkVSXzczYTVjMTFkLWQ3MzgtNDZlZi1iYTBjLTk2OWQwYWJkMTMzNFdhcmVob3VzZV9GbG9vcnNwYWNlX0FfYWJjZjkzYWEtYTI5YS00MjhjLWJlYmMtNGIwZDliNDQ3MDM3TWl4ZXJfMjRfMjU0YjE1OTctMzE1My00ZWUxLWJhZTQtZDk2MWM1ODEwZTdmUEFMTEVUX2M3OTBjNGYyLTg1ZjAtNGNmNC05YzA4LTg0NmVjNDllM2Y0YU1vdGlvbkluZGljYXRvcldpZGdldF8yXzZmNzIyZjg0LTMwYzgtNDI2ZC1hZTdjLWY5NDA2NzRkODJmOUZSRUVaRVJfVFVOTkVMX2M3MjZhMjFlLThmZDQtNDIxMC1iNzFlLTBlZjlhY2M1OWQ5N0Nvb2tpZUxpbmVzX2E3YTQ3YjNjLThkZTAtNDI4My1iZjNmLTQxNzdiYzA0NjRlZE1peGVyXzhfZmM2ZTUyZGQtMTYwMC00MDJmLWFlZTctNGQxN2VjYTY4ZDVmT2ZmaWNlX0hhbGx3YXlfZDc3MzhiMGMtN2E5ZC00NzkxLWE0OWQtZGRjNTIwZjUwMjEyTWl4ZXJfMTdfMGE3MWIzMjEtN2ZmOS00NjI0LWE4OTQtZDBhNDU0MWQ2MzBjUExBU1RJQ19MSU5FUl8yM2RmMmE3Mi0zMGQ2LTRmOGYtYmMxNS05NWE4ZTk0NWI0ZmFDT05WRVlPUl9TVFJJR0hUXzljNjJjNTQ2LWY4ZWYtNDg5ZC05OTM4LWQ0NmExMmM5N2YzMk9mZmljZV9TcGFjZV8zYzFlMWJkZS1iODQyLTQ5NmQtOTgzMi1hMWM3ZGI1ZDg1YWJDT05WRVlPUl9SSUdIVF9UVVJOXzU0OTcyMTk0LTkzOTQtNDE1OC1hMTIyLTEzOGE3ZTRhNjY1NE1peGVyXzE1XzNiYTI5YWMyLTZmY2MtNDg4NC1hOTZlLWZjYWIzOWNhYTM1Zk1peGVyXzE5XzAwMmEwYmZkLTc4ZjItNDdkNS1iNjk0LTczZmZlYjBiZTllZU9mZmljZV9Sb29tX0dfZDg0ZGE0MWMtMzNhMy00YzVhLWEwY2EtYTIwM2JmNWEyZmFmTW90aW9uSW5kaWNhdG9yV2lkZ2V0XzJfYjllMzc4YzktMmVhNi00MDQxLTg0OWYtMzJkNzhkMjM5MmQwQk9YX0VSRUNUT1JfMTcwYzVlMjEtNDQxZC00MTgxLWFiM2EtZjdkMDFlZGRmMWI4TWl4ZXJfMjBfNDM0NWM3MTktY2Y3Ni00YzRmLThjMTAtMzVjNjk1MTRlNjA2VmVydGljYWxDb252ZXlvcl8xOTg5ZGFhMi03YjZiLTQ3MTctYTIzMy01ZjcwODA3M2VlNGVGUkVFWkVSX1RVTk5FTF8yZjIxNzI2ZC02NGY5LTRlOTItODZlMi1iOGQxYmIzZTU0ZDdDT05WRVlPUl9MRUZUX1RVUk5fZjUxOGNjNDMtOTBkNi00Yzc3LWJmMDYtYTA5NjA4MDIzNGFhQk9YX1NFQUxFUl85MWJjZWFiYy1lZjNmLTQ3ODMtYTA4MC0xMGZhMjU1NTdmZjhNaXhlcl8yMl9kMTMzYzlkMC00NzJjLTQ4YmItOGYxNC01NGYzODkwYmMwZmVNaXhlcl8yMV9hMmZiMzliYS03Yzc2LTQwNjQtOTFmOC03OTI3MThiNjRmYzVNaXhlcl8xM182OGJiMDlkZC03Zjg5LTQ2ZWUtYjAwYS1mNWExMTI2ZTVlNWRDT09LSUVfRk9STUVSXzkzYmFlMTZjLTljYWYtNDI4MS04NTA5LWUwNDRkZDE3ZmEzNE1vdGlvbkluZGljYXRvcldpZGdldF8xX2RkZDU4NDlmLWNlNWMtNGM2YS04MDU2LWM4MjllYmVlN2MyNkxBQkVMSU5HX0JFTFRfNWY5OGZmZDItY2VkMS00OGRkLWExMTEtZTM1MDNiNGU4NTMyU2l0ZVdhdGNoQ2FtZXJhc19kNjIxMzEwYS1lOTRhLTQ4NDAtYTNhYS1iYTBiYmE0YzdmODFNaXhlcl8zXzMyMThjNmQ4LTYyN2UtNDY1Zi05YWVhLWNkYmNkMjEyNjI1YgAAAAAAABcAAAAdAAAANAAAADwAAABDAAAAUAAAAGAAAABwAAAAhQAAAJUAAACcAAAApwAAAK0AAADEAAAAzQAAANYAAADjAAAA8AAAAP4AAAAFAQAADQEAABQBAAAbAQAAKwEAADEBAABBAQAAUwEAAGMBAAB0AQAAewEAAIYBAACTAQAAoAEAAKcBAAC3AQAAvwEAANQBAADcAQAA7AEAAP0BAAAKAgAAHQIAACoCAAA3AgAARQIAAFICAABiAgAAaQIAAIACAACNAgAAngIAAKsCAAC+AgAAxgIAANMCAADmAgAA7wIAAPwCAAAEAwAAFgMAAB0DAAA0AwAAPwMAAEcDAABUAwAAXAMAAGIDAAB3AwAAgQMAAJcDAACnAwAAsQMAAMgDAADYAwAA5QMAAPsDAAADBAAACQQAACAEAAAuBAAAOQQAAEAEAABOBAAAVgQAAGMEAABzBAAAfwQAAJIEAACaBAAAogQAAK8EAADGBAAA0QQAANkEAADpBAAA9wQAAAkFAAATBQAAGwUAACMFAAArBQAAOAUAAE8FAABcBQAAbAUAAHMFAAAAAAAATW90aW9uSW5kaWNhdG9yV2lkZ2V0XzFQQUxMRVRNb3Rpb25JbmRpY2F0b3JXaWRnZXRfMU1peGVyXzE2RmFjdG9yeUxBQkVMSU5HX0JFTFRDT05WRVlPUl9TVFJJR0hUV2FyZWhvdXNlX1Jvb21fRE1vdGlvbkluZGljYXRvcldpZGdldFZlcnRpY2FsQ29udmV5b3JNaXhlcl80Qk9YX0VSRUNUT1JNaXhlcnNNb3Rpb25JbmRpY2F0b3JXaWRnZXRfMVdhcmVob3VzZUVxdWlwbWVudE9mZmljZV9Sb29tX0FPZmZpY2VfUm9vbV9CRlJFRVpFUl9UVU5ORUxNaXhlcl8wTWl4ZXJfMTBNaXhlcl81TWl4ZXJfMVdhcmVob3VzZV9Sb29tX0ZTcGFjZXNXYXJlaG91c2VfUm9vbV9FQ09OVkVZT1JfTEVGVF9UVVJOT2ZmaWNlX1JlY2VwdGlvblZFUlRJQ0FMX0NPTlZFWU9STWl4ZXJfOUNPT0tJRV9MSU5FT2ZmaWNlX1Jvb21fRUNPT0tJRV9GT1JNRVJNaXhlcl83V2FyZWhvdXNlX1Jvb21fQk1peGVyXzExTW90aW9uSW5kaWNhdG9yV2lkZ2V0TWl4ZXJfMTRWZXJ0aWNhbENvbnZleW9yVkVSVElDQUxfQ09OVkVZT1JPZmZpY2VfUm9vbV9DQ09OVkVZT1JfUklHSFRfVFVSTkxBQkVMSU5HX0JFTFRDT09LSUVfTElORV8xRG9jdW1lbnRFbnRpdHlDT09LSUVfRk9STUVSV2FyZWhvdXNlX1Jvb21fQU1peGVyXzZNb3Rpb25JbmRpY2F0b3JXaWRnZXRfMVBMQVNUSUNfTElORVJWRVJUSUNBTF9DT05WRVlPUk9mZmljZV9Sb29tX0ZDT05WRVlPUl9SSUdIVF9UVVJOTWl4ZXJfMTJPZmZpY2VfUm9vbV9IQ2FtZXJhX01peGluZ1Jvb21fMVdhdGVyVGFua09mZmljZV9Sb29tX0RNaXhlcl8yNUNPTlZFWU9SX0xFRlRfVFVSTk1peGVyXzJNb3Rpb25JbmRpY2F0b3JXaWRnZXRfMkJPWF9FUkVDVE9STWl4ZXJfMjNDT09LSUVfTElORV8yTWl4ZXJfMThQQUxMRVRNb3Rpb25JbmRpY2F0b3JXaWRnZXRCT1hfU0VBTEVSV2FyZWhvdXNlX0Zsb29yc3BhY2VfQldhcmVob3VzZV9Sb29tX0NCT1hfU0VBTEVSTW90aW9uSW5kaWNhdG9yV2lkZ2V0XzFDT05WRVlPUl9TVFJJR0hUUExBU1RJQ19MSU5FUldhcmVob3VzZV9GbG9vcnNwYWNlX0FNaXhlcl8yNFBBTExFVE1vdGlvbkluZGljYXRvcldpZGdldF8yRlJFRVpFUl9UVU5ORUxDb29raWVMaW5lc01peGVyXzhPZmZpY2VfSGFsbHdheU1peGVyXzE3UExBU1RJQ19MSU5FUkNPTlZFWU9SX1NUUklHSFRPZmZpY2VfU3BhY2VDT05WRVlPUl9SSUdIVF9UVVJOTWl4ZXJfMTVNaXhlcl8xOU9mZmljZV9Sb29tX0dNb3Rpb25JbmRpY2F0b3JXaWRnZXRfMkJPWF9FUkVDVE9STWl4ZXJfMjBWZXJ0aWNhbENvbnZleW9yRlJFRVpFUl9UVU5ORUxDT05WRVlPUl9MRUZUX1RVUk5CT1hfU0VBTEVSTWl4ZXJfMjJNaXhlcl8yMU1peGVyXzEzQ09PS0lFX0ZPUk1FUk1vdGlvbkluZGljYXRvcldpZGdldF8xTEFCRUxJTkdfQkVMVFNpdGVXYXRjaENhbWVyYXNNaXhlcl8zAAAAAAAAAAAAAAAAAAAAAAAAAAAAAAAAAAAAAAAAAAAAAAAAAAAAAAAAAAAAAAAAAAAAAAAAAAAAAAAAAAAAAAAAAAAAAAAAAAAAAAAAAAAAAAAAAAAAAAAAAAAAAAAAAAAAAAAAAAAAAAAAAAAAAAAAAAAAAAAAAAAAAAAAAAAAAAAAAAAAAAAAAAAAAAAAAAAAAAAAAAAAAAAAAAAAAAAAAAAAAAAAAAAAAAAAAAAAAAAAAAAAAAAAAAAAAAAAAAAAAAAAAAAAAAAAAAAAAAAAAAAAAAAAAAAAAAAAAAAAAAAAAAAAAAAAAAAAAAAAAAAAAAAAAAAAAAAAAAAAAAAAAAAAAAAAAAAAAAAAAAAAAAAAAAAAAAAAAAAAAAAAAAAAAAAAAAAAAAAAAAAAAAAAAAAAAAAAAAAAAAAAAAAAAAAAAAAAAAAAAAAAAAAAAAAAAAAAAAAAAAAAAAAAAAAAAAAAAAAAAAAAAAAAAAAAAAAAAAAAAAAAAAAAAAAAAAAAAAAAAAAAAAAAAAAAAAAAAAAAAAAAAAAAAAAAAAAAAAAAAAAAAAAAAAAAAAAAAAAAAAAAR90nlxu4FgB8fq2VG7gWgLdKz5YbuBZAU6tXmBu4FkDZ3buZG7gWgEc2ipcbuBZAg3RQlxu4FoCqU+OaG7gWQMrFRJcbuBYA7Nralhu4FsBztzuZG7gWABCH85QbuBbAdBjblxu4FgDaIS+VG7gWABmTb5obuBaA60LNlBu4FoBsG/uZG7gWgN54EpobuBYAHJuWlRu4FgB5E+eXG7gWgD4LBJgbuBYAeLJHmRu4FkD7ZPaXG7gWwDZ5AJsbuBZAG0WpmRu4FkDnMfSaG7gWgM38EZYbuBZAqx7qmRu4FkBLosWVG7gWgGPMgJkbuBaAQunjlBu4FoCrzzmaG7gWwOExiZUbuBaAgKhfmRu4FoCRwcCaG7gWwJMrEpgbuBaAR+VklRu4FgDreTuYG7gWQH8z0ZcbuBbA74XBlhu4FoCO6h2aG7gWALC1VpUbuBZAAbCclhu4FgBzSuqVG7gWgAZ5Vup3uBaAtqqElhu4FkCHRaCaG7gWwADMU5kbuBbAqbAjlhu4FoDCiLmVG7gWgL8UtpcbuBbA7nVHmhu4FkDtIjiXG7gWwF5UHpgbuBYAe5tkmhu4FsAlYJ+ZG7gWgPiGi5kbuBbAvxYrmhu4FgBQYhCZG7gWwLEyIpUbuBZAJF61mBu4FsAfRn2VG7gWgCUx+ZUbuBZAed/tmBu4FgDb9+eWG7gWAH2Bl5gbuBZAul6olhu4FsBAmUmWG7gWwM4OAZUbuBZAHiWJmhu4FoBc6syaG7gWQFWjBJcbuBZAUWvClxu4FoD/IFeWG7gWwPJloZcbuBaAnkh9mhu4FoAb0gSZG7gWgBuclpcbuBaAuM9ilhu4FgDrOpCWG7gWwO892ZQbuBaAPkFymRu4FsAuptyZG7gWALarhJgbuBZAatCzlhu4FoAtxXGVG7gWwCglyJkbuBYAoRs2lhu4FsDfb0qYG7gWQGJyqZgbuBZAYrFUmhu4FsDb+FyXG7gWwFrU85YbuBZALjLDmBu4FsCJBt+VG7gWQEM7fpcbuBbA45USlxu4FoDDKASWG7gWQK624ZgbuBYAnJTOmBu4FoDwqiqYG7gWQF1bcZcbuBbAxxrTlRu4FgDDz6GVG7gWQEL1lZkbuBaAQfQgmRu4FgAAAACNAAAACQEAAJYBAAAUAgAAkQIAABQDAACaAwAAIAQAAKsEAAAxBQAArgUAAC8GAACrBgAAOAcAALcHAAA2CAAAuQgAADwJAADACQAAPQoAALsKAAA4CwAAtQsAADsMAAC3DAAAPQ0AAMUNAABLDgAA0g4AAE8PAADQDwAAUxAAANYQAABTEQAA2REAAFcSAADiEgAAYBMAAOYTAABtFAAA8BQAAHkVAAD8FQAAfxYAAPQWAAB3FwAA/RcAAHoYAAAHGQAAihkAABEaAACUGgAAHRsAAJsbAAAeHAAApxwAACYdAACpHQAAJx4AAK8eAAAsHwAAuR8AADogAAC4IAAAOyEAALkhAAA1IgAAwCIAAEAjAADMIwAAUiQAANIkAABfJQAA5SUAAGgmAAD0JgAAcicAAO4nAAB7KAAA/ygAAIApAAD9KQAAgSoAAP8qAACCKwAACCwAAIosAAATLQAAkS0AAA8uAACSLgAAHy8AAKAvAAAeMAAApDAAACgxAACwMQAAMDIAAK4yAAAsMwAAqjMAAC00AAC6NAAAPTUAAMM1AABANgAAAAAAAGFybjphd3M6aW90dHdpbm1ha2VyOnVzLWVhc3QtMToxNjY4MDA3NjkxNzk6d29ya3NwYWNlL0Nvb2tpZUZhY3RvcnktMTEtMTYvZW50aXR5L01vdGlvbkluZGljYXRvcldpZGdldF8xX2JmMjk4ZWE0LTM4Y2MtNDhiYy04ZmZlLTYyZDgyM2RlYTA4M2Fybjphd3M6aW90dHdpbm1ha2VyOnVzLWVhc3QtMToxNjY4MDA3NjkxNzk6d29ya3NwYWNlL0Nvb2tpZUZhY3RvcnktMTEtMTYvZW50aXR5L1BBTExFVF85ODY0OGE4NC03MmRhLTQ0M2EtYjYyNS1mNjcxZDk5YTEzYmFhcm46YXdzOmlvdHR3aW5tYWtlcjp1cy1lYXN0LTE6MTY2ODAwNzY5MTc5OndvcmtzcGFjZS9Db29raWVGYWN0b3J5LTExLTE2L2VudGl0eS9Nb3Rpb25JbmRpY2F0b3JXaWRnZXRfMV8zNzE3MjE1NC1mMzFmLTRmOGEtYmQwMC1lNTY3NmViNDNlYWZhcm46YXdzOmlvdHR3aW5tYWtlcjp1cy1lYXN0LTE6MTY2ODAwNzY5MTc5OndvcmtzcGFjZS9Db29raWVGYWN0b3J5LTExLTE2L2VudGl0eS9NaXhlcl8xNl8xZmI1NTBiMS04NjhmLTRlZmMtYjM5YS0wZTFjMGY2MTE4OTBhcm46YXdzOmlvdHR3aW5tYWtlcjp1cy1lYXN0LTE6MTY2ODAwNzY5MTc5OndvcmtzcGFjZS9Db29raWVGYWN0b3J5LTExLTE2L2VudGl0eS9GYWN0b3J5X2FhM2Q3ZDhiLTZiOTQtNDRmZS1hYjAyLTY5MzZiZmNkYWRlNmFybjphd3M6aW90dHdpbm1ha2VyOnVzLWVhc3QtMToxNjY4MDA3NjkxNzk6d29ya3NwYWNlL0Nvb2tpZUZhY3RvcnktMTEtMTYvZW50aXR5L0xBQkVMSU5HX0JFTFRfOTE3YWQ0NTctZGNiNS00NzgxLWE3MzUtZGYxYzdhNDhhYjk0YXJuOmF3czppb3R0d2lubWFrZXI6dXMtZWFzdC0xOjE2NjgwMDc2OTE3OTp3b3Jrc3BhY2UvQ29va2llRmFjdG9yeS0xMS0xNi9lbnRpdHkvQ09OVkVZT1JfU1RSSUdIVF8zMDFkM2Q3OS00NTVmLTRiZTItOGI4Ny04NDNmNmI3ODI3ZDhhcm46YXdzOmlvdHR3aW5tYWtlcjp1cy1lYXN0LTE6MTY2ODAwNzY5MTc5OndvcmtzcGFjZS9Db29raWVGYWN0b3J5LTExLTE2L2VudGl0eS9XYXJlaG91c2VfUm9vbV9EX2UyYWZiNTdiLTYzYWQtNGU2YS1hZGEzLTQ5MmY4ZDExZjU2M2Fybjphd3M6aW90dHdpbm1ha2VyOnVzLWVhc3QtMToxNjY4MDA3NjkxNzk6d29ya3NwYWNlL0Nvb2tpZUZhY3RvcnktMTEtMTYvZW50aXR5L01vdGlvbkluZGljYXRvcldpZGdldF9lMWQ1MmM3Yy1iMzM2LTQ5MTEtODRlOC0zZmMxMTU1YTExOGZhcm46YXdzOmlvdHR3aW5tYWtlcjp1cy1lYXN0LTE6MTY2ODAwNzY5MTc5OndvcmtzcGFjZS9Db29raWVGYWN0b3J5LTExLTE2L2VudGl0eS9WZXJ0aWNhbENvbnZleW9yX2JmNWMzYjJhLWMwOTItNDNkNi05MGRmLTA3YzhjZWQ1NTJiMGFybjphd3M6aW90dHdpbm1ha2VyOnVzLWVhc3QtMToxNjY4MDA3NjkxNzk6d29ya3NwYWNlL0Nvb2tpZUZhY3RvcnktMTEtMTYvZW50aXR5L01peGVyXzRfNzg0YjNjM2UtNTc3OS00Y2ExLWFkMGItMDM2YjE4ZGQxZmNjYXJuOmF3czppb3R0d2lubWFrZXI6dXMtZWFzdC0xOjE2NjgwMDc2OTE3OTp3b3Jrc3BhY2UvQ29va2llRmFjdG9yeS0xMS0xNi9lbnRpdHkvQk9YX0VSRUNUT1JfMTQyNDk2YWYtZGYyZS00OTBlLWFlZDUtMjU4MGVhZjc1ZTQwYXJuOmF3czppb3R0d2lubWFrZXI6dXMtZWFzdC0xOjE2NjgwMDc2OTE3OTp3b3Jrc3BhY2UvQ29va2llRmFjdG9yeS0xMS0xNi9lbnRpdHkvTWl4ZXJzX2IxZTA4MWVlLWU2YTMtNDYzNi04MmNiLTZiNmJjZTA3ODZhN2Fybjphd3M6aW90dHdpbm1ha2VyOnVzLWVhc3QtMToxNjY4MDA3NjkxNzk6d29ya3NwYWNlL0Nvb2tpZUZhY3RvcnktMTEtMTYvZW50aXR5L01vdGlvbkluZGljYXRvcldpZGdldF8xXzc1NGZlZDYyLWQxZjYtNDAzYy1iMDFlLTBlMmQ3YTJkZDk1YmFybjphd3M6aW90dHdpbm1ha2VyOnVzLWVhc3QtMToxNjY4MDA3NjkxNzk6d29ya3NwYWNlL0Nvb2tpZUZhY3RvcnktMTEtMTYvZW50aXR5L1dhcmVob3VzZV8wNTg3NzlhZi04MjkyLTQ2MzYtODRlZS1jMDY1ZTZkYTQ2MmRhcm46YXdzOmlvdHR3aW5tYWtlcjp1cy1lYXN0LTE6MTY2ODAwNzY5MTc5OndvcmtzcGFjZS9Db29raWVGYWN0b3J5LTExLTE2L2VudGl0eS9FcXVpcG1lbnRfNWM5ZTgzZDItMTg4MC00ZjgzLWFmZmQtOWEyN2Y4MGQzOWY3YXJuOmF3czppb3R0d2lubWFrZXI6dXMtZWFzdC0xOjE2NjgwMDc2OTE3OTp3b3Jrc3BhY2UvQ29va2llRmFjdG9yeS0xMS0xNi9lbnRpdHkvT2ZmaWNlX1Jvb21fQV8yYWQ0MWVhMC0xZjA4LTQxMjAtOTQ4NS1kY2ZjYjE4ZDdiMWZhcm46YXdzOmlvdHR3aW5tYWtlcjp1cy1lYXN0LTE6MTY2ODAwNzY5MTc5OndvcmtzcGFjZS9Db29raWVGYWN0b3J5LTExLTE2L2VudGl0eS9PZmZpY2VfUm9vbV9CXzAzNDMyYjQxLTVmOTMtNDgwZS1hMGQ0LTJhNjFhNWMyMzE3M2Fybjphd3M6aW90dHdpbm1ha2VyOnVzLWVhc3QtMToxNjY4MDA3NjkxNzk6d29ya3NwYWNlL0Nvb2tpZUZhY3RvcnktMTEtMTYvZW50aXR5L0ZSRUVaRVJfVFVOTkVMX2UxMmUwNzMzLWY1ZGYtNDYwNC04ZjEwLTQxN2Y0OWU2ZDI5OGFybjphd3M6aW90dHdpbm1ha2VyOnVzLWVhc3QtMToxNjY4MDA3NjkxNzk6d29ya3NwYWNlL0Nvb2tpZUZhY3RvcnktMTEtMTYvZW50aXR5L01peGVyXzBfY2Q4MWQ5ZmQtM2Y3NC00MzdhLTgwMmItOTc0N2ZmMjQwODM3YXJuOmF3czppb3R0d2lubWFrZXI6dXMtZWFzdC0xOjE2NjgwMDc2OTE3OTp3b3Jrc3BhY2UvQ29va2llRmFjdG9yeS0xMS0xNi9lbnRpdHkvTWl4ZXJfMTBfOWVlODkxM2QtMWZlZi00NDUzLWJlZWUtZmJmYzE0N2ZjMDNjYXJuOmF3czppb3R0d2lubWFrZXI6dXMtZWFzdC0xOjE2NjgwMDc2OTE3OTp3b3Jrc3BhY2UvQ29va2llRmFjdG9yeS0xMS0xNi9lbnRpdHkvTWl4ZXJfNV8wMThmYmY2OS1jMDZhLTQ2OTAtODgxNy01M2JmMTYzZGY4ZDRhcm46YXdzOmlvdHR3aW5tYWtlcjp1cy1lYXN0LTE6MTY2ODAwNzY5MTc5OndvcmtzcGFjZS9Db29raWVGYWN0b3J5LTExLTE2L2VudGl0eS9NaXhlcl8xXzRiNTdjYmVlLWMzOTEtNGRlNi1iODgyLTYyMmM2MzNhNjk3ZWFybjphd3M6aW90dHdpbm1ha2VyOnVzLWVhc3QtMToxNjY4MDA3NjkxNzk6d29ya3NwYWNlL0Nvb2tpZUZhY3RvcnktMTEtMTYvZW50aXR5L1dhcmVob3VzZV9Sb29tX0ZfMzE0YjNkYWYtODg4ZC00MWZmLWFlNTMtMGU4M2FhYzJmNzAwYXJuOmF3czppb3R0d2lubWFrZXI6dXMtZWFzdC0xOjE2NjgwMDc2OTE3OTp3b3Jrc3BhY2UvQ29va2llRmFjdG9yeS0xMS0xNi9lbnRpdHkvU3BhY2VzX2FhZTE0N2ZhLTAxNGYtNDFiMC1hZGJlLTFkZDY4MDJiZmU0OGFybjphd3M6aW90dHdpbm1ha2VyOnVzLWVhc3QtMToxNjY4MDA3NjkxNzk6d29ya3NwYWNlL0Nvb2tpZUZhY3RvcnktMTEtMTYvZW50aXR5L1dhcmVob3VzZV9Sb29tX0VfNjJhMDgyNjctYTg5Zi00YTNjLTgyNmUtODQ0ZmM1MjczNmU1YXJuOmF3czppb3R0d2lubWFrZXI6dXMtZWFzdC0xOjE2NjgwMDc2OTE3OTp3b3Jrc3BhY2UvQ29va2llRmFjdG9yeS0xMS0xNi9lbnRpdHkvQ09OVkVZT1JfTEVGVF9UVVJOX2QyZTcyZGE5LTMzMzMtNGEyNC05ZTIzLTBkZDY0YTgyOWM5NGFybjphd3M6aW90dHdpbm1ha2VyOnVzLWVhc3QtMToxNjY4MDA3NjkxNzk6d29ya3NwYWNlL0Nvb2tpZUZhY3RvcnktMTEtMTYvZW50aXR5L09mZmljZV9SZWNlcHRpb25fMGQ4MzkzMjQtNGRhMy00MTg5LWFhNGItZDJkYmJkMmQwNjE5YXJuOmF3czppb3R0d2lubWFrZXI6dXMtZWFzdC0xOjE2NjgwMDc2OTE3OTp3b3Jrc3BhY2UvQ29va2llRmFjdG9yeS0xMS0xNi9lbnRpdHkvVkVSVElDQUxfQ09OVkVZT1JfZDU0MjNmN2YtMzc5Yy00YTk3LWFhZTAtM2E1YzBiY2M5MTE2YXJuOmF3czppb3R0d2lubWFrZXI6dXMtZWFzdC0xOjE2NjgwMDc2OTE3OTp3b3Jrc3BhY2UvQ29va2llRmFjdG9yeS0xMS0xNi9lbnRpdHkvTWl4ZXJfOV82NzlhZWQ3Yy05NTQ0LTRkMDYtYmY2NC02YTE5MzgxNzY1Y2Fhcm46YXdzOmlvdHR3aW5tYWtlcjp1cy1lYXN0LTE6MTY2ODAwNzY5MTc5OndvcmtzcGFjZS9Db29raWVGYWN0b3J5LTExLTE2L2VudGl0eS9DT09LSUVfTElORV81Y2U5ZjFkNS02MWIwLTQzM2YtYTg1MC01M2ZhN2NhMjdhYTFhcm46YXdzOmlvdHR3aW5tYWtlcjp1cy1lYXN0LTE6MTY2ODAwNzY5MTc5OndvcmtzcGFjZS9Db29raWVGYWN0b3J5LTExLTE2L2VudGl0eS9PZmZpY2VfUm9vbV9FXzYxNzRlYTNkLWMyYTAtNDkyOS05MDNmLWZhNmI5Yjk3OWQ5MmFybjphd3M6aW90dHdpbm1ha2VyOnVzLWVhc3QtMToxNjY4MDA3NjkxNzk6d29ya3NwYWNlL0Nvb2tpZUZhY3RvcnktMTEtMTYvZW50aXR5L0NPT0tJRV9GT1JNRVJfMTk1NTZiZmQtNDY5Yy00MGJjLWEzODktZGJlYWIyNTVjMTQ0YXJuOmF3czppb3R0d2lubWFrZXI6dXMtZWFzdC0xOjE2NjgwMDc2OTE3OTp3b3Jrc3BhY2UvQ29va2llRmFjdG9yeS0xMS0xNi9lbnRpdHkvTWl4ZXJfN181MjJlNjRkNi1iNWMyLTQ5ODAtYmQzZi01ZGIxY2Y4MzdiMWZhcm46YXdzOmlvdHR3aW5tYWtlcjp1cy1lYXN0LTE6MTY2ODAwNzY5MTc5OndvcmtzcGFjZS9Db29raWVGYWN0b3J5LTExLTE2L2VudGl0eS9XYXJlaG91c2VfUm9vbV9CXzQ5ZTE2OGY5LTQxM2EtNGE3NS1iNDcyLTY3N2Y0NjE3YjRjOGFybjphd3M6aW90dHdpbm1ha2VyOnVzLWVhc3QtMToxNjY4MDA3NjkxNzk6d29ya3NwYWNlL0Nvb2tpZUZhY3RvcnktMTEtMTYvZW50aXR5L01peGVyXzExXzY3Nzg1ZjNmLTIyOWQtNGQ0MS05Y2U0LTA5YTVhZjFmMTUyYmFybjphd3M6aW90dHdpbm1ha2VyOnVzLWVhc3QtMToxNjY4MDA3NjkxNzk6d29ya3NwYWNlL0Nvb2tpZUZhY3RvcnktMTEtMTYvZW50aXR5L01vdGlvbkluZGljYXRvcldpZGdldF9lMTU1ZDk0ZC04NGNkLTQ2MGYtOWE5My0zN2FhZWE3NDIwNDBhcm46YXdzOmlvdHR3aW5tYWtlcjp1cy1lYXN0LTE6MTY2ODAwNzY5MTc5OndvcmtzcGFjZS9Db29raWVGYWN0b3J5LTExLTE2L2VudGl0eS9NaXhlcl8xNF80NTZiYTI5MS1iZjYwLTQxN2EtODQ4Zi0yMmE1MmJjMWNiNjZhcm46YXdzOmlvdHR3aW5tYWtlcjp1cy1lYXN0LTE6MTY2ODAwNzY5MTc5OndvcmtzcGFjZS9Db29raWVGYWN0b3J5LTExLTE2L2VudGl0eS9WZXJ0aWNhbENvbnZleW9yXzlmNDMyM2EzLTZjODctNDE5YS1hMDg3LTZiZTFhNGM2YTkyNmFybjphd3M6aW90dHdpbm1ha2VyOnVzLWVhc3QtMToxNjY4MDA3NjkxNzk6d29ya3NwYWNlL0Nvb2tpZUZhY3RvcnktMTEtMTYvZW50aXR5L1ZFUlRJQ0FMX0NPTlZFWU9SX2ExMGVlMjFjLWM4NTktNGQ3My1iMGJiLTM5NmRhYWYwMjMzNWFybjphd3M6aW90dHdpbm1ha2VyOnVzLWVhc3QtMToxNjY4MDA3NjkxNzk6d29ya3NwYWNlL0Nvb2tpZUZhY3RvcnktMTEtMTYvZW50aXR5L09mZmljZV9Sb29tX0NfYjViMzgxY2QtYjdkNy00NzdmLThlZDAtZTgwNzIzZTg5MTkyYXJuOmF3czppb3R0d2lubWFrZXI6dXMtZWFzdC0xOjE2NjgwMDc2OTE3OTp3b3Jrc3BhY2UvQ29va2llRmFjdG9yeS0xMS0xNi9lbnRpdHkvQ09OVkVZT1JfUklHSFRfVFVSTl9jNGYyZGYzZC0yNmEyLTQ1YzUtYTZjOS0wMmNhMDBlYjRhZjZhcm46YXdzOmlvdHR3aW5tYWtlcjp1cy1lYXN0LTE6MTY2ODAwNzY5MTc5OndvcmtzcGFjZS9Db29raWVGYWN0b3J5LTExLTE2L2VudGl0eS9MQUJFTElOR19CRUxUX2E1MDdkYjg1LTJkOTQtNDhkNy1iN2UwLWEyMDVjMWI1YjUwOWFybjphd3M6aW90dHdpbm1ha2VyOnVzLWVhc3QtMToxNjY4MDA3NjkxNzk6d29ya3NwYWNlL0Nvb2tpZUZhY3RvcnktMTEtMTYvZW50aXR5L0NPT0tJRV9MSU5FXzFfNzBjZGUwOWMtMmMyYi00YWEyLTlmYzMtYTkxZmY2NTllOGYzYXJuOmF3czppb3R0d2lubWFrZXI6dXMtZWFzdC0xOjE2NjgwMDc2OTE3OTp3b3Jrc3BhY2UvQ29va2llRmFjdG9yeS0xMS0xNi9lbnRpdHkvYjJmMzFjZTItMGM3MS00ZTZkLThjNjUtMDAwZDg3ODFkNjc2YXJuOmF3czppb3R0d2lubWFrZXI6dXMtZWFzdC0xOjE2NjgwMDc2OTE3OTp3b3Jrc3BhY2UvQ29va2llRmFjdG9yeS0xMS0xNi9lbnRpdHkvQ09PS0lFX0ZPUk1FUl9lODdhY2FkMi0xODUyLTRmOTgtODkxZi1jOGY5YTNlYjdkZDRhcm46YXdzOmlvdHR3aW5tYWtlcjp1cy1lYXN0LTE6MTY2ODAwNzY5MTc5OndvcmtzcGFjZS9Db29raWVGYWN0b3J5LTExLTE2L2VudGl0eS9XYXJlaG91c2VfUm9vbV9BX2U0YzU3OWRkLTVjNTktNDZmOC1hOWFlLWU0MDZkNjQzODEzMmFybjphd3M6aW90dHdpbm1ha2VyOnVzLWVhc3QtMToxNjY4MDA3NjkxNzk6d29ya3NwYWNlL0Nvb2tpZUZhY3RvcnktMTEtMTYvZW50aXR5L01peGVyXzZfOWFhMGNkNmMtYThmNy00YThhLTk4ODEtOWMzY2IyYTIyYmYxYXJuOmF3czppb3R0d2lubWFrZXI6dXMtZWFzdC0xOjE2NjgwMDc2OTE3OTp3b3Jrc3BhY2UvQ29va2llRmFjdG9yeS0xMS0xNi9lbnRpdHkvTW90aW9uSW5kaWNhdG9yV2lkZ2V0XzFfZWNiZjRhNjUtMDI1Yi00ZDQ3LWEzOTUtMjRkNDAwMTA5YjAzYXJuOmF3czppb3R0d2lubWFrZXI6dXMtZWFzdC0xOjE2NjgwMDc2OTE3OTp3b3Jrc3BhY2UvQ29va2llRmFjdG9yeS0xMS0xNi9lbnRpdHkvUExBU1RJQ19MSU5FUl9hNzdlNzZiYy01M2YzLTQyMGQtOGIyZi03NjEwM2M4MTBmYWNhcm46YXdzOmlvdHR3aW5tYWtlcjp1cy1lYXN0LTE6MTY2ODAwNzY5MTc5OndvcmtzcGFjZS9Db29raWVGYWN0b3J5LTExLTE2L2VudGl0eS9WRVJUSUNBTF9DT05WRVlPUl9jOTRmNDZjMi1mNDdjLTQzN2EtOTk4Yy1kNmU5MWI3MzZlMjRhcm46YXdzOmlvdHR3aW5tYWtlcjp1cy1lYXN0LTE6MTY2ODAwNzY5MTc5OndvcmtzcGFjZS9Db29raWVGYWN0b3J5LTExLTE2L2VudGl0eS9PZmZpY2VfUm9vbV9GXzI5YmM0M2Q1LWI3ODctNDdjZi05ZGRiLTA5YWRjMjM2NmEzYmFybjphd3M6aW90dHdpbm1ha2VyOnVzLWVhc3QtMToxNjY4MDA3NjkxNzk6d29ya3NwYWNlL0Nvb2tpZUZhY3RvcnktMTEtMTYvZW50aXR5L0NPTlZFWU9SX1JJR0hUX1RVUk5fZTQzZGY2MWUtZjY3NS00NjFmLTk3ZDEtZmExNmI5ODU1NDM0YXJuOmF3czppb3R0d2lubWFrZXI6dXMtZWFzdC0xOjE2NjgwMDc2OTE3OTp3b3Jrc3BhY2UvQ29va2llRmFjdG9yeS0xMS0xNi9lbnRpdHkvTWl4ZXJfMTJfODdjMTlmZGYtZTgyNC00NzJkLWEyZTMtMTUwMTJlOGZjN2E4YXJuOmF3czppb3R0d2lubWFrZXI6dXMtZWFzdC0xOjE2NjgwMDc2OTE3OTp3b3Jrc3BhY2UvQ29va2llRmFjdG9yeS0xMS0xNi9lbnRpdHkvT2ZmaWNlX1Jvb21fSF9mOWJjODI3ZS1hZjY2LTQ2MzAtYWZkZS0xOTNhOTQwNjk0ZmRhcm46YXdzOmlvdHR3aW5tYWtlcjp1cy1lYXN0LTE6MTY2ODAwNzY5MTc5OndvcmtzcGFjZS9Db29raWVGYWN0b3J5LTExLTE2L2VudGl0eS9DYW1lcmFfTWl4aW5nUm9vbV8xXzlhOWFmOTljLTlhOGEtNDlhOS1iM2MyLTYxZGU4ZThhZmUwY2Fybjphd3M6aW90dHdpbm1ha2VyOnVzLWVhc3QtMToxNjY4MDA3NjkxNzk6d29ya3NwYWNlL0Nvb2tpZUZhY3RvcnktMTEtMTYvZW50aXR5L1dhdGVyVGFua19hYjVlOGJjMC01YzhmLTQ0ZDgtYjBhOS1iZWY5YzhkMmNmYWJhcm46YXdzOmlvdHR3aW5tYWtlcjp1cy1lYXN0LTE6MTY2ODAwNzY5MTc5OndvcmtzcGFjZS9Db29raWVGYWN0b3J5LTExLTE2L2VudGl0eS9PZmZpY2VfUm9vbV9EXzEwOGVhNTQ1LTYxNGMtNDMyMS04ZjViLWE3Y2Q5Yjg3NTU2YmFybjphd3M6aW90dHdpbm1ha2VyOnVzLWVhc3QtMToxNjY4MDA3NjkxNzk6d29ya3NwYWNlL0Nvb2tpZUZhY3RvcnktMTEtMTYvZW50aXR5L01peGVyXzI1XzdkMDQwYTQyLTU1YzctNGExYy05NTA5LWNlM2UwOWU4MDcxZWFybjphd3M6aW90dHdpbm1ha2VyOnVzLWVhc3QtMToxNjY4MDA3NjkxNzk6d29ya3NwYWNlL0Nvb2tpZUZhY3RvcnktMTEtMTYvZW50aXR5L0NPTlZFWU9SX0xFRlRfVFVSTl9iMjhmMmNhOS1iNmE3LTQ0Y2QtYTYyZC03Zjc2ZmMxN2JhNDVhcm46YXdzOmlvdHR3aW5tYWtlcjp1cy1lYXN0LTE6MTY2ODAwNzY5MTc5OndvcmtzcGFjZS9Db29raWVGYWN0b3J5LTExLTE2L2VudGl0eS9NaXhlcl8yXzA2YWM2M2M0LWQ2OGQtNDcyMy04OTFhLThlNzU4Zjg0NTZlZmFybjphd3M6aW90dHdpbm1ha2VyOnVzLWVhc3QtMToxNjY4MDA3NjkxNzk6d29ya3NwYWNlL0Nvb2tpZUZhY3RvcnktMTEtMTYvZW50aXR5L01vdGlvbkluZGljYXRvcldpZGdldF8yXzMxMDFlYWJmLWFkMDUtNDIzMi04ZmYzLTY3NWQzY2RhNDQwNWFybjphd3M6aW90dHdpbm1ha2VyOnVzLWVhc3QtMToxNjY4MDA3NjkxNzk6d29ya3NwYWNlL0Nvb2tpZUZhY3RvcnktMTEtMTYvZW50aXR5L0JPWF9FUkVDVE9SX2M3NTAzMjJkLWJkODMtNGExNy04YjljLWFjZmE2MmVkNmQ2NGFybjphd3M6aW90dHdpbm1ha2VyOnVzLWVhc3QtMToxNjY4MDA3NjkxNzk6d29ya3NwYWNlL0Nvb2tpZUZhY3RvcnktMTEtMTYvZW50aXR5L01peGVyXzIzXzAxN2Q5MmE4LTZiYzgtNDRkMC1hYWNmLTg5NDNmYjc3Njg3N2Fybjphd3M6aW90dHdpbm1ha2VyOnVzLWVhc3QtMToxNjY4MDA3NjkxNzk6d29ya3NwYWNlL0Nvb2tpZUZhY3RvcnktMTEtMTYvZW50aXR5L0NPT0tJRV9MSU5FXzJfMzFiZTQ0YmUtNmRmMy00MzEyLWJkOGYtODRhOTI4MmY1MDI5YXJuOmF3czppb3R0d2lubWFrZXI6dXMtZWFzdC0xOjE2NjgwMDc2OTE3OTp3b3Jrc3BhY2UvQ29va2llRmFjdG9yeS0xMS0xNi9lbnRpdHkvTWl4ZXJfMThfMGJkNDlhMDAtMTI4Yi00YTA1LWI2OTQtYzBhY2YwZTEyMDQ3YXJuOmF3czppb3R0d2lubWFrZXI6dXMtZWFzdC0xOjE2NjgwMDc2OTE3OTp3b3Jrc3BhY2UvQ29va2llRmFjdG9yeS0xMS0xNi9lbnRpdHkvUEFMTEVUX2JiOTU4ZWU3LWU4YjktNDEyYy05MWE0LWFkZGEzZjkyNGJhNmFybjphd3M6aW90dHdpbm1ha2VyOnVzLWVhc3QtMToxNjY4MDA3NjkxNzk6d29ya3NwYWNlL0Nvb2tpZUZhY3RvcnktMTEtMTYvZW50aXR5L01vdGlvbkluZGljYXRvcldpZGdldF9hYThhZTRlYS1lZDMzLTQ3YjYtYWU4NC0zYzBjZmU3ZTQ3MDVhcm46YXdzOmlvdHR3aW5tYWtlcjp1cy1lYXN0LTE6MTY2ODAwNzY5MTc5OndvcmtzcGFjZS9Db29raWVGYWN0b3J5LTExLTE2L2VudGl0eS9CT1hfU0VBTEVSX2FkNDM0YTM0LTQzNjMtNGEzNi04MTUzLTIwYmQ3MTg5OTUxZGFybjphd3M6aW90dHdpbm1ha2VyOnVzLWVhc3QtMToxNjY4MDA3NjkxNzk6d29ya3NwYWNlL0Nvb2tpZUZhY3RvcnktMTEtMTYvZW50aXR5L1dhcmVob3VzZV9GbG9vcnNwYWNlX0JfNjYzM2RjNDktNWIwYy00ZTBiLTk3M2MtOTFjN2E0ZWRmNDcwYXJuOmF3czppb3R0d2lubWFrZXI6dXMtZWFzdC0xOjE2NjgwMDc2OTE3OTp3b3Jrc3BhY2UvQ29va2llRmFjdG9yeS0xMS0xNi9lbnRpdHkvV2FyZWhvdXNlX1Jvb21fQ19lYjExNzUwNi00NzljLTQ4OTktYjQwZi0xMjBlYzk0NTcyY2Jhcm46YXdzOmlvdHR3aW5tYWtlcjp1cy1lYXN0LTE6MTY2ODAwNzY5MTc5OndvcmtzcGFjZS9Db29raWVGYWN0b3J5LTExLTE2L2VudGl0eS9CT1hfU0VBTEVSX2MxNjM4YjllLTI3ZTEtNGU3Ni05MDk2LTVjZTJhYTFkZTZmNGFybjphd3M6aW90dHdpbm1ha2VyOnVzLWVhc3QtMToxNjY4MDA3NjkxNzk6d29ya3NwYWNlL0Nvb2tpZUZhY3RvcnktMTEtMTYvZW50aXR5L01vdGlvbkluZGljYXRvcldpZGdldF8xXzlkZmZmMmIwLWU2ZGItNDQ3Yi1iOTAzLWFmODcwMTU4YThhYmFybjphd3M6aW90dHdpbm1ha2VyOnVzLWVhc3QtMToxNjY4MDA3NjkxNzk6d29ya3NwYWNlL0Nvb2tpZUZhY3RvcnktMTEtMTYvZW50aXR5L0NPTlZFWU9SX1NUUklHSFRfYTFmOTBhZjgtZWE4OC00Mzk3LWIyNjMtNTdlYTZlNDFlNTU0YXJuOmF3czppb3R0d2lubWFrZXI6dXMtZWFzdC0xOjE2NjgwMDc2OTE3OTp3b3Jrc3BhY2UvQ29va2llRmFjdG9yeS0xMS0xNi9lbnRpdHkvUExBU1RJQ19MSU5FUl83M2E1YzExZC1kNzM4LTQ2ZWYtYmEwYy05NjlkMGFiZDEzMzRhcm46YXdzOmlvdHR3aW5tYWtlcjp1cy1lYXN0LTE6MTY2ODAwNzY5MTc5OndvcmtzcGFjZS9Db29raWVGYWN0b3J5LTExLTE2L2VudGl0eS9XYXJlaG91c2VfRmxvb3JzcGFjZV9BX2FiY2Y5M2FhLWEyOWEtNDI4Yy1iZWJjLTRiMGQ5YjQ0NzAzN2Fybjphd3M6aW90dHdpbm1ha2VyOnVzLWVhc3QtMToxNjY4MDA3NjkxNzk6d29ya3NwYWNlL0Nvb2tpZUZhY3RvcnktMTEtMTYvZW50aXR5L01peGVyXzI0XzI1NGIxNTk3LTMxNTMtNGVlMS1iYWU0LWQ5NjFjNTgxMGU3ZmFybjphd3M6aW90dHdpbm1ha2VyOnVzLWVhc3QtMToxNjY4MDA3NjkxNzk6d29ya3NwYWNlL0Nvb2tpZUZhY3RvcnktMTEtMTYvZW50aXR5L1BBTExFVF9jNzkwYzRmMi04NWYwLTRjZjQtOWMwOC04NDZlYzQ5ZTNmNGFhcm46YXdzOmlvdHR3aW5tYWtlcjp1cy1lYXN0LTE6MTY2ODAwNzY5MTc5OndvcmtzcGFjZS9Db29raWVGYWN0b3J5LTExLTE2L2VudGl0eS9Nb3Rpb25JbmRpY2F0b3JXaWRnZXRfMl82ZjcyMmY4NC0zMGM4LTQyNmQtYWU3Yy1mOTQwNjc0ZDgyZjlhcm46YXdzOmlvdHR3aW5tYWtlcjp1cy1lYXN0LTE6MTY2ODAwNzY5MTc5OndvcmtzcGFjZS9Db29raWVGYWN0b3J5LTExLTE2L2VudGl0eS9GUkVFWkVSX1RVTk5FTF9jNzI2YTIxZS04ZmQ0LTQyMTAtYjcxZS0wZWY5YWNjNTlkOTdhcm46YXdzOmlvdHR3aW5tYWtlcjp1cy1lYXN0LTE6MTY2ODAwNzY5MTc5OndvcmtzcGFjZS9Db29raWVGYWN0b3J5LTExLTE2L2VudGl0eS9Db29raWVMaW5lc19hN2E0N2IzYy04ZGUwLTQyODMtYmYzZi00MTc3YmMwNDY0ZWRhcm46YXdzOmlvdHR3aW5tYWtlcjp1cy1lYXN0LTE6MTY2ODAwNzY5MTc5OndvcmtzcGFjZS9Db29raWVGYWN0b3J5LTExLTE2L2VudGl0eS9NaXhlcl84X2ZjNmU1MmRkLTE2MDAtNDAyZi1hZWU3LTRkMTdlY2E2OGQ1ZmFybjphd3M6aW90dHdpbm1ha2VyOnVzLWVhc3QtMToxNjY4MDA3NjkxNzk6d29ya3NwYWNlL0Nvb2tpZUZhY3RvcnktMTEtMTYvZW50aXR5L09mZmljZV9IYWxsd2F5X2Q3NzM4YjBjLTdhOWQtNDc5MS1hNDlkLWRkYzUyMGY1MDIxMmFybjphd3M6aW90dHdpbm1ha2VyOnVzLWVhc3QtMToxNjY4MDA3NjkxNzk6d29ya3NwYWNlL0Nvb2tpZUZhY3RvcnktMTEtMTYvZW50aXR5L01peGVyXzE3XzBhNzFiMzIxLTdmZjktNDYyNC1hODk0LWQwYTQ1NDFkNjMwY2Fybjphd3M6aW90dHdpbm1ha2VyOnVzLWVhc3QtMToxNjY4MDA3NjkxNzk6d29ya3NwYWNlL0Nvb2tpZUZhY3RvcnktMTEtMTYvZW50aXR5L1BMQVNUSUNfTElORVJfMjNkZjJhNzItMzBkNi00ZjhmLWJjMTUtOTVhOGU5NDViNGZhYXJuOmF3czppb3R0d2lubWFrZXI6dXMtZWFzdC0xOjE2NjgwMDc2OTE3OTp3b3Jrc3BhY2UvQ29va2llRmFjdG9yeS0xMS0xNi9lbnRpdHkvQ09OVkVZT1JfU1RSSUdIVF85YzYyYzU0Ni1mOGVmLTQ4OWQtOTkzOC1kNDZhMTJjOTdmMzJhcm46YXdzOmlvdHR3aW5tYWtlcjp1cy1lYXN0LTE6MTY2ODAwNzY5MTc5OndvcmtzcGFjZS9Db29raWVGYWN0b3J5LTExLTE2L2VudGl0eS9PZmZpY2VfU3BhY2VfM2MxZTFiZGUtYjg0Mi00OTZkLTk4MzItYTFjN2RiNWQ4NWFiYXJuOmF3czppb3R0d2lubWFrZXI6dXMtZWFzdC0xOjE2NjgwMDc2OTE3OTp3b3Jrc3BhY2UvQ29va2llRmFjdG9yeS0xMS0xNi9lbnRpdHkvQ09OVkVZT1JfUklHSFRfVFVSTl81NDk3MjE5NC05Mzk0LTQxNTgtYTEyMi0xMzhhN2U0YTY2NTRhcm46YXdzOmlvdHR3aW5tYWtlcjp1cy1lYXN0LTE6MTY2ODAwNzY5MTc5OndvcmtzcGFjZS9Db29raWVGYWN0b3J5LTExLTE2L2VudGl0eS9NaXhlcl8xNV8zYmEyOWFjMi02ZmNjLTQ4ODQtYTk2ZS1mY2FiMzljYWEzNWZhcm46YXdzOmlvdHR3aW5tYWtlcjp1cy1lYXN0LTE6MTY2ODAwNzY5MTc5OndvcmtzcGFjZS9Db29raWVGYWN0b3J5LTExLTE2L2VudGl0eS9NaXhlcl8xOV8wMDJhMGJmZC03OGYyLTQ3ZDUtYjY5NC03M2ZmZWIwYmU5ZWVhcm46YXdzOmlvdHR3aW5tYWtlcjp1cy1lYXN0LTE6MTY2ODAwNzY5MTc5OndvcmtzcGFjZS9Db29raWVGYWN0b3J5LTExLTE2L2VudGl0eS9PZmZpY2VfUm9vbV9HX2Q4NGRhNDFjLTMzYTMtNGM1YS1hMGNhLWEyMDNiZjVhMmZhZmFybjphd3M6aW90dHdpbm1ha2VyOnVzLWVhc3QtMToxNjY4MDA3NjkxNzk6d29ya3NwYWNlL0Nvb2tpZUZhY3RvcnktMTEtMTYvZW50aXR5L01vdGlvbkluZGljYXRvcldpZGdldF8yX2I5ZTM3OGM5LTJlYTYtNDA0MS04NDlmLTMyZDc4ZDIzOTJkMGFybjphd3M6aW90dHdpbm1ha2VyOnVzLWVhc3QtMToxNjY4MDA3NjkxNzk6d29ya3NwYWNlL0Nvb2tpZUZhY3RvcnktMTEtMTYvZW50aXR5L0JPWF9FUkVDVE9SXzE3MGM1ZTIxLTQ0MWQtNDE4MS1hYjNhLWY3ZDAxZWRkZjFiOGFybjphd3M6aW90dHdpbm1ha2VyOnVzLWVhc3QtMToxNjY4MDA3NjkxNzk6d29ya3NwYWNlL0Nvb2tpZUZhY3RvcnktMTEtMTYvZW50aXR5L01peGVyXzIwXzQzNDVjNzE5LWNmNzYtNGM0Zi04YzEwLTM1YzY5NTE0ZTYwNmFybjphd3M6aW90dHdpbm1ha2VyOnVzLWVhc3QtMToxNjY4MDA3NjkxNzk6d29ya3NwYWNlL0Nvb2tpZUZhY3RvcnktMTEtMTYvZW50aXR5L1ZlcnRpY2FsQ29udmV5b3JfMTk4OWRhYTItN2I2Yi00NzE3LWEyMzMtNWY3MDgwNzNlZTRlYXJuOmF3czppb3R0d2lubWFrZXI6dXMtZWFzdC0xOjE2NjgwMDc2OTE3OTp3b3Jrc3BhY2UvQ29va2llRmFjdG9yeS0xMS0xNi9lbnRpdHkvRlJFRVpFUl9UVU5ORUxfMmYyMTcyNmQtNjRmOS00ZTkyLTg2ZTItYjhkMWJiM2U1NGQ3YXJuOmF3czppb3R0d2lubWFrZXI6dXMtZWFzdC0xOjE2NjgwMDc2OTE3OTp3b3Jrc3BhY2UvQ29va2llRmFjdG9yeS0xMS0xNi9lbnRpdHkvQ09OVkVZT1JfTEVGVF9UVVJOX2Y1MThjYzQzLTkwZDYtNGM3Ny1iZjA2LWEwOTYwODAyMzRhYWFybjphd3M6aW90dHdpbm1ha2VyOnVzLWVhc3QtMToxNjY4MDA3NjkxNzk6d29ya3NwYWNlL0Nvb2tpZUZhY3RvcnktMTEtMTYvZW50aXR5L0JPWF9TRUFMRVJfOTFiY2VhYmMtZWYzZi00NzgzLWEwODAtMTBmYTI1NTU3ZmY4YXJuOmF3czppb3R0d2lubWFrZXI6dXMtZWFzdC0xOjE2NjgwMDc2OTE3OTp3b3Jrc3BhY2UvQ29va2llRmFjdG9yeS0xMS0xNi9lbnRpdHkvTWl4ZXJfMjJfZDEzM2M5ZDAtNDcyYy00OGJiLThmMTQtNTRmMzg5MGJjMGZlYXJuOmF3czppb3R0d2lubWFrZXI6dXMtZWFzdC0xOjE2NjgwMDc2OTE3OTp3b3Jrc3BhY2UvQ29va2llRmFjdG9yeS0xMS0xNi9lbnRpdHkvTWl4ZXJfMjFfYTJmYjM5YmEtN2M3Ni00MDY0LTkxZjgtNzkyNzE4YjY0ZmM1YXJuOmF3czppb3R0d2lubWFrZXI6dXMtZWFzdC0xOjE2NjgwMDc2OTE3OTp3b3Jrc3BhY2UvQ29va2llRmFjdG9yeS0xMS0xNi9lbnRpdHkvTWl4ZXJfMTNfNjhiYjA5ZGQtN2Y4OS00NmVlLWIwMGEtZjVhMTEyNmU1ZTVkYXJuOmF3czppb3R0d2lubWFrZXI6dXMtZWFzdC0xOjE2NjgwMDc2OTE3OTp3b3Jrc3BhY2UvQ29va2llRmFjdG9yeS0xMS0xNi9lbnRpdHkvQ09PS0lFX0ZPUk1FUl85M2JhZTE2Yy05Y2FmLTQyODEtODUwOS1lMDQ0ZGQxN2ZhMzRhcm46YXdzOmlvdHR3aW5tYWtlcjp1cy1lYXN0LTE6MTY2ODAwNzY5MTc5OndvcmtzcGFjZS9Db29raWVGYWN0b3J5LTExLTE2L2VudGl0eS9Nb3Rpb25JbmRpY2F0b3JXaWRnZXRfMV9kZGQ1ODQ5Zi1jZTVjLTRjNmEtODA1Ni1jODI5ZWJlZTdjMjZhcm46YXdzOmlvdHR3aW5tYWtlcjp1cy1lYXN0LTE6MTY2ODAwNzY5MTc5OndvcmtzcGFjZS9Db29raWVGYWN0b3J5LTExLTE2L2VudGl0eS9MQUJFTElOR19CRUxUXzVmOThmZmQyLWNlZDEtNDhkZC1hMTExLWUzNTAzYjRlODUzMmFybjphd3M6aW90dHdpbm1ha2VyOnVzLWVhc3QtMToxNjY4MDA3NjkxNzk6d29ya3NwYWNlL0Nvb2tpZUZhY3RvcnktMTEtMTYvZW50aXR5L1NpdGVXYXRjaENhbWVyYXNfZDYyMTMxMGEtZTk0YS00ODQwLWEzYWEtYmEwYmJhNGM3ZjgxYXJuOmF3czppb3R0d2lubWFrZXI6dXMtZWFzdC0xOjE2NjgwMDc2OTE3OTp3b3Jrc3BhY2UvQ29va2llRmFjdG9yeS0xMS0xNi9lbnRpdHkvTWl4ZXJfM18zMjE4YzZkOC02MjdlLTQ2NWYtOWFlYS1jZGJjZDIxMjYyNWIQAAAADAAUABIADAAIAAQADAAAABAAAAAsAAAAOAAAAAAAAwABAAAA2AIAAAAAAACQAQAAAAAAAIBaAAAAAAAAAAAAAAAAAAAAAAoADAAAAAgABAAKAAAACAAAAIAAAAADAAAATAAAACgAAAAEAAAAzP3//wgAAAAMAAAAAAAAAAAAAAAFAAAAcmVmSWQAAADs/f//CAAAAAwAAAAAAAAAAAAAAAQAAABuYW1lAAAAAAz+//8IAAAAGAAAAA0AAAB7ImN1c3RvbSI6e319AAAABAAAAG1ldGEAAAAABQAAAKQBAAA4AQAA1AAAAGwAAAAEAAAAgv7//xQAAAA4AAAAOAAAAAAABQE0AAAAAQAAAAQAAABw/v//CAAAAAwAAAADAAAAYXJuAAQAAABuYW1lAAAAAAAAAABg/v//AwAAAGFybgAAABIAGAAUAAAAEwAMAAAACAAEABIAAAAUAAAAPAAAAEQAAAAAAAAKRAAAAAEAAAAEAAAA1P7//wgAAAAQAAAABwAAAGNyZWF0ZWQABAAAAG5hbWUAAAAAAAAAAAAABgAIAAYABgAAAAAAAwAHAAAAY3JlYXRlZABK////FAAAAEAAAABAAAAAAAAFATwAAAABAAAABAAAADj///8IAAAAFAAAAAsAAABkZXNjcmlwdGlvbgAEAAAAbmFtZQAAAAAAAAAAMP///wsAAABkZXNjcmlwdGlvbgCq////FAAAADwAAAA8AAAAAAAFATgAAAABAAAABAAAAJj///8IAAAAEAAAAAQAAABuYW1lAAAAAAQAAABuYW1lAAAAAAAAAACM////BAAAAG5hbWUAABIAGAAUABMAEgAMAAAACAAEABIAAAAUAAAASAAAAEwAAAAAAAUBSAAAAAEAAAAMAAAACAAMAAgABAAIAAAACAAAABQAAAAIAAAAZW50aXR5SWQAAAAABAAAAG5hbWUAAAAAAAAAAAQABAAEAAAACAAAAGVudGl0eUlkAAAAAPACAABBUlJPVzE=
